Sep  4 13:14:32 gchopin kernel: klogd 1.5.1, log source = /proc/kmsg started.
Sep  4 13:14:32 gchopin kernel: Inspecting /boot/System.map
Sep  4 13:14:32 gchopin kernel: Cannot find map file.
Sep  4 13:14:32 gchopin kernel: Loaded 158814 symbols from 8 modules.
Sep  4 13:14:32 gchopin kernel: [    0.000000] Linux version 6.11.0-rc6-next-20240904 (root@gchopin) (gcc (GCC) 13.2.0, GNU ld (GNU Binutils) 2.41) #1 SMP PREEMPT_DYNAMIC Wed Sep  4 12:19:40 CEST 2024
Sep  4 13:14:32 gchopin kernel: [    0.000000] Command line: BOOT_IMAGE=/vmlinuz-6.11-rc6-gchopin-next root=PARTUUID=643facfc-03 ro
Sep  4 13:14:32 gchopin kernel: [    0.000000] BIOS-provided physical RAM map:
Sep  4 13:14:32 gchopin kernel: [    0.000000] BIOS-e820: [mem 0x0000000000000000-0x000000000009fbff] usable
Sep  4 13:14:32 gchopin kernel: [    0.000000] BIOS-e820: [mem 0x000000000009fc00-0x000000000009ffff] reserved
Sep  4 13:14:32 gchopin kernel: [    0.000000] BIOS-e820: [mem 0x00000000000f0000-0x00000000000fffff] reserved
Sep  4 13:14:32 gchopin kernel: [    0.000000] BIOS-e820: [mem 0x0000000000100000-0x00000000dffeffff] usable
Sep  4 13:14:32 gchopin kernel: [    0.000000] BIOS-e820: [mem 0x00000000dfff0000-0x00000000dfffffff] ACPI data
Sep  4 13:14:32 gchopin kernel: [    0.000000] BIOS-e820: [mem 0x00000000fec00000-0x00000000fec00fff] reserved
Sep  4 13:14:32 gchopin kernel: [    0.000000] BIOS-e820: [mem 0x00000000fee00000-0x00000000fee00fff] reserved
Sep  4 13:14:32 gchopin kernel: [    0.000000] BIOS-e820: [mem 0x00000000fffc0000-0x00000000ffffffff] reserved
Sep  4 13:14:32 gchopin kernel: [    0.000000] BIOS-e820: [mem 0x0000000100000000-0x000000029fffffff] usable
Sep  4 13:14:32 gchopin kernel: [    0.000000] NX (Execute Disable) protection: active
Sep  4 13:14:32 gchopin kernel: [    0.000000] APIC: Static calls initialized
Sep  4 13:14:32 gchopin kernel: [    0.000000] SMBIOS 2.5 present.
Sep  4 13:14:32 gchopin kernel: [    0.000000] DMI: innotek GmbH VirtualBox/VirtualBox, BIOS VirtualBox 12/01/2006
Sep  4 13:14:32 gchopin kernel: [    0.000000] DMI: Memory slots populated: 0/0
Sep  4 13:14:32 gchopin kernel: [    0.000000] Hypervisor detected: KVM
Sep  4 13:14:32 gchopin kernel: [    0.000000] kvm-clock: Using msrs 4b564d01 and 4b564d00
Sep  4 13:14:32 gchopin kernel: [    0.000002] kvm-clock: using sched offset of 5853609407 cycles
Sep  4 13:14:32 gchopin kernel: [    0.000005] clocksource: kvm-clock: mask: 0xffffffffffffffff max_cycles: 0x1cd42e4dffb, max_idle_ns: 881590591483 ns
Sep  4 13:14:32 gchopin kernel: [    0.000008] tsc: Detected 2496.000 MHz processor
Sep  4 13:14:32 gchopin kernel: [    0.001251] e820: update [mem 0x00000000-0x00000fff] usable ==> reserved
Sep  4 13:14:32 gchopin kernel: [    0.001254] e820: remove [mem 0x000a0000-0x000fffff] usable
Sep  4 13:14:32 gchopin kernel: [    0.001260] last_pfn = 0x2a0000 max_arch_pfn = 0x400000000
Sep  4 13:14:32 gchopin kernel: [    0.001267] MTRRs disabled by BIOS
Sep  4 13:14:32 gchopin kernel: [    0.001269] x86/PAT: Configuration [0-7]: WB  WC  UC- UC  WB  WP  UC- WT  
Sep  4 13:14:32 gchopin kernel: [    0.001276] last_pfn = 0xe0000 max_arch_pfn = 0x400000000
Sep  4 13:14:32 gchopin kernel: [    0.001317] found SMP MP-table at [mem 0x0009fff0-0x0009ffff]
Sep  4 13:14:32 gchopin kernel: [    0.001325] Incomplete global flushes, disabling PCID
Sep  4 13:14:32 gchopin kernel: [    0.001661] ACPI: Early table checksum verification disabled
Sep  4 13:14:32 gchopin kernel: [    0.001663] ACPI: RSDP 0x00000000000E0000 000024 (v02 VBOX  )
Sep  4 13:14:32 gchopin kernel: [    0.001668] ACPI: XSDT 0x00000000DFFF0030 00003C (v01 VBOX   VBOXXSDT 00000001 ASL  00000061)
Sep  4 13:14:32 gchopin kernel: [    0.001673] ACPI: FACP 0x00000000DFFF00F0 0000F4 (v04 VBOX   VBOXFACP 00000001 ASL  00000061)
Sep  4 13:14:32 gchopin kernel: [    0.001676] ACPI: DSDT 0x00000000DFFF0620 002353 (v02 VBOX   VBOXBIOS 00000002 INTL 20100528)
Sep  4 13:14:32 gchopin kernel: [    0.001679] ACPI: FACS 0x00000000DFFF0200 000040
Sep  4 13:14:32 gchopin kernel: [    0.001680] ACPI: FACS 0x00000000DFFF0200 000040
Sep  4 13:14:32 gchopin kernel: [    0.001682] ACPI: APIC 0x00000000DFFF0240 00006C (v02 VBOX   VBOXAPIC 00000001 ASL  00000061)
Sep  4 13:14:32 gchopin kernel: [    0.001684] ACPI: SSDT 0x00000000DFFF02B0 00036C (v01 VBOX   VBOXCPUT 00000002 INTL 20100528)
Sep  4 13:14:32 gchopin kernel: [    0.001686] ACPI: Reserving FACP table memory at [mem 0xdfff00f0-0xdfff01e3]
Sep  4 13:14:32 gchopin kernel: [    0.001687] ACPI: Reserving DSDT table memory at [mem 0xdfff0620-0xdfff2972]
Sep  4 13:14:32 gchopin kernel: [    0.001688] ACPI: Reserving FACS table memory at [mem 0xdfff0200-0xdfff023f]
Sep  4 13:14:32 gchopin kernel: [    0.001689] ACPI: Reserving FACS table memory at [mem 0xdfff0200-0xdfff023f]
Sep  4 13:14:32 gchopin kernel: [    0.001689] ACPI: Reserving APIC table memory at [mem 0xdfff0240-0xdfff02ab]
Sep  4 13:14:32 gchopin kernel: [    0.001690] ACPI: Reserving SSDT table memory at [mem 0xdfff02b0-0xdfff061b]
Sep  4 13:14:32 gchopin kernel: [    0.001884] No NUMA configuration found
Sep  4 13:14:32 gchopin kernel: [    0.001884] Faking a node at [mem 0x0000000000000000-0x000000029fffffff]
Sep  4 13:14:32 gchopin kernel: [    0.001887] NODE_DATA(0) allocated [mem 0x29fff6940-0x29fff9fff]
Sep  4 13:14:32 gchopin kernel: [    0.001903] Zone ranges:
Sep  4 13:14:32 gchopin kernel: [    0.001903]   DMA      [mem 0x0000000000001000-0x0000000000ffffff]
Sep  4 13:14:32 gchopin kernel: [    0.001905]   DMA32    [mem 0x0000000001000000-0x00000000ffffffff]
Sep  4 13:14:32 gchopin kernel: [    0.001906]   Normal   [mem 0x0000000100000000-0x000000029fffffff]
Sep  4 13:14:32 gchopin kernel: [    0.001907] Movable zone start for each node
Sep  4 13:14:32 gchopin kernel: [    0.001908] Early memory node ranges
Sep  4 13:14:32 gchopin kernel: [    0.001909]   node   0: [mem 0x0000000000001000-0x000000000009efff]
Sep  4 13:14:32 gchopin kernel: [    0.001910]   node   0: [mem 0x0000000000100000-0x00000000dffeffff]
Sep  4 13:14:32 gchopin kernel: [    0.001911]   node   0: [mem 0x0000000100000000-0x000000029fffffff]
Sep  4 13:14:32 gchopin kernel: [    0.001912] Initmem setup node 0 [mem 0x0000000000001000-0x000000029fffffff]
Sep  4 13:14:32 gchopin kernel: [    0.001962] On node 0, zone DMA: 1 pages in unavailable ranges
Sep  4 13:14:32 gchopin kernel: [    0.001983] On node 0, zone DMA: 97 pages in unavailable ranges
Sep  4 13:14:32 gchopin kernel: [    0.017839] On node 0, zone Normal: 16 pages in unavailable ranges
Sep  4 13:14:32 gchopin kernel: [    0.018321] ACPI: PM-Timer IO Port: 0x4008
Sep  4 13:14:32 gchopin kernel: [    0.018373] IOAPIC[0]: apic_id 4, version 32, address 0xfec00000, GSI 0-23
Sep  4 13:14:32 gchopin kernel: [    0.018376] ACPI: INT_SRC_OVR (bus 0 bus_irq 0 global_irq 2 dfl dfl)
Sep  4 13:14:32 gchopin kernel: [    0.018378] ACPI: INT_SRC_OVR (bus 0 bus_irq 9 global_irq 9 low level)
Sep  4 13:14:32 gchopin kernel: [    0.018381] ACPI: Using ACPI (MADT) for SMP configuration information
Sep  4 13:14:32 gchopin kernel: [    0.018387] CPU topo: Max. logical packages:   1
Sep  4 13:14:32 gchopin kernel: [    0.018388] CPU topo: Max. logical dies:       1
Sep  4 13:14:32 gchopin kernel: [    0.018388] CPU topo: Max. dies per package:   1
Sep  4 13:14:32 gchopin kernel: [    0.018393] CPU topo: Max. threads per core:   1
Sep  4 13:14:32 gchopin kernel: [    0.018393] CPU topo: Num. cores per package:     4
Sep  4 13:14:32 gchopin kernel: [    0.018394] CPU topo: Num. threads per package:   4
Sep  4 13:14:32 gchopin kernel: [    0.018394] CPU topo: Allowing 4 present CPUs plus 0 hotplug CPUs
Sep  4 13:14:32 gchopin kernel: [    0.018411] PM: hibernation: Registered nosave memory: [mem 0x00000000-0x00000fff]
Sep  4 13:14:32 gchopin kernel: [    0.018413] PM: hibernation: Registered nosave memory: [mem 0x0009f000-0x0009ffff]
Sep  4 13:14:32 gchopin kernel: [    0.018413] PM: hibernation: Registered nosave memory: [mem 0x000a0000-0x000effff]
Sep  4 13:14:32 gchopin kernel: [    0.018414] PM: hibernation: Registered nosave memory: [mem 0x000f0000-0x000fffff]
Sep  4 13:14:32 gchopin kernel: [    0.018415] PM: hibernation: Registered nosave memory: [mem 0xdfff0000-0xdfffffff]
Sep  4 13:14:32 gchopin kernel: [    0.018416] PM: hibernation: Registered nosave memory: [mem 0xe0000000-0xfebfffff]
Sep  4 13:14:32 gchopin kernel: [    0.018416] PM: hibernation: Registered nosave memory: [mem 0xfec00000-0xfec00fff]
Sep  4 13:14:32 gchopin kernel: [    0.018417] PM: hibernation: Registered nosave memory: [mem 0xfec01000-0xfedfffff]
Sep  4 13:14:32 gchopin kernel: [    0.018417] PM: hibernation: Registered nosave memory: [mem 0xfee00000-0xfee00fff]
Sep  4 13:14:32 gchopin kernel: [    0.018418] PM: hibernation: Registered nosave memory: [mem 0xfee01000-0xfffbffff]
Sep  4 13:14:32 gchopin kernel: [    0.018419] PM: hibernation: Registered nosave memory: [mem 0xfffc0000-0xffffffff]
Sep  4 13:14:32 gchopin kernel: [    0.018420] [mem 0xe0000000-0xfebfffff] available for PCI devices
Sep  4 13:14:32 gchopin kernel: [    0.018421] Booting paravirtualized kernel on KVM
Sep  4 13:14:32 gchopin kernel: [    0.018422] clocksource: refined-jiffies: mask: 0xffffffff max_cycles: 0xffffffff, max_idle_ns: 1910969940391419 ns
Sep  4 13:14:32 gchopin kernel: [    0.024715] setup_percpu: NR_CPUS:64 nr_cpumask_bits:4 nr_cpu_ids:4 nr_node_ids:1
Sep  4 13:14:32 gchopin kernel: [    0.024953] percpu: Embedded 56 pages/cpu s192408 r8192 d28776 u524288
Sep  4 13:14:32 gchopin kernel: [    0.024957] pcpu-alloc: s192408 r8192 d28776 u524288 alloc=1*2097152
Sep  4 13:14:32 gchopin kernel: [    0.024959] pcpu-alloc: [0] 0 1 2 3 
Sep  4 13:14:32 gchopin kernel: [    0.024976] Kernel command line: BOOT_IMAGE=/vmlinuz-6.11-rc6-gchopin-next root=PARTUUID=643facfc-03 ro
Sep  4 13:14:32 gchopin kernel: [    0.024998] Unknown kernel command line parameters "BOOT_IMAGE=/vmlinuz-6.11-rc6-gchopin-next", will be passed to user space.
Sep  4 13:14:32 gchopin kernel: [    0.025008] random: crng init done
Sep  4 13:14:32 gchopin kernel: [    0.026548] Dentry cache hash table entries: 2097152 (order: 12, 16777216 bytes, linear)
Sep  4 13:14:32 gchopin kernel: [    0.027365] Inode-cache hash table entries: 1048576 (order: 11, 8388608 bytes, linear)
Sep  4 13:14:32 gchopin kernel: [    0.027414] Fallback order for Node 0: 0 
Sep  4 13:14:32 gchopin kernel: [    0.027416] Built 1 zonelists, mobility grouping on.  Total pages: 2621326
Sep  4 13:14:32 gchopin kernel: [    0.027417] Policy zone: Normal
Sep  4 13:14:32 gchopin kernel: [    0.027418] mem auto-init: stack:all(zero), heap alloc:off, heap free:off
Sep  4 13:14:32 gchopin kernel: [    0.027421] software IO TLB: area num 4.
Sep  4 13:14:32 gchopin kernel: [    0.053538] SLUB: HWalign=64, Order=0-3, MinObjects=0, CPUs=4, Nodes=1
Sep  4 13:14:32 gchopin kernel: [    0.054523] Dynamic Preempt: voluntary
Sep  4 13:14:32 gchopin kernel: [    0.054598] rcu: Preemptible hierarchical RCU implementation.
Sep  4 13:14:32 gchopin kernel: [    0.054599] rcu: ^IRCU event tracing is enabled.
Sep  4 13:14:32 gchopin kernel: [    0.054599] rcu: ^IRCU restricting CPUs from NR_CPUS=64 to nr_cpu_ids=4.
Sep  4 13:14:32 gchopin kernel: [    0.054601] ^ITrampoline variant of Tasks RCU enabled.
Sep  4 13:14:32 gchopin kernel: [    0.054601] rcu: RCU calculated value of scheduler-enlistment delay is 100 jiffies.
Sep  4 13:14:32 gchopin kernel: [    0.054602] rcu: Adjusting geometry for rcu_fanout_leaf=16, nr_cpu_ids=4
Sep  4 13:14:32 gchopin kernel: [    0.054606] RCU Tasks: Setting shift to 2 and lim to 1 rcu_task_cb_adjust=1 rcu_task_cpu_ids=4.
Sep  4 13:14:32 gchopin kernel: [    0.055703] NR_IRQS: 4352, nr_irqs: 456, preallocated irqs: 16
Sep  4 13:14:32 gchopin kernel: [    0.055888] rcu: srcu_init: Setting srcu_struct sizes based on contention.
Sep  4 13:14:32 gchopin kernel: [    0.061802] Console: colour VGA+ 80x25
Sep  4 13:14:32 gchopin kernel: [    0.061807] printk: legacy console [tty0] enabled
Sep  4 13:14:32 gchopin kernel: [    0.091829] ACPI: Core revision 20240827
Sep  4 13:14:32 gchopin kernel: [    0.092107] APIC: Switch to symmetric I/O mode setup
Sep  4 13:14:32 gchopin kernel: [    0.092582] x2apic enabled
Sep  4 13:14:32 gchopin kernel: [    0.093038] APIC: Switched APIC routing to: physical x2apic
Sep  4 13:14:32 gchopin kernel: [    0.094424] ..TIMER: vector=0x30 apic1=0 pin1=2 apic2=-1 pin2=-1
Sep  4 13:14:32 gchopin kernel: [    0.094704] clocksource: tsc-early: mask: 0xffffffffffffffff max_cycles: 0x23fa772cf26, max_idle_ns: 440795269835 ns
Sep  4 13:14:32 gchopin kernel: [    0.095136] Calibrating delay loop (skipped) preset value.. 4992.00 BogoMIPS (lpj=2496000)
Sep  4 13:14:32 gchopin kernel: [    0.095634] Last level iTLB entries: 4KB 0, 2MB 0, 4MB 0
Sep  4 13:14:32 gchopin kernel: [    0.095872] Last level dTLB entries: 4KB 0, 2MB 0, 4MB 0, 1GB 0
Sep  4 13:14:32 gchopin kernel: [    0.096133] Spectre V1 : Mitigation: usercopy/swapgs barriers and __user pointer sanitization
Sep  4 13:14:32 gchopin kernel: [    0.096133] Spectre V2 : Spectre BHI mitigation: SW BHB clearing on syscall and VM exit
Sep  4 13:14:32 gchopin kernel: [    0.096133] Spectre V2 : Mitigation: Retpolines
Sep  4 13:14:32 gchopin kernel: [    0.096133] Spectre V2 : Spectre v2 / SpectreRSB mitigation: Filling RSB on context switch
Sep  4 13:14:32 gchopin kernel: [    0.096133] Spectre V2 : Spectre v2 / SpectreRSB : Filling RSB on VMEXIT
Sep  4 13:14:32 gchopin kernel: [    0.096137] Speculative Store Bypass: Vulnerable
Sep  4 13:14:32 gchopin kernel: [    0.096356] Register File Data Sampling: Vulnerable: No microcode
Sep  4 13:14:32 gchopin kernel: [    0.096628] x86/fpu: Supporting XSAVE feature 0x001: 'x87 floating point registers'
Sep  4 13:14:32 gchopin kernel: [    0.096988] x86/fpu: Supporting XSAVE feature 0x002: 'SSE registers'
Sep  4 13:14:32 gchopin kernel: [    0.097133] x86/fpu: Supporting XSAVE feature 0x004: 'AVX registers'
Sep  4 13:14:32 gchopin kernel: [    0.097133] x86/fpu: xstate_offset[2]:  576, xstate_sizes[2]:  256
Sep  4 13:14:32 gchopin kernel: [    0.097133] x86/fpu: Enabled xstate features 0x7, context size is 832 bytes, using 'standard' format.
Sep  4 13:14:32 gchopin kernel: [    0.115648] Freeing SMP alternatives memory: 44K
Sep  4 13:14:32 gchopin kernel: [    0.115889] pid_max: default: 32768 minimum: 301
Sep  4 13:14:32 gchopin kernel: [    0.116150] LSM: initializing lsm=capability,selinux
Sep  4 13:14:32 gchopin kernel: [    0.116406] SELinux:  Initializing.
Sep  4 13:14:32 gchopin kernel: [    0.116763] Mount-cache hash table entries: 32768 (order: 6, 262144 bytes, linear)
Sep  4 13:14:32 gchopin kernel: [    0.117222] Mountpoint-cache hash table entries: 32768 (order: 6, 262144 bytes, linear)
Sep  4 13:14:32 gchopin kernel: [    0.223562] APIC calibration not consistent with PM-Timer: 101ms instead of 100ms
Sep  4 13:14:32 gchopin kernel: [    0.223928] APIC delta adjusted to PM-Timer: 6270912 (6341864)
Sep  4 13:14:32 gchopin kernel: [    0.224206] smpboot: CPU0: 12th Gen Intel(R) Core(TM) i5-12400F (family: 0x6, model: 0x97, stepping: 0x2)
Sep  4 13:14:32 gchopin kernel: [    0.224769] Performance Events: unsupported p6 CPU model 151 no PMU driver, software events only.
Sep  4 13:14:32 gchopin kernel: [    0.225133] signal: max sigframe size: 1776
Sep  4 13:14:32 gchopin kernel: [    0.225133] rcu: Hierarchical SRCU implementation.
Sep  4 13:14:32 gchopin kernel: [    0.225133] rcu: ^IMax phase no-delay instances is 400.
Sep  4 13:14:32 gchopin kernel: [    0.225133] Timer migration: 1 hierarchy levels; 8 children per group; 1 crossnode level
Sep  4 13:14:32 gchopin kernel: [    0.225275] smp: Bringing up secondary CPUs ...
Sep  4 13:14:32 gchopin kernel: [    0.225557] smpboot: x86: Booting SMP configuration:
Sep  4 13:14:32 gchopin kernel: [    0.226135] .... node  #0, CPUs:      #1 #2 #3
Sep  4 13:14:32 gchopin kernel: [    0.231179] smp: Brought up 1 node, 4 CPUs
Sep  4 13:14:32 gchopin kernel: [    0.232363] smpboot: Total of 4 processors activated (19968.00 BogoMIPS)
Sep  4 13:14:32 gchopin kernel: [    0.235135] psi: inconsistent task state! task=15:rcu_preempt cpu=0 psi_flags=4 clear=0 set=4
Sep  4 13:14:32 gchopin kernel: [    0.235366] Memory: 10188756K/10485304K available (16384K kernel code, 2615K rwdata, 6072K rodata, 2612K init, 2152K bss, 291204K reserved, 0K cma-reserved)
Sep  4 13:14:32 gchopin kernel: [    0.236172] devtmpfs: initialized
Sep  4 13:14:32 gchopin kernel: [    0.236521] clocksource: jiffies: mask: 0xffffffff max_cycles: 0xffffffff, max_idle_ns: 1911260446275000 ns
Sep  4 13:14:32 gchopin kernel: [    0.237136] futex hash table entries: 1024 (order: 4, 65536 bytes, linear)
Sep  4 13:14:32 gchopin kernel: [    0.237524] PM: RTC time: 11:14:23, date: 2024-09-04
Sep  4 13:14:32 gchopin kernel: [    0.238166] NET: Registered PF_NETLINK/PF_ROUTE protocol family
Sep  4 13:14:32 gchopin kernel: [    0.238493] audit: initializing netlink subsys (disabled)
Sep  4 13:14:32 gchopin kernel: [    0.238763] audit: type=2000 audit(1725448470.089:1): state=initialized audit_enabled=0 res=1
Sep  4 13:14:32 gchopin kernel: [    0.238763] thermal_sys: Registered thermal governor 'step_wise'
Sep  4 13:14:32 gchopin kernel: [    0.239136] thermal_sys: Registered thermal governor 'user_space'
Sep  4 13:14:32 gchopin kernel: [    0.239410] cpuidle: using governor menu
Sep  4 13:14:32 gchopin kernel: [    0.240001] PCI: Using configuration type 1 for base access
Sep  4 13:14:32 gchopin kernel: [    0.240198] kprobes: kprobe jump-optimization is enabled. All kprobes are optimized if possible.
Sep  4 13:14:32 gchopin kernel: [    0.241229] HugeTLB: registered 2.00 MiB page size, pre-allocated 0 pages
Sep  4 13:14:32 gchopin kernel: [    0.241527] HugeTLB: 28 KiB vmemmap can be freed for a 2.00 MiB page
Sep  4 13:14:32 gchopin kernel: [    0.245173] ACPI: Added _OSI(Module Device)
Sep  4 13:14:32 gchopin kernel: [    0.245391] ACPI: Added _OSI(Processor Device)
Sep  4 13:14:32 gchopin kernel: [    0.245626] ACPI: Added _OSI(3.0 _SCP Extensions)
Sep  4 13:14:32 gchopin kernel: [    0.245855] ACPI: Added _OSI(Processor Aggregator Device)
Sep  4 13:14:32 gchopin kernel: [    0.247568] ACPI: 2 ACPI AML tables successfully acquired and loaded
Sep  4 13:14:32 gchopin kernel: [    0.249618] ACPI: Interpreter enabled
Sep  4 13:14:32 gchopin kernel: [    0.249618] ACPI: PM: (supports S0 S5)
Sep  4 13:14:32 gchopin kernel: [    0.250134] ACPI: Using IOAPIC for interrupt routing
Sep  4 13:14:32 gchopin kernel: [    0.250474] PCI: Using host bridge windows from ACPI; if necessary, use "pci=nocrs" and report a bug
Sep  4 13:14:32 gchopin kernel: [    0.250878] PCI: Using E820 reservations for host bridge windows
Sep  4 13:14:32 gchopin kernel: [    0.251190] ACPI: Enabled 2 GPEs in block 00 to 07
Sep  4 13:14:32 gchopin kernel: [    0.254677] ACPI: PCI Root Bridge [PCI0] (domain 0000 [bus 00-ff])
Sep  4 13:14:32 gchopin kernel: [    0.254960] acpi PNP0A03:00: _OSC: OS supports [ASPM ClockPM Segments MSI HPX-Type3]
Sep  4 13:14:32 gchopin kernel: [    0.255134] acpi PNP0A03:00: _OSC: not requesting OS control; OS requires [ExtendedConfig ASPM ClockPM MSI]
Sep  4 13:14:32 gchopin kernel: [    0.255736] acpi PNP0A03:00: fail to add MMCONFIG information, can't access extended configuration space under this bridge
Sep  4 13:14:32 gchopin kernel: [    0.256230] PCI host bridge to bus 0000:00
Sep  4 13:14:32 gchopin kernel: [    0.256444] pci_bus 0000:00: root bus resource [io  0x0000-0x0cf7 window]
Sep  4 13:14:32 gchopin kernel: [    0.256736] pci_bus 0000:00: root bus resource [io  0x0d00-0xffff window]
Sep  4 13:14:32 gchopin kernel: [    0.257134] pci_bus 0000:00: root bus resource [mem 0x000a0000-0x000bffff window]
Sep  4 13:14:32 gchopin kernel: [    0.257486] pci_bus 0000:00: root bus resource [mem 0xe0000000-0xfdffffff window]
Sep  4 13:14:32 gchopin kernel: [    0.257839] pci_bus 0000:00: root bus resource [bus 00-ff]
Sep  4 13:14:32 gchopin kernel: [    0.258298] pci 0000:00:00.0: [8086:1237] type 00 class 0x060000 conventional PCI endpoint
Sep  4 13:14:32 gchopin kernel: [    0.259218] pci 0000:00:01.0: [8086:7000] type 00 class 0x060100 conventional PCI endpoint
Sep  4 13:14:32 gchopin kernel: [    0.260304] pci 0000:00:01.1: [8086:7111] type 00 class 0x01018a conventional PCI endpoint
Sep  4 13:14:32 gchopin kernel: [    0.261067] pci 0000:00:01.1: BAR 4 [io  0xd000-0xd00f]
Sep  4 13:14:32 gchopin kernel: [    0.261302] pci 0000:00:01.1: BAR 0 [io  0x01f0-0x01f7]: legacy IDE quirk
Sep  4 13:14:32 gchopin kernel: [    0.261594] pci 0000:00:01.1: BAR 1 [io  0x03f6]: legacy IDE quirk
Sep  4 13:14:32 gchopin kernel: [    0.261866] pci 0000:00:01.1: BAR 2 [io  0x0170-0x0177]: legacy IDE quirk
Sep  4 13:14:32 gchopin kernel: [    0.262134] pci 0000:00:01.1: BAR 3 [io  0x0376]: legacy IDE quirk
Sep  4 13:14:32 gchopin kernel: [    0.262565] pci 0000:00:02.0: [80ee:beef] type 00 class 0x030000 conventional PCI endpoint
Sep  4 13:14:32 gchopin kernel: [    0.266321] pci 0000:00:02.0: BAR 0 [mem 0xe0000000-0xe0ffffff pref]
Sep  4 13:14:32 gchopin kernel: [    0.269359] pci 0000:00:02.0: BAR 1 [io  0xd010-0xd01f]
Sep  4 13:14:32 gchopin kernel: [    0.273337] pci 0000:00:02.0: BAR 2 [mem 0xf0000000-0xf01fffff]
Sep  4 13:14:32 gchopin kernel: [    0.284202] pci 0000:00:02.0: Video device with shadowed ROM at [mem 0x000c0000-0x000dffff]
Sep  4 13:14:32 gchopin kernel: [    0.286317] pci 0000:00:03.0: [8086:100e] type 00 class 0x020000 conventional PCI endpoint
Sep  4 13:14:32 gchopin kernel: [    0.289169] pci 0000:00:03.0: BAR 0 [mem 0xf0200000-0xf021ffff]
Sep  4 13:14:32 gchopin kernel: [    0.294176] pci 0000:00:03.0: BAR 2 [io  0xd020-0xd027]
Sep  4 13:14:32 gchopin kernel: [    0.305536] pci 0000:00:04.0: [80ee:cafe] type 00 class 0x088000 conventional PCI endpoint
Sep  4 13:14:32 gchopin kernel: [    0.308136] pci 0000:00:04.0: BAR 0 [io  0xd040-0xd05f]
Sep  4 13:14:32 gchopin kernel: [    0.311136] pci 0000:00:04.0: BAR 1 [mem 0xf0400000-0xf07fffff]
Sep  4 13:14:32 gchopin kernel: [    0.314164] pci 0000:00:04.0: BAR 2 [mem 0xf0800000-0xf0803fff pref]
Sep  4 13:14:32 gchopin kernel: [    0.324342] pci 0000:00:05.0: [8086:2415] type 00 class 0x040100 conventional PCI endpoint
Sep  4 13:14:32 gchopin kernel: [    0.325267] pci 0000:00:05.0: BAR 0 [io  0xd100-0xd1ff]
Sep  4 13:14:32 gchopin kernel: [    0.325580] pci 0000:00:05.0: BAR 1 [io  0xd200-0xd23f]
Sep  4 13:14:32 gchopin kernel: [    0.326582] pci 0000:00:06.0: [106b:003f] type 00 class 0x0c0310 conventional PCI endpoint
Sep  4 13:14:32 gchopin kernel: [    0.328180] pci 0000:00:06.0: BAR 0 [mem 0xf0804000-0xf0804fff]
Sep  4 13:14:32 gchopin kernel: [    0.346408] pci 0000:00:07.0: [8086:7113] type 00 class 0x068000 conventional PCI endpoint
Sep  4 13:14:32 gchopin kernel: [    0.347585] pci 0000:00:07.0: quirk: [io  0x4000-0x403f] claimed by PIIX4 ACPI
Sep  4 13:14:32 gchopin kernel: [    0.348153] pci 0000:00:07.0: quirk: [io  0x4100-0x410f] claimed by PIIX4 SMB
Sep  4 13:14:32 gchopin kernel: [    0.348742] pci 0000:00:0b.0: [8086:265c] type 00 class 0x0c0320 conventional PCI endpoint
Sep  4 13:14:32 gchopin kernel: [    0.351137] pci 0000:00:0b.0: BAR 0 [mem 0xf0805000-0xf0805fff]
Sep  4 13:14:32 gchopin kernel: [    0.370299] pci 0000:00:0d.0: [8086:2829] type 00 class 0x010601 conventional PCI endpoint
Sep  4 13:14:32 gchopin kernel: [    0.373137] pci 0000:00:0d.0: BAR 0 [io  0xd240-0xd247]
Sep  4 13:14:32 gchopin kernel: [    0.375183] pci 0000:00:0d.0: BAR 1 [io  0xd248-0xd24b]
Sep  4 13:14:32 gchopin kernel: [    0.377213] pci 0000:00:0d.0: BAR 2 [io  0xd250-0xd257]
Sep  4 13:14:32 gchopin kernel: [    0.380164] pci 0000:00:0d.0: BAR 3 [io  0xd258-0xd25b]
Sep  4 13:14:32 gchopin kernel: [    0.383134] pci 0000:00:0d.0: BAR 4 [io  0xd260-0xd26f]
Sep  4 13:14:32 gchopin kernel: [    0.386166] pci 0000:00:0d.0: BAR 5 [mem 0xf0806000-0xf0807fff]
Sep  4 13:14:32 gchopin kernel: [    0.391350] ACPI: PCI: Interrupt link LNKA configured for IRQ 11
Sep  4 13:14:32 gchopin kernel: [    0.391763] ACPI: PCI: Interrupt link LNKB configured for IRQ 10
Sep  4 13:14:32 gchopin kernel: [    0.392110] ACPI: PCI: Interrupt link LNKC configured for IRQ 9
Sep  4 13:14:32 gchopin kernel: [    0.392206] ACPI: PCI: Interrupt link LNKD configured for IRQ 11
Sep  4 13:14:32 gchopin kernel: [    0.392572] iommu: Default domain type: Translated
Sep  4 13:14:32 gchopin kernel: [    0.392806] iommu: DMA domain TLB invalidation policy: lazy mode
Sep  4 13:14:32 gchopin kernel: [    0.393188] SCSI subsystem initialized
Sep  4 13:14:32 gchopin kernel: [    0.393429] libata version 3.00 loaded.
Sep  4 13:14:32 gchopin kernel: [    0.393429] ACPI: bus type USB registered
Sep  4 13:14:32 gchopin kernel: [    0.393429] usbcore: registered new interface driver usbfs
Sep  4 13:14:32 gchopin kernel: [    0.393656] usbcore: registered new interface driver hub
Sep  4 13:14:32 gchopin kernel: [    0.394139] usbcore: registered new device driver usb
Sep  4 13:14:32 gchopin kernel: [    0.394390] pps_core: LinuxPPS API ver. 1 registered
Sep  4 13:14:32 gchopin kernel: [    0.394630] pps_core: Software ver. 5.3.6 - Copyright 2005-2007 Rodolfo Giometti <giometti@linux.it>
Sep  4 13:14:32 gchopin kernel: [    0.395135] PTP clock support registered
Sep  4 13:14:32 gchopin kernel: [    0.395365] Advanced Linux Sound Architecture Driver Initialized.
Sep  4 13:14:32 gchopin kernel: [    0.395540] NetLabel: Initializing
Sep  4 13:14:32 gchopin kernel: [    0.395731] NetLabel:  domain hash size = 128
Sep  4 13:14:32 gchopin kernel: [    0.396134] NetLabel:  protocols = UNLABELED CIPSOv4 CALIPSO
Sep  4 13:14:32 gchopin kernel: [    0.396403] NetLabel:  unlabeled traffic allowed by default
Sep  4 13:14:32 gchopin kernel: [    0.396671] PCI: Using ACPI for IRQ routing
Sep  4 13:14:32 gchopin kernel: [    0.396671] PCI: pci_cache_line_size set to 64 bytes
Sep  4 13:14:32 gchopin kernel: [    0.397318] e820: reserve RAM buffer [mem 0x0009fc00-0x0009ffff]
Sep  4 13:14:32 gchopin kernel: [    0.397320] e820: reserve RAM buffer [mem 0xdfff0000-0xdfffffff]
Sep  4 13:14:32 gchopin kernel: [    0.397333] pci 0000:00:02.0: vgaarb: setting as boot VGA device
Sep  4 13:14:32 gchopin kernel: [    0.397422] pci 0000:00:02.0: vgaarb: bridge control possible
Sep  4 13:14:32 gchopin kernel: [    0.397683] pci 0000:00:02.0: vgaarb: VGA device added: decodes=io+mem,owns=io+mem,locks=none
Sep  4 13:14:32 gchopin kernel: [    0.398135] vgaarb: loaded
Sep  4 13:14:32 gchopin kernel: [    0.399434] clocksource: Switched to clocksource kvm-clock
Sep  4 13:14:32 gchopin kernel: [    0.399750] VFS: Disk quotas dquot_6.6.0
Sep  4 13:14:32 gchopin kernel: [    0.399968] VFS: Dquot-cache hash table entries: 512 (order 0, 4096 bytes)
Sep  4 13:14:32 gchopin kernel: [    0.400032] pnp: PnP ACPI init
Sep  4 13:14:32 gchopin kernel: [    0.400788] pnp: PnP ACPI: found 2 devices
Sep  4 13:14:32 gchopin kernel: [    0.409139] clocksource: acpi_pm: mask: 0xffffff max_cycles: 0xffffff, max_idle_ns: 2085701024 ns
Sep  4 13:14:32 gchopin kernel: [    0.409572] NET: Registered PF_INET protocol family
Sep  4 13:14:32 gchopin kernel: [    0.410045] IP idents hash table entries: 262144 (order: 9, 2097152 bytes, linear)
Sep  4 13:14:32 gchopin kernel: [    0.412961] tcp_listen_portaddr_hash hash table entries: 8192 (order: 5, 131072 bytes, linear)
Sep  4 13:14:32 gchopin kernel: [    0.413408] Table-perturb hash table entries: 65536 (order: 6, 262144 bytes, linear)
Sep  4 13:14:32 gchopin kernel: [    0.413800] TCP established hash table entries: 131072 (order: 8, 1048576 bytes, linear)
Sep  4 13:14:32 gchopin kernel: [    0.414350] TCP bind hash table entries: 65536 (order: 9, 2097152 bytes, linear)
Sep  4 13:14:32 gchopin kernel: [    0.414914] TCP: Hash tables configured (established 131072 bind 65536)
Sep  4 13:14:32 gchopin kernel: [    0.415296] MPTCP token hash table entries: 16384 (order: 6, 393216 bytes, linear)
Sep  4 13:14:32 gchopin kernel: [    0.415676] UDP hash table entries: 8192 (order: 6, 262144 bytes, linear)
Sep  4 13:14:32 gchopin kernel: [    0.416000] UDP-Lite hash table entries: 8192 (order: 6, 262144 bytes, linear)
Sep  4 13:14:32 gchopin kernel: [    0.416403] NET: Registered PF_UNIX/PF_LOCAL protocol family
Sep  4 13:14:32 gchopin kernel: [    0.416884] RPC: Registered named UNIX socket transport module.
Sep  4 13:14:32 gchopin kernel: [    0.417161] RPC: Registered udp transport module.
Sep  4 13:14:32 gchopin kernel: [    0.417390] RPC: Registered tcp transport module.
Sep  4 13:14:32 gchopin kernel: [    0.417619] RPC: Registered tcp-with-tls transport module.
Sep  4 13:14:32 gchopin kernel: [    0.417882] RPC: Registered tcp NFSv4.1 backchannel transport module.
Sep  4 13:14:32 gchopin kernel: [    0.418174] pci_bus 0000:00: resource 4 [io  0x0000-0x0cf7 window]
Sep  4 13:14:32 gchopin kernel: [    0.418448] pci_bus 0000:00: resource 5 [io  0x0d00-0xffff window]
Sep  4 13:14:32 gchopin kernel: [    0.418733] pci_bus 0000:00: resource 6 [mem 0x000a0000-0x000bffff window]
Sep  4 13:14:32 gchopin kernel: [    0.419026] pci_bus 0000:00: resource 7 [mem 0xe0000000-0xfdffffff window]
Sep  4 13:14:32 gchopin kernel: [    0.419357] pci 0000:00:00.0: Limiting direct PCI/PCI transfers
Sep  4 13:14:32 gchopin kernel: [    0.420916] PCI: CLS 0 bytes, default 64
Sep  4 13:14:32 gchopin kernel: [    0.421159] PCI-DMA: Using software bounce buffering for IO (SWIOTLB)
Sep  4 13:14:32 gchopin kernel: [    0.421441] software IO TLB: mapped [mem 0x00000000dbff0000-0x00000000dfff0000] (64MB)
Sep  4 13:14:32 gchopin kernel: [    0.422727] RAPL PMU: API unit is 2^-32 Joules, 0 fixed counters, 10737418240 ms ovfl timer
Sep  4 13:14:32 gchopin kernel: [    0.423382] clocksource: tsc: mask: 0xffffffffffffffff max_cycles: 0x23fa772cf26, max_idle_ns: 440795269835 ns
Sep  4 13:14:32 gchopin kernel: [    0.424234] clocksource: Switched to clocksource tsc
Sep  4 13:14:32 gchopin kernel: [    0.424504] platform rtc_cmos: registered platform RTC device (no PNP device found)
Sep  4 13:14:32 gchopin kernel: [    0.458295] Initialise system trusted keyrings
Sep  4 13:14:32 gchopin kernel: [    0.458730] workingset: timestamp_bits=40 max_order=22 bucket_order=0
Sep  4 13:14:32 gchopin kernel: [    0.459206] NFS: Registering the id_resolver key type
Sep  4 13:14:32 gchopin kernel: [    0.459452] Key type id_resolver registered
Sep  4 13:14:32 gchopin kernel: [    0.459678] Key type id_legacy registered
Sep  4 13:14:32 gchopin kernel: [    0.459967] fuse: init (API version 7.41)
Sep  4 13:14:32 gchopin kernel: [    0.460277] 9p: Installing v9fs 9p2000 file system support
Sep  4 13:14:32 gchopin kernel: [    0.470264] NET: Registered PF_ALG protocol family
Sep  4 13:14:32 gchopin kernel: [    0.473075] Key type asymmetric registered
Sep  4 13:14:32 gchopin kernel: [    0.473512] Asymmetric key parser 'x509' registered
Sep  4 13:14:32 gchopin kernel: [    0.473765] Block layer SCSI generic (bsg) driver version 0.4 loaded (major 251)
Sep  4 13:14:32 gchopin kernel: [    0.474150] io scheduler mq-deadline registered
Sep  4 13:14:32 gchopin kernel: [    0.474379] io scheduler kyber registered
Sep  4 13:14:32 gchopin kernel: [    0.474943] ACPI: AC: AC Adapter [AC] (on-line)
Sep  4 13:14:32 gchopin kernel: [    0.475253] input: Power Button as /devices/LNXSYSTM:00/LNXPWRBN:00/input/input0
Sep  4 13:14:32 gchopin kernel: [    0.475662] ACPI: button: Power Button [PWRF]
Sep  4 13:14:32 gchopin kernel: [    0.475901] input: Sleep Button as /devices/LNXSYSTM:00/LNXSLPBN:00/input/input1
Sep  4 13:14:32 gchopin kernel: [    0.476311] ACPI: button: Sleep Button [SLPF]
Sep  4 13:14:32 gchopin kernel: [    0.476564] ACPI: video: Video Device [GFX0] (multi-head: yes  rom: no  post: no)
Sep  4 13:14:32 gchopin kernel: [    0.476954] input: Video Bus as /devices/LNXSYSTM:00/LNXSYBUS:00/PNP0A03:00/LNXVIDEO:00/input/input2
Sep  4 13:14:32 gchopin kernel: [    0.477894] Serial: 8250/16550 driver, 4 ports, IRQ sharing enabled
Sep  4 13:14:32 gchopin kernel: [    0.478716] Non-volatile memory driver v1.3
Sep  4 13:14:32 gchopin kernel: [    0.478935] Linux agpgart interface v0.103
Sep  4 13:14:32 gchopin kernel: [    0.479215] ACPI: bus type drm_connector registered
Sep  4 13:14:32 gchopin kernel: [    0.481144] brd: module loaded
Sep  4 13:14:32 gchopin kernel: [    0.482448] loop: module loaded
Sep  4 13:14:32 gchopin kernel: [    0.482679] ahci 0000:00:0d.0: version 3.0
Sep  4 13:14:32 gchopin kernel: [    0.483042] ahci 0000:00:0d.0: SSS flag set, parallel bus scan disabled
Sep  4 13:14:32 gchopin kernel: [    0.483479] ahci 0000:00:0d.0: AHCI vers 0001.0100, 32 command slots, 3 Gbps, SATA mode
Sep  4 13:14:32 gchopin kernel: [    0.483850] ahci 0000:00:0d.0: 1/1 ports implemented (port mask 0x1)
Sep  4 13:14:32 gchopin kernel: [    0.484128] ahci 0000:00:0d.0: flags: 64bit ncq stag only ccc 
Sep  4 13:14:32 gchopin kernel: [    0.484768] scsi host0: ahci
Sep  4 13:14:32 gchopin kernel: [    0.484993] ata1: SATA max UDMA/133 abar m8192@0xf0806000 port 0xf0806100 irq 21 lpm-pol 0
Sep  4 13:14:32 gchopin kernel: [    0.485388] ata_piix 0000:00:01.1: version 2.13
Sep  4 13:14:32 gchopin kernel: [    0.485852] scsi host1: ata_piix
Sep  4 13:14:32 gchopin kernel: [    0.486193] scsi host2: ata_piix
Sep  4 13:14:32 gchopin kernel: [    0.486396] ata2: PATA max UDMA/33 cmd 0x1f0 ctl 0x3f6 bmdma 0xd000 irq 14 lpm-pol 0
Sep  4 13:14:32 gchopin kernel: [    0.486759] ata3: PATA max UDMA/33 cmd 0x170 ctl 0x376 bmdma 0xd008 irq 15 lpm-pol 0
Sep  4 13:14:32 gchopin kernel: [    0.487857] e100: Intel(R) PRO/100 Network Driver
Sep  4 13:14:32 gchopin kernel: [    0.488100] e100: Copyright(c) 1999-2006 Intel Corporation
Sep  4 13:14:32 gchopin kernel: [    0.488347] e1000: Intel(R) PRO/1000 Network Driver
Sep  4 13:14:32 gchopin kernel: [    0.488347] e1000: Copyright (c) 1999-2006 Intel Corporation.
Sep  4 13:14:32 gchopin kernel: [    1.036600] ata3.00: ATAPI: VBOX CD-ROM, 1.0, max UDMA/133
Sep  4 13:14:32 gchopin kernel: [    1.127155] ata1: SATA link up 3.0 Gbps (SStatus 123 SControl 300)
Sep  4 13:14:32 gchopin kernel: [    1.127551] ata1.00: ATA-6: VBOX HARDDISK, 1.0, max UDMA/133
Sep  4 13:14:32 gchopin kernel: [    1.127846] ata1.00: 83886080 sectors, multi 128: LBA48 NCQ (depth 32)
Sep  4 13:14:32 gchopin kernel: [    1.128271] ata1.00: configured for UDMA/133
Sep  4 13:14:32 gchopin kernel: [    1.128641] scsi 0:0:0:0: Direct-Access     ATA      VBOX HARDDISK    1.0  PQ: 0 ANSI: 5
Sep  4 13:14:32 gchopin kernel: [    1.129263] scsi 0:0:0:0: Attached scsi generic sg0 type 0
Sep  4 13:14:32 gchopin kernel: [    1.129614] sd 0:0:0:0: [sda] 83886080 512-byte logical blocks: (42.9 GB/40.0 GiB)
Sep  4 13:14:32 gchopin kernel: [    1.130023] sd 0:0:0:0: [sda] Write Protect is off
Sep  4 13:14:32 gchopin kernel: [    1.130272] scsi 2:0:0:0: CD-ROM            VBOX     CD-ROM           1.0  PQ: 0 ANSI: 5
Sep  4 13:14:32 gchopin kernel: [    1.130314] sd 0:0:0:0: [sda] Mode Sense: 00 3a 00 00
Sep  4 13:14:32 gchopin kernel: [    1.130721] sd 0:0:0:0: [sda] Write cache: enabled, read cache: enabled, doesn't support DPO or FUA
Sep  4 13:14:32 gchopin kernel: [    1.131193] sd 0:0:0:0: [sda] Preferred minimum I/O size 512 bytes
Sep  4 13:14:32 gchopin kernel: [    1.142809] sr 2:0:0:0: [sr0] scsi3-mmc drive: 32x/32x xa/form2 tray
Sep  4 13:14:32 gchopin kernel: [    1.143142] cdrom: Uniform CD-ROM driver Revision: 3.20
Sep  4 13:14:32 gchopin kernel: [    1.148775]  sda: sda1 sda2 sda3
Sep  4 13:14:32 gchopin kernel: [    1.149235] sd 0:0:0:0: [sda] Attached SCSI disk
Sep  4 13:14:32 gchopin kernel: [    1.157531] sr 2:0:0:0: Attached scsi CD-ROM sr0
Sep  4 13:14:32 gchopin kernel: [    1.157645] sr 2:0:0:0: Attached scsi generic sg1 type 5
Sep  4 13:14:32 gchopin kernel: [    1.715132] e1000 0000:00:03.0 eth0: (PCI:33MHz:32-bit) 08:00:27:a4:97:e8
Sep  4 13:14:32 gchopin kernel: [    1.715132] e1000 0000:00:03.0 eth0: Intel(R) PRO/1000 Network Connection
Sep  4 13:14:32 gchopin kernel: [    1.715132] e1000e: Intel(R) PRO/1000 Network Driver
Sep  4 13:14:32 gchopin kernel: [    1.717188] e1000e: Copyright(c) 1999 - 2015 Intel Corporation.
Sep  4 13:14:32 gchopin kernel: [    1.717462] sky2: driver version 1.30
Sep  4 13:14:32 gchopin kernel: [    1.718260] ohci-pci 0000:00:06.0: OHCI PCI host controller
Sep  4 13:14:32 gchopin kernel: [    1.718689] ohci-pci 0000:00:06.0: new USB bus registered, assigned bus number 1
Sep  4 13:14:32 gchopin kernel: [    1.719116] ohci-pci 0000:00:06.0: irq 22, io mem 0xf0804000
Sep  4 13:14:32 gchopin kernel: [    2.034034] usb usb1: New USB device found, idVendor=1d6b, idProduct=0001, bcdDevice= 6.11
Sep  4 13:14:32 gchopin kernel: [    2.034449] usb usb1: New USB device strings: Mfr=3, Product=2, SerialNumber=1
Sep  4 13:14:32 gchopin kernel: [    2.034797] usb usb1: Product: OHCI PCI host controller
Sep  4 13:14:32 gchopin kernel: [    2.035042] usb usb1: Manufacturer: Linux 6.11.0-rc6-next-20240904 ohci_hcd
Sep  4 13:14:32 gchopin kernel: [    2.035336] usb usb1: SerialNumber: 0000:00:06.0
Sep  4 13:14:32 gchopin kernel: [    2.035716] hub 1-0:1.0: USB hub found
Sep  4 13:14:32 gchopin kernel: [    2.035928] hub 1-0:1.0: 12 ports detected
Sep  4 13:14:32 gchopin kernel: [    2.036592] ehci-pci 0000:00:0b.0: EHCI Host Controller
Sep  4 13:14:32 gchopin kernel: [    2.036604] usbcore: registered new interface driver usblp
Sep  4 13:14:32 gchopin kernel: [    2.036941] ehci-pci 0000:00:0b.0: new USB bus registered, assigned bus number 2
Sep  4 13:14:32 gchopin kernel: [    2.037144] usbcore: registered new interface driver usb-storage
Sep  4 13:14:32 gchopin kernel: [    2.037779] ehci-pci 0000:00:0b.0: irq 19, io mem 0xf0805000
Sep  4 13:14:32 gchopin kernel: [    2.037865] i8042: PNP: PS/2 Controller [PNP0303:PS2K,PNP0f03:PS2M] at 0x60,0x64 irq 1,12
Sep  4 13:14:32 gchopin kernel: [    2.038968] serio: i8042 KBD port at 0x60,0x64 irq 1
Sep  4 13:14:32 gchopin kernel: [    2.039209] serio: i8042 AUX port at 0x60,0x64 irq 12
Sep  4 13:14:32 gchopin kernel: [    2.039544] mousedev: PS/2 mouse device common for all mice
Sep  4 13:14:32 gchopin kernel: [    2.040068] input: AT Translated Set 2 keyboard as /devices/platform/i8042/serio0/input/input3
Sep  4 13:14:32 gchopin kernel: [    2.040992] rtc_cmos rtc_cmos: registered as rtc0
Sep  4 13:14:32 gchopin kernel: [    2.041361] rtc_cmos rtc_cmos: alarms up to one day, 114 bytes nvram
Sep  4 13:14:32 gchopin kernel: [    2.041689] fail to initialize ptp_kvm
Sep  4 13:14:32 gchopin kernel: [    2.041758] device-mapper: ioctl: 4.48.0-ioctl (2023-03-01) initialised: dm-devel@lists.linux.dev
Sep  4 13:14:32 gchopin kernel: [    2.042505] intel_pstate: CPU model not supported
Sep  4 13:14:32 gchopin kernel: [    2.042754] hid: raw HID events driver (C) Jiri Kosina
Sep  4 13:14:32 gchopin kernel: [    2.043075] usbcore: registered new interface driver usbhid
Sep  4 13:14:32 gchopin kernel: [    2.043351] usbhid: USB HID core driver
Sep  4 13:14:32 gchopin kernel: [    2.044191] ehci-pci 0000:00:0b.0: USB 2.0 started, EHCI 1.00
Sep  4 13:14:32 gchopin kernel: [    2.044384] ipip: IPv4 and MPLS over IPv4 tunneling driver
Sep  4 13:14:32 gchopin kernel: [    2.044484] usb usb2: New USB device found, idVendor=1d6b, idProduct=0002, bcdDevice= 6.11
Sep  4 13:14:32 gchopin kernel: [    2.044792] gre: GRE over IPv4 demultiplexor driver
Sep  4 13:14:32 gchopin kernel: [    2.045088] usb usb2: New USB device strings: Mfr=3, Product=2, SerialNumber=1
Sep  4 13:14:32 gchopin kernel: [    2.045353] ip_gre: GRE over IPv4 tunneling driver
Sep  4 13:14:32 gchopin kernel: [    2.045485] Initializing XFRM netlink socket
Sep  4 13:14:32 gchopin kernel: [    2.045699] usb usb2: Product: EHCI Host Controller
Sep  4 13:14:32 gchopin kernel: [    2.045941] NET: Registered PF_INET6 protocol family
Sep  4 13:14:32 gchopin kernel: [    2.046172] usb usb2: Manufacturer: Linux 6.11.0-rc6-next-20240904 ehci_hcd
Sep  4 13:14:32 gchopin kernel: [    2.046173] usb usb2: SerialNumber: 0000:00:0b.0
Sep  4 13:14:32 gchopin kernel: [    2.046743] Segment Routing with IPv6
Sep  4 13:14:32 gchopin kernel: [    2.047083] hub 2-0:1.0: USB hub found
Sep  4 13:14:32 gchopin kernel: [    2.047249] In-situ OAM (IOAM) with IPv6
Sep  4 13:14:32 gchopin kernel: [    2.047414] hub 2-0:1.0: 12 ports detected
Sep  4 13:14:32 gchopin kernel: [    2.047653] sit: IPv6, IPv4 and MPLS over IPv4 tunneling driver
Sep  4 13:14:32 gchopin kernel: [    2.048552] ip6_gre: GRE over IPv6 tunneling driver
Sep  4 13:14:32 gchopin kernel: [    2.048852] NET: Registered PF_PACKET protocol family
Sep  4 13:14:32 gchopin kernel: [    2.049119] 8021q: 802.1Q VLAN Support v1.8
Sep  4 13:14:32 gchopin kernel: [    2.049347] 9pnet: Installing 9P2000 support
Sep  4 13:14:32 gchopin kernel: [    2.049574] Key type dns_resolver registered
Sep  4 13:14:32 gchopin kernel: [    2.050064] IPI shorthand broadcast: enabled
Sep  4 13:14:32 gchopin kernel: [    2.051307] sched_clock: Marking stable (2011255776, 39051869)->(2066638728, -16331083)
Sep  4 13:14:32 gchopin kernel: [    2.052314] registered taskstats version 1
Sep  4 13:14:32 gchopin kernel: [    2.052526] Loading compiled-in X.509 certificates
Sep  4 13:14:32 gchopin kernel: [    2.054092] Demotion targets for Node 0: null
Sep  4 13:14:32 gchopin kernel: [    2.054444] PM:   Magic number: 8:651:225
Sep  4 13:14:32 gchopin kernel: [    2.054689] printk: legacy console [netcon0] enabled
Sep  4 13:14:32 gchopin kernel: [    2.054951] netconsole: network logging started
Sep  4 13:14:32 gchopin kernel: [    2.055281] ALSA device list:
Sep  4 13:14:32 gchopin kernel: [    2.055460]   No soundcards found.
Sep  4 13:14:32 gchopin kernel: [    2.358390] psmouse serio1: pixart_ps2: init: Unable to query PixArt touchpad hardware.
Sep  4 13:14:32 gchopin kernel: [    2.733841] input: ImExPS/2 PixArt clickpad as /devices/platform/i8042/serio1/input/input5
Sep  4 13:14:32 gchopin kernel: [    2.734669] md: Waiting for all devices to be available before autodetect
Sep  4 13:14:32 gchopin kernel: [    2.735453] md: If you don't use raid, use raid=noautodetect
Sep  4 13:14:32 gchopin kernel: [    2.736043] md: Autodetecting RAID arrays.
Sep  4 13:14:32 gchopin kernel: [    2.736458] md: autorun ...
Sep  4 13:14:32 gchopin kernel: [    2.736783] md: ... autorun DONE.
Sep  4 13:14:32 gchopin kernel: [    2.764761] EXT4-fs (sda3): mounted filesystem 849c14f9-1af6-4c59-be69-708f5a0ca971 ro with ordered data mode. Quota mode: none.
Sep  4 13:14:32 gchopin kernel: [    2.765269] VFS: Mounted root (ext4 filesystem) readonly on device 8:3.
Sep  4 13:14:32 gchopin kernel: [    2.772795] devtmpfs: mounted
Sep  4 13:14:32 gchopin kernel: [    2.773901] Freeing unused kernel image (initmem) memory: 2612K
Sep  4 13:14:32 gchopin kernel: [    2.774395] Write protecting the kernel read-only data: 22528k
Sep  4 13:14:32 gchopin kernel: [    2.775081] Freeing unused kernel image (rodata/data gap) memory: 72K
Sep  4 13:14:32 gchopin kernel: [    2.829208] x86/mm: Checked W+X mappings: passed, no W+X pages found.
Sep  4 13:14:32 gchopin kernel: [    2.829529] Run /sbin/init as init process
Sep  4 13:14:32 gchopin kernel: [    2.829755]   with arguments:
Sep  4 13:14:32 gchopin kernel: [    2.829756]     /sbin/init
Sep  4 13:14:32 gchopin kernel: [    2.829757]   with environment:
Sep  4 13:14:32 gchopin kernel: [    2.829758]     HOME=/
Sep  4 13:14:32 gchopin kernel: [    2.829759]     TERM=linux
Sep  4 13:14:32 gchopin kernel: [    2.829759]     BOOT_IMAGE=/vmlinuz-6.11-rc6-gchopin-next
Sep  4 13:14:32 gchopin kernel: [    3.199606] stty (85) used greatest stack depth: 13696 bytes left
Sep  4 13:14:32 gchopin kernel: [    3.254492] dmesg (86) used greatest stack depth: 13384 bytes left
Sep  4 13:14:32 gchopin kernel: [    3.435937] sed (98) used greatest stack depth: 13016 bytes left
Sep  4 13:14:32 gchopin kernel: [    3.745314] ip (186) used greatest stack depth: 12600 bytes left
Sep  4 13:14:32 gchopin kernel: <30>[    4.072044] udevd[211]: Starting systemd-udevd version 254
Sep  4 13:14:32 gchopin kernel: <30>[    4.129292] udevd[212]: Using default interface naming scheme 'v253'.
Sep  4 13:14:32 gchopin kernel: [    4.753698] vboxvideo 0000:00:02.0: vgaarb: deactivate vga console
Sep  4 13:14:32 gchopin kernel: [    4.755712] Console: switching to colour dummy device 80x25
Sep  4 13:14:32 gchopin kernel: [    4.756098] [drm] VRAM 01000000
Sep  4 13:14:32 gchopin kernel: [    4.756712] [drm] Initialized vboxvideo 1.0.0 for 0000:00:02.0 on minor 0
Sep  4 13:14:32 gchopin kernel: [    4.760363] fbcon: vboxvideodrmfb (fb0) is primary device
Sep  4 13:14:32 gchopin kernel: [    4.763326] vboxvideo 0000:00:02.0: [drm] drm_plane_enable_fb_damage_clips() not called
Sep  4 13:14:32 gchopin kernel: [    4.763335] Console: switching to colour frame buffer device 100x37
Sep  4 13:14:32 gchopin kernel: [    4.764200] vboxvideo 0000:00:02.0: [drm] fb0: vboxvideodrmfb frame buffer device
Sep  4 13:14:32 gchopin kernel: [    5.007421] snd_intel8x0 0000:00:05.0: allow list rate for 1028:0177 is 48000
Sep  4 13:14:32 gchopin kernel: [    6.121288] clocksource: Long readout interval, skipping watchdog check: cs_nsec: 1017626363 wd_nsec: 1017625705
Sep  4 13:14:32 gchopin kernel: [    8.015257] Adding 2097148k swap on /dev/sda2.  Priority:1 extents:1 across:2097148k 
Sep  4 13:14:32 gchopin kernel: [    8.057429] EXT4-fs (sda3): re-mounted 849c14f9-1af6-4c59-be69-708f5a0ca971 ro. Quota mode: none.
Sep  4 13:14:32 gchopin kernel: [    8.226629] EXT4-fs (sda3): re-mounted 849c14f9-1af6-4c59-be69-708f5a0ca971 r/w. Quota mode: none.
Sep  4 13:14:32 gchopin kernel: [    8.250906] EXT4-fs (sda1): mounting ext2 file system using the ext4 subsystem
Sep  4 13:14:32 gchopin kernel: [    8.270639] EXT4-fs (sda1): mounted filesystem 69efa423-e957-4dc9-9f2f-ed43e5d4ecfd r/w without journal. Quota mode: none.
Sep  4 13:14:32 gchopin kernel: [    9.771956] 8021q: adding VLAN 0 to HW filter on device eth0
Sep  4 13:14:32 gchopin kernel: [    9.773692] e1000: eth0 NIC Link is Up 1000 Mbps Full Duplex, Flow Control: RX
