Aug 30 15:07:49 gchopin kernel: klogd 1.5.1, log source = /proc/kmsg started.
Aug 30 15:07:49 gchopin kernel: Inspecting /boot/System.map
Aug 30 15:07:49 gchopin kernel: Cannot find map file.
Aug 30 15:07:49 gchopin kernel: Loaded 156979 symbols from 8 modules.
Aug 30 15:07:49 gchopin kernel: [    0.000000] Linux version 6.11.0-rc5-gchopin-g20371ba12063-dirty (root@gchopin) (gcc (GCC) 13.2.0, GNU ld (GNU Binutils) 2.41) #1 SMP PREEMPT_DYNAMIC Fri Aug 30 15:02:18 CEST 2024
Aug 30 15:07:49 gchopin kernel: [    0.000000] Command line: BOOT_IMAGE=/vmlinuz-6.11-rc5-gchopin root=PARTUUID=643facfc-03 ro
Aug 30 15:07:49 gchopin kernel: [    0.000000] BIOS-provided physical RAM map:
Aug 30 15:07:49 gchopin kernel: [    0.000000] BIOS-e820: [mem 0x0000000000000000-0x000000000009fbff] usable
Aug 30 15:07:49 gchopin kernel: [    0.000000] BIOS-e820: [mem 0x000000000009fc00-0x000000000009ffff] reserved
Aug 30 15:07:49 gchopin kernel: [    0.000000] BIOS-e820: [mem 0x00000000000f0000-0x00000000000fffff] reserved
Aug 30 15:07:49 gchopin kernel: [    0.000000] BIOS-e820: [mem 0x0000000000100000-0x00000000dffeffff] usable
Aug 30 15:07:49 gchopin kernel: [    0.000000] BIOS-e820: [mem 0x00000000dfff0000-0x00000000dfffffff] ACPI data
Aug 30 15:07:49 gchopin kernel: [    0.000000] BIOS-e820: [mem 0x00000000fec00000-0x00000000fec00fff] reserved
Aug 30 15:07:49 gchopin kernel: [    0.000000] BIOS-e820: [mem 0x00000000fee00000-0x00000000fee00fff] reserved
Aug 30 15:07:49 gchopin kernel: [    0.000000] BIOS-e820: [mem 0x00000000fffc0000-0x00000000ffffffff] reserved
Aug 30 15:07:49 gchopin kernel: [    0.000000] BIOS-e820: [mem 0x0000000100000000-0x000000029fffffff] usable
Aug 30 15:07:49 gchopin kernel: [    0.000000] NX (Execute Disable) protection: active
Aug 30 15:07:49 gchopin kernel: [    0.000000] APIC: Static calls initialized
Aug 30 15:07:49 gchopin kernel: [    0.000000] SMBIOS 2.5 present.
Aug 30 15:07:49 gchopin kernel: [    0.000000] DMI: innotek GmbH VirtualBox/VirtualBox, BIOS VirtualBox 12/01/2006
Aug 30 15:07:49 gchopin kernel: [    0.000000] DMI: Memory slots populated: 0/0
Aug 30 15:07:49 gchopin kernel: [    0.000000] Hypervisor detected: KVM
Aug 30 15:07:49 gchopin kernel: [    0.000000] kvm-clock: Using msrs 4b564d01 and 4b564d00
Aug 30 15:07:49 gchopin kernel: [    0.000000] kvm-clock: using sched offset of 5907785193 cycles
Aug 30 15:07:49 gchopin kernel: [    0.000002] clocksource: kvm-clock: mask: 0xffffffffffffffff max_cycles: 0x1cd42e4dffb, max_idle_ns: 881590591483 ns
Aug 30 15:07:49 gchopin kernel: [    0.000003] tsc: Detected 2111.998 MHz processor
Aug 30 15:07:49 gchopin kernel: [    0.000566] e820: update [mem 0x00000000-0x00000fff] usable ==> reserved
Aug 30 15:07:49 gchopin kernel: [    0.000568] e820: remove [mem 0x000a0000-0x000fffff] usable
Aug 30 15:07:49 gchopin kernel: [    0.000570] last_pfn = 0x2a0000 max_arch_pfn = 0x400000000
Aug 30 15:07:49 gchopin kernel: [    0.000574] MTRRs disabled by BIOS
Aug 30 15:07:49 gchopin kernel: [    0.000575] x86/PAT: Configuration [0-7]: WB  WC  UC- UC  WB  WP  UC- WT  
Aug 30 15:07:49 gchopin kernel: [    0.000579] last_pfn = 0xe0000 max_arch_pfn = 0x400000000
Aug 30 15:07:49 gchopin kernel: [    0.000597] found SMP MP-table at [mem 0x0009fff0-0x0009ffff]
Aug 30 15:07:49 gchopin kernel: [    0.000601] Incomplete global flushes, disabling PCID
Aug 30 15:07:49 gchopin kernel: [    0.000923] ACPI: Early table checksum verification disabled
Aug 30 15:07:49 gchopin kernel: [    0.000924] ACPI: RSDP 0x00000000000E0000 000024 (v02 VBOX  )
Aug 30 15:07:49 gchopin kernel: [    0.000927] ACPI: XSDT 0x00000000DFFF0030 00003C (v01 VBOX   VBOXXSDT 00000001 ASL  00000061)
Aug 30 15:07:49 gchopin kernel: [    0.000929] ACPI: FACP 0x00000000DFFF00F0 0000F4 (v04 VBOX   VBOXFACP 00000001 ASL  00000061)
Aug 30 15:07:49 gchopin kernel: [    0.000931] ACPI: DSDT 0x00000000DFFF0640 002353 (v02 VBOX   VBOXBIOS 00000002 INTL 20200925)
Aug 30 15:07:49 gchopin kernel: [    0.000932] ACPI: FACS 0x00000000DFFF0200 000040
Aug 30 15:07:49 gchopin kernel: [    0.000933] ACPI: FACS 0x00000000DFFF0200 000040
Aug 30 15:07:49 gchopin kernel: [    0.000934] ACPI: APIC 0x00000000DFFF0240 00008C (v02 VBOX   VBOXAPIC 00000001 ASL  00000061)
Aug 30 15:07:49 gchopin kernel: [    0.000936] ACPI: SSDT 0x00000000DFFF02D0 00036C (v01 VBOX   VBOXCPUT 00000002 INTL 20200925)
Aug 30 15:07:49 gchopin kernel: [    0.000937] ACPI: Reserving FACP table memory at [mem 0xdfff00f0-0xdfff01e3]
Aug 30 15:07:49 gchopin kernel: [    0.000937] ACPI: Reserving DSDT table memory at [mem 0xdfff0640-0xdfff2992]
Aug 30 15:07:49 gchopin kernel: [    0.000938] ACPI: Reserving FACS table memory at [mem 0xdfff0200-0xdfff023f]
Aug 30 15:07:49 gchopin kernel: [    0.000938] ACPI: Reserving FACS table memory at [mem 0xdfff0200-0xdfff023f]
Aug 30 15:07:49 gchopin kernel: [    0.000938] ACPI: Reserving APIC table memory at [mem 0xdfff0240-0xdfff02cb]
Aug 30 15:07:49 gchopin kernel: [    0.000939] ACPI: Reserving SSDT table memory at [mem 0xdfff02d0-0xdfff063b]
Aug 30 15:07:49 gchopin kernel: [    0.001040] No NUMA configuration found
Aug 30 15:07:49 gchopin kernel: [    0.001040] Faking a node at [mem 0x0000000000000000-0x000000029fffffff]
Aug 30 15:07:49 gchopin kernel: [    0.001042] NODE_DATA(0) allocated [mem 0x29fff8000-0x29fffbfff]
Aug 30 15:07:49 gchopin kernel: [    0.001049] Zone ranges:
Aug 30 15:07:49 gchopin kernel: [    0.001049]   DMA      [mem 0x0000000000001000-0x0000000000ffffff]
Aug 30 15:07:49 gchopin kernel: [    0.001050]   DMA32    [mem 0x0000000001000000-0x00000000ffffffff]
Aug 30 15:07:49 gchopin kernel: [    0.001051]   Normal   [mem 0x0000000100000000-0x000000029fffffff]
Aug 30 15:07:49 gchopin kernel: [    0.001052] Movable zone start for each node
Aug 30 15:07:49 gchopin kernel: [    0.001052] Early memory node ranges
Aug 30 15:07:49 gchopin kernel: [    0.001052]   node   0: [mem 0x0000000000001000-0x000000000009efff]
Aug 30 15:07:49 gchopin kernel: [    0.001053]   node   0: [mem 0x0000000000100000-0x00000000dffeffff]
Aug 30 15:07:49 gchopin kernel: [    0.001054]   node   0: [mem 0x0000000100000000-0x000000029fffffff]
Aug 30 15:07:49 gchopin kernel: [    0.001054] Initmem setup node 0 [mem 0x0000000000001000-0x000000029fffffff]
Aug 30 15:07:49 gchopin kernel: [    0.001282] On node 0, zone DMA: 1 pages in unavailable ranges
Aug 30 15:07:49 gchopin kernel: [    0.001295] On node 0, zone DMA: 97 pages in unavailable ranges
Aug 30 15:07:49 gchopin kernel: [    0.025400] On node 0, zone Normal: 16 pages in unavailable ranges
Aug 30 15:07:49 gchopin kernel: [    0.025619] ACPI: PM-Timer IO Port: 0x4008
Aug 30 15:07:49 gchopin kernel: [    0.025657] IOAPIC[0]: apic_id 8, version 32, address 0xfec00000, GSI 0-23
Aug 30 15:07:49 gchopin kernel: [    0.025659] ACPI: INT_SRC_OVR (bus 0 bus_irq 0 global_irq 2 dfl dfl)
Aug 30 15:07:49 gchopin kernel: [    0.025660] ACPI: INT_SRC_OVR (bus 0 bus_irq 9 global_irq 9 low level)
Aug 30 15:07:49 gchopin kernel: [    0.025662] ACPI: Using ACPI (MADT) for SMP configuration information
Aug 30 15:07:49 gchopin kernel: [    0.025665] CPU topo: Max. logical packages:   1
Aug 30 15:07:49 gchopin kernel: [    0.025665] CPU topo: Max. logical dies:       1
Aug 30 15:07:49 gchopin kernel: [    0.025666] CPU topo: Max. dies per package:   1
Aug 30 15:07:49 gchopin kernel: [    0.025668] CPU topo: Max. threads per core:   1
Aug 30 15:07:49 gchopin kernel: [    0.025669] CPU topo: Num. cores per package:     8
Aug 30 15:07:49 gchopin kernel: [    0.025669] CPU topo: Num. threads per package:   8
Aug 30 15:07:49 gchopin kernel: [    0.025669] CPU topo: Allowing 8 present CPUs plus 0 hotplug CPUs
Aug 30 15:07:49 gchopin kernel: [    0.025687] PM: hibernation: Registered nosave memory: [mem 0x00000000-0x00000fff]
Aug 30 15:07:49 gchopin kernel: [    0.025687] PM: hibernation: Registered nosave memory: [mem 0x0009f000-0x0009ffff]
Aug 30 15:07:49 gchopin kernel: [    0.025688] PM: hibernation: Registered nosave memory: [mem 0x000a0000-0x000effff]
Aug 30 15:07:49 gchopin kernel: [    0.025688] PM: hibernation: Registered nosave memory: [mem 0x000f0000-0x000fffff]
Aug 30 15:07:49 gchopin kernel: [    0.025689] PM: hibernation: Registered nosave memory: [mem 0xdfff0000-0xdfffffff]
Aug 30 15:07:49 gchopin kernel: [    0.025689] PM: hibernation: Registered nosave memory: [mem 0xe0000000-0xfebfffff]
Aug 30 15:07:49 gchopin kernel: [    0.025690] PM: hibernation: Registered nosave memory: [mem 0xfec00000-0xfec00fff]
Aug 30 15:07:49 gchopin kernel: [    0.025690] PM: hibernation: Registered nosave memory: [mem 0xfec01000-0xfedfffff]
Aug 30 15:07:49 gchopin kernel: [    0.025690] PM: hibernation: Registered nosave memory: [mem 0xfee00000-0xfee00fff]
Aug 30 15:07:49 gchopin kernel: [    0.025691] PM: hibernation: Registered nosave memory: [mem 0xfee01000-0xfffbffff]
Aug 30 15:07:49 gchopin kernel: [    0.025691] PM: hibernation: Registered nosave memory: [mem 0xfffc0000-0xffffffff]
Aug 30 15:07:49 gchopin kernel: [    0.025692] [mem 0xe0000000-0xfebfffff] available for PCI devices
Aug 30 15:07:49 gchopin kernel: [    0.025693] Booting paravirtualized kernel on KVM
Aug 30 15:07:49 gchopin kernel: [    0.025694] clocksource: refined-jiffies: mask: 0xffffffff max_cycles: 0xffffffff, max_idle_ns: 1910969940391419 ns
Aug 30 15:07:49 gchopin kernel: [    0.029062] setup_percpu: NR_CPUS:64 nr_cpumask_bits:8 nr_cpu_ids:8 nr_node_ids:1
Aug 30 15:07:49 gchopin kernel: [    0.029387] percpu: Embedded 56 pages/cpu s192216 r8192 d28968 u262144
Aug 30 15:07:49 gchopin kernel: [    0.029390] pcpu-alloc: s192216 r8192 d28968 u262144 alloc=1*2097152
Aug 30 15:07:49 gchopin kernel: [    0.029391] pcpu-alloc: [0] 0 1 2 3 4 5 6 7 
Aug 30 15:07:49 gchopin kernel: [    0.029402] Kernel command line: BOOT_IMAGE=/vmlinuz-6.11-rc5-gchopin root=PARTUUID=643facfc-03 ro
Aug 30 15:07:49 gchopin kernel: [    0.029418] Unknown kernel command line parameters "BOOT_IMAGE=/vmlinuz-6.11-rc5-gchopin", will be passed to user space.
Aug 30 15:07:49 gchopin kernel: [    0.029426] random: crng init done
Aug 30 15:07:49 gchopin kernel: [    0.031810] Dentry cache hash table entries: 2097152 (order: 12, 16777216 bytes, linear)
Aug 30 15:07:49 gchopin kernel: [    0.032956] Inode-cache hash table entries: 1048576 (order: 11, 8388608 bytes, linear)
Aug 30 15:07:49 gchopin kernel: [    0.033018] Fallback order for Node 0: 0 
Aug 30 15:07:49 gchopin kernel: [    0.033021] Built 1 zonelists, mobility grouping on.  Total pages: 2621326
Aug 30 15:07:49 gchopin kernel: [    0.033022] Policy zone: Normal
Aug 30 15:07:49 gchopin kernel: [    0.033023] mem auto-init: stack:all(zero), heap alloc:off, heap free:off
Aug 30 15:07:49 gchopin kernel: [    0.033026] software IO TLB: area num 8.
Aug 30 15:07:49 gchopin kernel: [    0.067412] SLUB: HWalign=64, Order=0-3, MinObjects=0, CPUs=8, Nodes=1
Aug 30 15:07:49 gchopin kernel: [    0.067423] Kernel/User page tables isolation: enabled
Aug 30 15:07:49 gchopin kernel: [    0.068027] Dynamic Preempt: voluntary
Aug 30 15:07:49 gchopin kernel: [    0.068279] rcu: Preemptible hierarchical RCU implementation.
Aug 30 15:07:49 gchopin kernel: [    0.068280] rcu: ^IRCU event tracing is enabled.
Aug 30 15:07:49 gchopin kernel: [    0.068280] rcu: ^IRCU restricting CPUs from NR_CPUS=64 to nr_cpu_ids=8.
Aug 30 15:07:49 gchopin kernel: [    0.068281] ^ITrampoline variant of Tasks RCU enabled.
Aug 30 15:07:49 gchopin kernel: [    0.068281] rcu: RCU calculated value of scheduler-enlistment delay is 100 jiffies.
Aug 30 15:07:49 gchopin kernel: [    0.068282] rcu: Adjusting geometry for rcu_fanout_leaf=16, nr_cpu_ids=8
Aug 30 15:07:49 gchopin kernel: [    0.068285] RCU Tasks: Setting shift to 3 and lim to 1 rcu_task_cb_adjust=1.
Aug 30 15:07:49 gchopin kernel: [    0.068869] NR_IRQS: 4352, nr_irqs: 488, preallocated irqs: 16
Aug 30 15:07:49 gchopin kernel: [    0.069032] rcu: srcu_init: Setting srcu_struct sizes based on contention.
Aug 30 15:07:49 gchopin kernel: [    0.073357] Console: colour VGA+ 80x25
Aug 30 15:07:49 gchopin kernel: [    0.073359] printk: legacy console [tty0] enabled
Aug 30 15:07:49 gchopin kernel: [    0.093903] ACPI: Core revision 20240322
Aug 30 15:07:49 gchopin kernel: [    0.094128] APIC: Switch to symmetric I/O mode setup
Aug 30 15:07:49 gchopin kernel: [    0.094451] x2apic enabled
Aug 30 15:07:49 gchopin kernel: [    0.094754] APIC: Switched APIC routing to: physical x2apic
Aug 30 15:07:49 gchopin kernel: [    0.095723] ..TIMER: vector=0x30 apic1=0 pin1=2 apic2=-1 pin2=-1
Aug 30 15:07:49 gchopin kernel: [    0.095912] clocksource: tsc-early: mask: 0xffffffffffffffff max_cycles: 0x1e71768ef8b, max_idle_ns: 440795218977 ns
Aug 30 15:07:49 gchopin kernel: [    0.096207] Calibrating delay loop (skipped) preset value.. 4223.99 BogoMIPS (lpj=2111998)
Aug 30 15:07:49 gchopin kernel: [    0.096535] Last level iTLB entries: 4KB 0, 2MB 0, 4MB 0
Aug 30 15:07:49 gchopin kernel: [    0.096695] Last level dTLB entries: 4KB 0, 2MB 0, 4MB 0, 1GB 0
Aug 30 15:07:49 gchopin kernel: [    0.096870] Spectre V1 : Mitigation: usercopy/swapgs barriers and __user pointer sanitization
Aug 30 15:07:49 gchopin kernel: [    0.097124] Spectre V2 : Mitigation: Retpolines
Aug 30 15:07:49 gchopin kernel: [    0.097206] Spectre V2 : Spectre v2 / SpectreRSB mitigation: Filling RSB on context switch
Aug 30 15:07:49 gchopin kernel: [    0.097206] Spectre V2 : Spectre v2 / SpectreRSB : Filling RSB on VMEXIT
Aug 30 15:07:49 gchopin kernel: [    0.097206] Speculative Store Bypass: Vulnerable
Aug 30 15:07:49 gchopin kernel: [    0.097206] MDS: Mitigation: Clear CPU buffers
Aug 30 15:07:49 gchopin kernel: [    0.097206] Register File Data Sampling: Vulnerable: No microcode
Aug 30 15:07:49 gchopin kernel: [    0.097206] x86/fpu: Supporting XSAVE feature 0x001: 'x87 floating point registers'
Aug 30 15:07:49 gchopin kernel: [    0.097206] x86/fpu: Supporting XSAVE feature 0x002: 'SSE registers'
Aug 30 15:07:49 gchopin kernel: [    0.097206] x86/fpu: Supporting XSAVE feature 0x004: 'AVX registers'
Aug 30 15:07:49 gchopin kernel: [    0.097206] x86/fpu: xstate_offset[2]:  576, xstate_sizes[2]:  256
Aug 30 15:07:49 gchopin kernel: [    0.097206] x86/fpu: Enabled xstate features 0x7, context size is 832 bytes, using 'standard' format.
Aug 30 15:07:49 gchopin kernel: [    0.107322] Freeing SMP alternatives memory: 44K
Aug 30 15:07:49 gchopin kernel: [    0.107517] pid_max: default: 32768 minimum: 301
Aug 30 15:07:49 gchopin kernel: [    0.107690] LSM: initializing lsm=capability,selinux
Aug 30 15:07:49 gchopin kernel: [    0.107882] SELinux:  Initializing.
Aug 30 15:07:49 gchopin kernel: [    0.108219] Mount-cache hash table entries: 32768 (order: 6, 262144 bytes, linear)
Aug 30 15:07:49 gchopin kernel: [    0.108477] Mountpoint-cache hash table entries: 32768 (order: 6, 262144 bytes, linear)
Aug 30 15:07:49 gchopin kernel: [    0.214342] APIC calibration not consistent with PM-Timer: 101ms instead of 100ms
Aug 30 15:07:49 gchopin kernel: [    0.214587] APIC delta adjusted to PM-Timer: 6269959 (6340514)
Aug 30 15:07:49 gchopin kernel: [    0.214795] smpboot: CPU0: 12th Gen Intel(R) Core(TM) i7-12700 (family: 0x6, model: 0x97, stepping: 0x2)
Aug 30 15:07:49 gchopin kernel: [    0.215172] Performance Events: unsupported p6 CPU model 151 no PMU driver, software events only.
Aug 30 15:07:49 gchopin kernel: [    0.215206] signal: max sigframe size: 1776
Aug 30 15:07:49 gchopin kernel: [    0.215206] rcu: Hierarchical SRCU implementation.
Aug 30 15:07:49 gchopin kernel: [    0.215206] rcu: ^IMax phase no-delay instances is 400.
Aug 30 15:07:49 gchopin kernel: [    0.215384] Timer migration: 1 hierarchy levels; 8 children per group; 1 crossnode level
Aug 30 15:07:49 gchopin kernel: [    0.215723] smp: Bringing up secondary CPUs ...
Aug 30 15:07:49 gchopin kernel: [    0.215904] smpboot: x86: Booting SMP configuration:
Aug 30 15:07:49 gchopin kernel: [    0.216064] .... node  #0, CPUs:      #1 #2 #3 #4 #5 #6 #7
Aug 30 15:07:49 gchopin kernel: [    0.226300] smp: Brought up 1 node, 8 CPUs
Aug 30 15:07:49 gchopin kernel: [    0.227207] smpboot: Total of 8 processors activated (33791.96 BogoMIPS)
Aug 30 15:07:49 gchopin kernel: [    0.228229] Memory: 10185520K/10485304K available (16384K kernel code, 2606K rwdata, 5988K rodata, 2604K init, 2184K bss, 292128K reserved, 0K cma-reserved)
Aug 30 15:07:49 gchopin kernel: [    0.228757] devtmpfs: initialized
Aug 30 15:07:49 gchopin kernel: [    0.229339] clocksource: jiffies: mask: 0xffffffff max_cycles: 0xffffffff, max_idle_ns: 1911260446275000 ns
Aug 30 15:07:49 gchopin kernel: [    0.229536] futex hash table entries: 2048 (order: 5, 131072 bytes, linear)
Aug 30 15:07:49 gchopin kernel: [    0.229798] PM: RTC time: 13:07:25, date: 2024-08-30
Aug 30 15:07:49 gchopin kernel: [    0.230285] NET: Registered PF_NETLINK/PF_ROUTE protocol family
Aug 30 15:07:49 gchopin kernel: [    0.230511] audit: initializing netlink subsys (disabled)
Aug 30 15:07:49 gchopin kernel: [    0.230699] audit: type=2000 audit(1725023252.296:1): state=initialized audit_enabled=0 res=1
Aug 30 15:07:49 gchopin kernel: [    0.230699] thermal_sys: Registered thermal governor 'step_wise'
Aug 30 15:07:49 gchopin kernel: [    0.231207] thermal_sys: Registered thermal governor 'user_space'
Aug 30 15:07:49 gchopin kernel: [    0.231402] cpuidle: using governor menu
Aug 30 15:07:49 gchopin kernel: [    0.231803] PCI: Using configuration type 1 for base access
Aug 30 15:07:49 gchopin kernel: [    0.232008] kprobes: kprobe jump-optimization is enabled. All kprobes are optimized if possible.
Aug 30 15:07:49 gchopin kernel: [    0.236410] HugeTLB: registered 2.00 MiB page size, pre-allocated 0 pages
Aug 30 15:07:49 gchopin kernel: [    0.236626] HugeTLB: 28 KiB vmemmap can be freed for a 2.00 MiB page
Aug 30 15:07:49 gchopin kernel: [    0.236955] ACPI: Added _OSI(Module Device)
Aug 30 15:07:49 gchopin kernel: [    0.237111] ACPI: Added _OSI(Processor Device)
Aug 30 15:07:49 gchopin kernel: [    0.237206] ACPI: Added _OSI(3.0 _SCP Extensions)
Aug 30 15:07:49 gchopin kernel: [    0.237374] ACPI: Added _OSI(Processor Aggregator Device)
Aug 30 15:07:49 gchopin kernel: [    0.238055] ACPI: 2 ACPI AML tables successfully acquired and loaded
Aug 30 15:07:49 gchopin kernel: [    0.243789] ACPI: Interpreter enabled
Aug 30 15:07:49 gchopin kernel: [    0.243935] ACPI: PM: (supports S0 S5)
Aug 30 15:07:49 gchopin kernel: [    0.244078] ACPI: Using IOAPIC for interrupt routing
Aug 30 15:07:49 gchopin kernel: [    0.244256] PCI: Using host bridge windows from ACPI; if necessary, use "pci=nocrs" and report a bug
Aug 30 15:07:49 gchopin kernel: [    0.244547] PCI: Using E820 reservations for host bridge windows
Aug 30 15:07:49 gchopin kernel: [    0.244776] ACPI: Enabled 2 GPEs in block 00 to 07
Aug 30 15:07:49 gchopin kernel: [    0.246438] ACPI: PCI Root Bridge [PCI0] (domain 0000 [bus 00-ff])
Aug 30 15:07:49 gchopin kernel: [    0.246635] acpi PNP0A03:00: _OSC: OS supports [ASPM ClockPM Segments MSI HPX-Type3]
Aug 30 15:07:49 gchopin kernel: [    0.246898] acpi PNP0A03:00: _OSC: not requesting OS control; OS requires [ExtendedConfig ASPM ClockPM MSI]
Aug 30 15:07:49 gchopin kernel: [    0.247211] acpi PNP0A03:00: fail to add MMCONFIG information, can't access extended configuration space under this bridge
Aug 30 15:07:49 gchopin kernel: [    0.247589] PCI host bridge to bus 0000:00
Aug 30 15:07:49 gchopin kernel: [    0.247741] pci_bus 0000:00: root bus resource [io  0x0000-0x0cf7 window]
Aug 30 15:07:49 gchopin kernel: [    0.247950] pci_bus 0000:00: root bus resource [io  0x0d00-0xffff window]
Aug 30 15:07:49 gchopin kernel: [    0.248157] pci_bus 0000:00: root bus resource [mem 0x000a0000-0x000bffff window]
Aug 30 15:07:49 gchopin kernel: [    0.248206] pci_bus 0000:00: root bus resource [mem 0xe0000000-0xfdffffff window]
Aug 30 15:07:49 gchopin kernel: [    0.248463] pci_bus 0000:00: root bus resource [bus 00-ff]
Aug 30 15:07:49 gchopin kernel: [    0.248723] pci 0000:00:00.0: [8086:1237] type 00 class 0x060000 conventional PCI endpoint
Aug 30 15:07:49 gchopin kernel: [    0.249248] pci 0000:00:01.0: [8086:7000] type 00 class 0x060100 conventional PCI endpoint
Aug 30 15:07:49 gchopin kernel: [    0.249828] pci 0000:00:01.1: [8086:7111] type 00 class 0x01018a conventional PCI endpoint
Aug 30 15:07:49 gchopin kernel: [    0.250206] pci 0000:00:01.1: BAR 4 [io  0xd000-0xd00f]
Aug 30 15:07:49 gchopin kernel: [    0.250279] pci 0000:00:01.1: BAR 0 [io  0x01f0-0x01f7]: legacy IDE quirk
Aug 30 15:07:49 gchopin kernel: [    0.250486] pci 0000:00:01.1: BAR 1 [io  0x03f6]: legacy IDE quirk
Aug 30 15:07:49 gchopin kernel: [    0.250687] pci 0000:00:01.1: BAR 2 [io  0x0170-0x0177]: legacy IDE quirk
Aug 30 15:07:49 gchopin kernel: [    0.250894] pci 0000:00:01.1: BAR 3 [io  0x0376]: legacy IDE quirk
Aug 30 15:07:49 gchopin kernel: [    0.251234] pci 0000:00:02.0: [80ee:beef] type 00 class 0x030000 conventional PCI endpoint
Aug 30 15:07:49 gchopin kernel: [    0.252208] pci 0000:00:02.0: BAR 0 [mem 0xe0000000-0xe0ffffff pref]
Aug 30 15:07:49 gchopin kernel: [    0.256208] pci 0000:00:02.0: BAR 1 [io  0xd010-0xd01f]
Aug 30 15:07:49 gchopin kernel: [    0.259352] pci 0000:00:02.0: BAR 2 [mem 0xf0000000-0xf01fffff]
Aug 30 15:07:49 gchopin kernel: [    0.269256] pci 0000:00:02.0: Video device with shadowed ROM at [mem 0x000c0000-0x000dffff]
Aug 30 15:07:49 gchopin kernel: [    0.270370] pci 0000:00:03.0: [8086:100e] type 00 class 0x020000 conventional PCI endpoint
Aug 30 15:07:49 gchopin kernel: [    0.272255] pci 0000:00:03.0: BAR 0 [mem 0xf0200000-0xf021ffff]
Aug 30 15:07:49 gchopin kernel: [    0.277240] pci 0000:00:03.0: BAR 2 [io  0xd020-0xd027]
Aug 30 15:07:49 gchopin kernel: [    0.288259] pci 0000:00:04.0: [80ee:cafe] type 00 class 0x088000 conventional PCI endpoint
Aug 30 15:07:49 gchopin kernel: [    0.291243] pci 0000:00:04.0: BAR 0 [io  0xd040-0xd05f]
Aug 30 15:07:49 gchopin kernel: [    0.293234] pci 0000:00:04.0: BAR 1 [mem 0xf0400000-0xf07fffff]
Aug 30 15:07:49 gchopin kernel: [    0.296241] pci 0000:00:04.0: BAR 2 [mem 0xf0800000-0xf0803fff pref]
Aug 30 15:07:49 gchopin kernel: [    0.305422] pci 0000:00:05.0: [8086:2415] type 00 class 0x040100 conventional PCI endpoint
Aug 30 15:07:49 gchopin kernel: [    0.307218] pci 0000:00:05.0: BAR 0 [io  0xd100-0xd1ff]
Aug 30 15:07:49 gchopin kernel: [    0.308249] pci 0000:00:05.0: BAR 1 [io  0xd200-0xd23f]
Aug 30 15:07:49 gchopin kernel: [    0.310377] pci 0000:00:06.0: [106b:003f] type 00 class 0x0c0310 conventional PCI endpoint
Aug 30 15:07:49 gchopin kernel: [    0.314208] pci 0000:00:06.0: BAR 0 [mem 0xf0804000-0xf0804fff]
Aug 30 15:07:49 gchopin kernel: [    0.326281] pci 0000:00:07.0: [8086:7113] type 00 class 0x068000 conventional PCI endpoint
Aug 30 15:07:49 gchopin kernel: [    0.334241] pci 0000:00:07.0: quirk: [io  0x4000-0x403f] claimed by PIIX4 ACPI
Aug 30 15:07:49 gchopin kernel: [    0.335211] pci 0000:00:07.0: quirk: [io  0x4100-0x410f] claimed by PIIX4 SMB
Aug 30 15:07:49 gchopin kernel: [    0.335559] pci 0000:00:0b.0: [8086:265c] type 00 class 0x0c0320 conventional PCI endpoint
Aug 30 15:07:49 gchopin kernel: [    0.336252] pci 0000:00:0b.0: BAR 0 [mem 0xf0805000-0xf0805fff]
Aug 30 15:07:49 gchopin kernel: [    0.355208] pci 0000:00:0d.0: [8086:2829] type 00 class 0x010601 conventional PCI endpoint
Aug 30 15:07:49 gchopin kernel: [    0.357263] pci 0000:00:0d.0: BAR 0 [io  0xd240-0xd247]
Aug 30 15:07:49 gchopin kernel: [    0.360291] pci 0000:00:0d.0: BAR 1 [io  0xd248-0xd24b]
Aug 30 15:07:49 gchopin kernel: [    0.364210] pci 0000:00:0d.0: BAR 2 [io  0xd250-0xd257]
Aug 30 15:07:49 gchopin kernel: [    0.367238] pci 0000:00:0d.0: BAR 3 [io  0xd258-0xd25b]
Aug 30 15:07:49 gchopin kernel: [    0.369206] pci 0000:00:0d.0: BAR 4 [io  0xd260-0xd26f]
Aug 30 15:07:49 gchopin kernel: [    0.369206] pci 0000:00:0d.0: BAR 5 [mem 0xf0806000-0xf0807fff]
Aug 30 15:07:49 gchopin kernel: [    0.375260] ACPI: PCI: Interrupt link LNKA configured for IRQ 11
Aug 30 15:07:49 gchopin kernel: [    0.375539] ACPI: PCI: Interrupt link LNKB configured for IRQ 10
Aug 30 15:07:49 gchopin kernel: [    0.375767] ACPI: PCI: Interrupt link LNKC configured for IRQ 9
Aug 30 15:07:49 gchopin kernel: [    0.375993] ACPI: PCI: Interrupt link LNKD configured for IRQ 11
Aug 30 15:07:49 gchopin kernel: [    0.376216] iommu: Default domain type: Translated
Aug 30 15:07:49 gchopin kernel: [    0.376388] iommu: DMA domain TLB invalidation policy: lazy mode
Aug 30 15:07:49 gchopin kernel: [    0.376620] SCSI subsystem initialized
Aug 30 15:07:49 gchopin kernel: [    0.376778] libata version 3.00 loaded.
Aug 30 15:07:49 gchopin kernel: [    0.376778] ACPI: bus type USB registered
Aug 30 15:07:49 gchopin kernel: [    0.376778] usbcore: registered new interface driver usbfs
Aug 30 15:07:49 gchopin kernel: [    0.376778] usbcore: registered new interface driver hub
Aug 30 15:07:49 gchopin kernel: [    0.377209] usbcore: registered new device driver usb
Aug 30 15:07:49 gchopin kernel: [    0.377391] pps_core: LinuxPPS API ver. 1 registered
Aug 30 15:07:49 gchopin kernel: [    0.377564] pps_core: Software ver. 5.3.6 - Copyright 2005-2007 Rodolfo Giometti <giometti@linux.it>
Aug 30 15:07:49 gchopin kernel: [    0.377864] PTP clock support registered
Aug 30 15:07:49 gchopin kernel: [    0.378023] Advanced Linux Sound Architecture Driver Initialized.
Aug 30 15:07:49 gchopin kernel: [    0.378281] NetLabel: Initializing
Aug 30 15:07:49 gchopin kernel: [    0.378422] NetLabel:  domain hash size = 128
Aug 30 15:07:49 gchopin kernel: [    0.378583] NetLabel:  protocols = UNLABELED CIPSOv4 CALIPSO
Aug 30 15:07:49 gchopin kernel: [    0.378780] NetLabel:  unlabeled traffic allowed by default
Aug 30 15:07:49 gchopin kernel: [    0.379248] PCI: Using ACPI for IRQ routing
Aug 30 15:07:49 gchopin kernel: [    0.379371] PCI: pci_cache_line_size set to 64 bytes
Aug 30 15:07:49 gchopin kernel: [    0.379474] e820: reserve RAM buffer [mem 0x0009fc00-0x0009ffff]
Aug 30 15:07:49 gchopin kernel: [    0.379475] e820: reserve RAM buffer [mem 0xdfff0000-0xdfffffff]
Aug 30 15:07:49 gchopin kernel: [    0.379483] pci 0000:00:02.0: vgaarb: setting as boot VGA device
Aug 30 15:07:49 gchopin kernel: [    0.379483] pci 0000:00:02.0: vgaarb: bridge control possible
Aug 30 15:07:49 gchopin kernel: [    0.379616] pci 0000:00:02.0: vgaarb: VGA device added: decodes=io+mem,owns=io+mem,locks=none
Aug 30 15:07:49 gchopin kernel: [    0.380207] vgaarb: loaded
Aug 30 15:07:49 gchopin kernel: [    0.380757] clocksource: Switched to clocksource kvm-clock
Aug 30 15:07:49 gchopin kernel: [    0.380992] VFS: Disk quotas dquot_6.6.0
Aug 30 15:07:49 gchopin kernel: [    0.380992] VFS: Dquot-cache hash table entries: 512 (order 0, 4096 bytes)
Aug 30 15:07:49 gchopin kernel: [    0.380992] pnp: PnP ACPI init
Aug 30 15:07:49 gchopin kernel: [    0.381565] pnp: PnP ACPI: found 2 devices
Aug 30 15:07:49 gchopin kernel: [    0.389055] clocksource: acpi_pm: mask: 0xffffff max_cycles: 0xffffff, max_idle_ns: 2085701024 ns
Aug 30 15:07:49 gchopin kernel: [    0.389368] NET: Registered PF_INET protocol family
Aug 30 15:07:49 gchopin kernel: [    0.389876] IP idents hash table entries: 262144 (order: 9, 2097152 bytes, linear)
Aug 30 15:07:49 gchopin kernel: [    0.390052] tcp_listen_portaddr_hash hash table entries: 8192 (order: 5, 131072 bytes, linear)
Aug 30 15:07:49 gchopin kernel: [    0.390052] Table-perturb hash table entries: 65536 (order: 6, 262144 bytes, linear)
Aug 30 15:07:49 gchopin kernel: [    0.390052] TCP established hash table entries: 131072 (order: 8, 1048576 bytes, linear)
Aug 30 15:07:49 gchopin kernel: [    0.390052] TCP bind hash table entries: 65536 (order: 9, 2097152 bytes, linear)
Aug 30 15:07:49 gchopin kernel: [    0.390052] TCP: Hash tables configured (established 131072 bind 65536)
Aug 30 15:07:49 gchopin kernel: [    0.390052] MPTCP token hash table entries: 16384 (order: 6, 393216 bytes, linear)
Aug 30 15:07:49 gchopin kernel: [    0.390052] UDP hash table entries: 8192 (order: 6, 262144 bytes, linear)
Aug 30 15:07:49 gchopin kernel: [    0.390052] UDP-Lite hash table entries: 8192 (order: 6, 262144 bytes, linear)
Aug 30 15:07:49 gchopin kernel: [    0.390052] NET: Registered PF_UNIX/PF_LOCAL protocol family
Aug 30 15:07:49 gchopin kernel: [    0.394903] RPC: Registered named UNIX socket transport module.
Aug 30 15:07:49 gchopin kernel: [    0.395099] RPC: Registered udp transport module.
Aug 30 15:07:49 gchopin kernel: [    0.395273] RPC: Registered tcp transport module.
Aug 30 15:07:49 gchopin kernel: [    0.395443] RPC: Registered tcp-with-tls transport module.
Aug 30 15:07:49 gchopin kernel: [    0.395629] RPC: Registered tcp NFSv4.1 backchannel transport module.
Aug 30 15:07:49 gchopin kernel: [    0.395849] pci_bus 0000:00: resource 4 [io  0x0000-0x0cf7 window]
Aug 30 15:07:49 gchopin kernel: [    0.396052] pci_bus 0000:00: resource 5 [io  0x0d00-0xffff window]
Aug 30 15:07:49 gchopin kernel: [    0.396255] pci_bus 0000:00: resource 6 [mem 0x000a0000-0x000bffff window]
Aug 30 15:07:49 gchopin kernel: [    0.396472] pci_bus 0000:00: resource 7 [mem 0xe0000000-0xfdffffff window]
Aug 30 15:07:49 gchopin kernel: [    0.396709] pci 0000:00:00.0: Limiting direct PCI/PCI transfers
Aug 30 15:07:49 gchopin kernel: [    0.397669] PCI: CLS 0 bytes, default 64
Aug 30 15:07:49 gchopin kernel: [    0.397848] PCI-DMA: Using software bounce buffering for IO (SWIOTLB)
Aug 30 15:07:49 gchopin kernel: [    0.398077] software IO TLB: mapped [mem 0x00000000dbff0000-0x00000000dfff0000] (64MB)
Aug 30 15:07:49 gchopin kernel: [    0.406051] RAPL PMU: API unit is 2^-32 Joules, 0 fixed counters, 10737418240 ms ovfl timer
Aug 30 15:07:49 gchopin kernel: [    0.406343] clocksource: tsc: mask: 0xffffffffffffffff max_cycles: 0x1e71768ef8b, max_idle_ns: 440795218977 ns
Aug 30 15:07:49 gchopin kernel: [    0.406870] clocksource: Switched to clocksource tsc
Aug 30 15:07:49 gchopin kernel: [    0.407054] platform rtc_cmos: registered platform RTC device (no PNP device found)
Aug 30 15:07:49 gchopin kernel: [    0.409413] Initialise system trusted keyrings
Aug 30 15:07:49 gchopin kernel: [    0.409733] workingset: timestamp_bits=40 max_order=22 bucket_order=0
Aug 30 15:07:49 gchopin kernel: [    0.410030] NFS: Registering the id_resolver key type
Aug 30 15:07:49 gchopin kernel: [    0.410206] Key type id_resolver registered
Aug 30 15:07:49 gchopin kernel: [    0.410360] Key type id_legacy registered
Aug 30 15:07:49 gchopin kernel: [    0.410570] fuse: init (API version 7.40)
Aug 30 15:07:49 gchopin kernel: [    0.410769] 9p: Installing v9fs 9p2000 file system support
Aug 30 15:07:49 gchopin kernel: [    0.416814] NET: Registered PF_ALG protocol family
Aug 30 15:07:49 gchopin kernel: [    0.416814] Key type asymmetric registered
Aug 30 15:07:49 gchopin kernel: [    0.416814] Asymmetric key parser 'x509' registered
Aug 30 15:07:49 gchopin kernel: [    0.416814] Block layer SCSI generic (bsg) driver version 0.4 loaded (major 251)
Aug 30 15:07:49 gchopin kernel: [    0.416814] io scheduler mq-deadline registered
Aug 30 15:07:49 gchopin kernel: [    0.416814] io scheduler kyber registered
Aug 30 15:07:49 gchopin kernel: [    0.420274] ACPI: AC: AC Adapter [AC] (on-line)
Aug 30 15:07:49 gchopin kernel: [    0.420458] input: Power Button as /devices/LNXSYSTM:00/LNXPWRBN:00/input/input0
Aug 30 15:07:49 gchopin kernel: [    0.420745] ACPI: button: Power Button [PWRF]
Aug 30 15:07:49 gchopin kernel: [    0.420922] input: Sleep Button as /devices/LNXSYSTM:00/LNXSLPBN:00/input/input1
Aug 30 15:07:49 gchopin kernel: [    0.421198] ACPI: button: Sleep Button [SLPF]
Aug 30 15:07:49 gchopin kernel: [    0.421374] ACPI: video: Video Device [GFX0] (multi-head: yes  rom: no  post: no)
Aug 30 15:07:49 gchopin kernel: [    0.421654] input: Video Bus as /devices/LNXSYSTM:00/LNXSYBUS:00/PNP0A03:00/LNXVIDEO:00/input/input2
Aug 30 15:07:49 gchopin kernel: [    0.422639] Serial: 8250/16550 driver, 4 ports, IRQ sharing enabled
Aug 30 15:07:49 gchopin kernel: [    0.423295] Non-volatile memory driver v1.3
Aug 30 15:07:49 gchopin kernel: [    0.423455] Linux agpgart interface v0.103
Aug 30 15:07:49 gchopin kernel: [    0.423651] ACPI: bus type drm_connector registered
Aug 30 15:07:49 gchopin kernel: [    0.425180] brd: module loaded
Aug 30 15:07:49 gchopin kernel: [    0.426144] loop: module loaded
Aug 30 15:07:49 gchopin kernel: [    0.426303] ahci 0000:00:0d.0: version 3.0
Aug 30 15:07:49 gchopin kernel: [    0.426508] ahci 0000:00:0d.0: SSS flag set, parallel bus scan disabled
Aug 30 15:07:49 gchopin kernel: [    0.426820] ahci 0000:00:0d.0: AHCI vers 0001.0100, 32 command slots, 3 Gbps, SATA mode
Aug 30 15:07:49 gchopin kernel: [    0.427089] ahci 0000:00:0d.0: 3/3 ports implemented (port mask 0x7)
Aug 30 15:07:49 gchopin kernel: [    0.427108] ahci 0000:00:0d.0: flags: 64bit ncq stag only ccc 
Aug 30 15:07:49 gchopin kernel: [    0.427902] scsi host0: ahci
Aug 30 15:07:49 gchopin kernel: [    0.428119] scsi host1: ahci
Aug 30 15:07:49 gchopin kernel: [    0.428329] scsi host2: ahci
Aug 30 15:07:49 gchopin kernel: [    0.428470] ata1: SATA max UDMA/133 abar m8192@0xf0806000 port 0xf0806100 irq 21 lpm-pol 0
Aug 30 15:07:49 gchopin kernel: [    0.428749] ata2: SATA max UDMA/133 abar m8192@0xf0806000 port 0xf0806180 irq 21 lpm-pol 0
Aug 30 15:07:49 gchopin kernel: [    0.429026] ata3: SATA max UDMA/133 abar m8192@0xf0806000 port 0xf0806200 irq 21 lpm-pol 0
Aug 30 15:07:49 gchopin kernel: [    0.429311] ata_piix 0000:00:01.1: version 2.13
Aug 30 15:07:49 gchopin kernel: [    0.429632] scsi host3: ata_piix
Aug 30 15:07:49 gchopin kernel: [    0.429883] scsi host4: ata_piix
Aug 30 15:07:49 gchopin kernel: [    0.430026] ata4: PATA max UDMA/33 cmd 0x1f0 ctl 0x3f6 bmdma 0xd000 irq 14 lpm-pol 0
Aug 30 15:07:49 gchopin kernel: [    0.430290] ata5: PATA max UDMA/33 cmd 0x170 ctl 0x376 bmdma 0xd008 irq 15 lpm-pol 0
Aug 30 15:07:49 gchopin kernel: [    0.431007] e100: Intel(R) PRO/100 Network Driver
Aug 30 15:07:49 gchopin kernel: [    0.431180] e100: Copyright(c) 1999-2006 Intel Corporation
Aug 30 15:07:49 gchopin kernel: [    0.431378] e1000: Intel(R) PRO/1000 Network Driver
Aug 30 15:07:49 gchopin kernel: [    0.431554] e1000: Copyright (c) 1999-2006 Intel Corporation.
Aug 30 15:07:49 gchopin kernel: [    1.052797] ata5.00: ATAPI: VBOX CD-ROM, 1.0, max UDMA/133
Aug 30 15:07:49 gchopin kernel: [    1.142659] ata1: SATA link up 3.0 Gbps (SStatus 123 SControl 300)
Aug 30 15:07:49 gchopin kernel: [    1.143105] ata1.00: ATA-6: VBOX HARDDISK, 1.0, max UDMA/133
Aug 30 15:07:49 gchopin kernel: [    1.143305] ata1.00: 83886080 sectors, multi 128: LBA48 NCQ (depth 32)
Aug 30 15:07:49 gchopin kernel: [    1.144023] ata1.00: configured for UDMA/133
Aug 30 15:07:49 gchopin kernel: [    1.144506] scsi 0:0:0:0: Direct-Access     ATA      VBOX HARDDISK    1.0  PQ: 0 ANSI: 5
Aug 30 15:07:49 gchopin kernel: [    1.144805] sd 0:0:0:0: [sda] 83886080 512-byte logical blocks: (42.9 GB/40.0 GiB)
Aug 30 15:07:49 gchopin kernel: [    1.145159] sd 0:0:0:0: Attached scsi generic sg0 type 0
Aug 30 15:07:49 gchopin kernel: [    1.145361] sd 0:0:0:0: [sda] Write Protect is off
Aug 30 15:07:49 gchopin kernel: [    1.145528] sd 0:0:0:0: [sda] Mode Sense: 00 3a 00 00
Aug 30 15:07:49 gchopin kernel: [    1.145532] sd 0:0:0:0: [sda] Write cache: enabled, read cache: enabled, doesn't support DPO or FUA
Aug 30 15:07:49 gchopin kernel: [    1.145831] sd 0:0:0:0: [sda] Preferred minimum I/O size 512 bytes
Aug 30 15:07:49 gchopin kernel: [    1.369245] e1000 0000:00:03.0 eth0: (PCI:33MHz:32-bit) 08:00:27:6c:3a:63
Aug 30 15:07:49 gchopin kernel: [    1.369245] e1000 0000:00:03.0 eth0: Intel(R) PRO/1000 Network Connection
Aug 30 15:07:49 gchopin kernel: [    1.369245] e1000e: Intel(R) PRO/1000 Network Driver
Aug 30 15:07:49 gchopin kernel: [    1.369245] e1000e: Copyright(c) 1999 - 2015 Intel Corporation.
Aug 30 15:07:49 gchopin kernel: [    1.369245] sky2: driver version 1.30
Aug 30 15:07:49 gchopin kernel: [    1.380374] ohci-pci 0000:00:06.0: OHCI PCI host controller
Aug 30 15:07:49 gchopin kernel: [    1.380622] ohci-pci 0000:00:06.0: new USB bus registered, assigned bus number 1
Aug 30 15:07:49 gchopin kernel: [    1.380937] ohci-pci 0000:00:06.0: irq 22, io mem 0xf0804000
Aug 30 15:07:49 gchopin kernel: [    1.538667] usb usb1: New USB device found, idVendor=1d6b, idProduct=0001, bcdDevice= 6.11
Aug 30 15:07:49 gchopin kernel: [    1.538999] usb usb1: New USB device strings: Mfr=3, Product=2, SerialNumber=1
Aug 30 15:07:49 gchopin kernel: [    1.539255] usb usb1: Product: OHCI PCI host controller
Aug 30 15:07:49 gchopin kernel: [    1.539430] usb usb1: Manufacturer: Linux 6.11.0-rc5-gchopin-g20371ba12063-dirty ohci_hcd
Aug 30 15:07:49 gchopin kernel: [    1.539693] usb usb1: SerialNumber: 0000:00:06.0
Aug 30 15:07:49 gchopin kernel: [    1.540090] hub 1-0:1.0: USB hub found
Aug 30 15:07:49 gchopin kernel: [    1.540238] hub 1-0:1.0: 12 ports detected
Aug 30 15:07:49 gchopin kernel: [    1.540563] usbcore: registered new interface driver usblp
Aug 30 15:07:49 gchopin kernel: [    1.540757] usbcore: registered new interface driver usb-storage
Aug 30 15:07:49 gchopin kernel: [    1.540953] i8042: PNP: PS/2 Controller [PNP0303:PS2K,PNP0f03:PS2M] at 0x60,0x64 irq 1,12
Aug 30 15:07:49 gchopin kernel: [    1.541736] ehci-pci 0000:00:0b.0: EHCI Host Controller
Aug 30 15:07:49 gchopin kernel: [    1.541983] serio: i8042 KBD port at 0x60,0x64 irq 1
Aug 30 15:07:49 gchopin kernel: [    1.542148] ehci-pci 0000:00:0b.0: new USB bus registered, assigned bus number 2
Aug 30 15:07:49 gchopin kernel: [    1.542186] serio: i8042 AUX port at 0x60,0x64 irq 12
Aug 30 15:07:49 gchopin kernel: [    1.542579] ehci-pci 0000:00:0b.0: irq 19, io mem 0xf0805000
Aug 30 15:07:49 gchopin kernel: [    1.542846] mousedev: PS/2 mouse device common for all mice
Aug 30 15:07:49 gchopin kernel: [    1.543663] rtc_cmos rtc_cmos: registered as rtc0
Aug 30 15:07:49 gchopin kernel: [    1.543870] rtc_cmos rtc_cmos: alarms up to one day, 114 bytes nvram
Aug 30 15:07:49 gchopin kernel: [    1.544093] fail to initialize ptp_kvm
Aug 30 15:07:49 gchopin kernel: [    1.544125] device-mapper: ioctl: 4.48.0-ioctl (2023-03-01) initialised: dm-devel@lists.linux.dev
Aug 30 15:07:49 gchopin kernel: [    1.544568] input: AT Translated Set 2 keyboard as /devices/platform/i8042/serio0/input/input3
Aug 30 15:07:49 gchopin kernel: [    1.544882] intel_pstate: CPU model not supported
Aug 30 15:07:49 gchopin kernel: [    1.545067] hid: raw HID events driver (C) Jiri Kosina
Aug 30 15:07:49 gchopin kernel: [    1.545489] usbcore: registered new interface driver usbhid
Aug 30 15:07:49 gchopin kernel: [    1.545674] usbhid: USB HID core driver
Aug 30 15:07:49 gchopin kernel: [    1.546696] ipip: IPv4 and MPLS over IPv4 tunneling driver
Aug 30 15:07:49 gchopin kernel: [    1.546937] gre: GRE over IPv4 demultiplexor driver
Aug 30 15:07:49 gchopin kernel: [    1.547110] ip_gre: GRE over IPv4 tunneling driver
Aug 30 15:07:49 gchopin kernel: [    1.547486] Initializing XFRM netlink socket
Aug 30 15:07:49 gchopin kernel: [    1.547664] NET: Registered PF_INET6 protocol family
Aug 30 15:07:49 gchopin kernel: [    1.548343] Segment Routing with IPv6
Aug 30 15:07:49 gchopin kernel: [    1.548499] In-situ OAM (IOAM) with IPv6
Aug 30 15:07:49 gchopin kernel: [    1.548665] sit: IPv6, IPv4 and MPLS over IPv4 tunneling driver
Aug 30 15:07:49 gchopin kernel: [    1.548940] ip6_gre: GRE over IPv6 tunneling driver
Aug 30 15:07:49 gchopin kernel: [    1.549141] NET: Registered PF_PACKET protocol family
Aug 30 15:07:49 gchopin kernel: [    1.549319] 8021q: 802.1Q VLAN Support v1.8
Aug 30 15:07:49 gchopin kernel: [    1.549479] 9pnet: Installing 9P2000 support
Aug 30 15:07:49 gchopin kernel: [    1.549642] Key type dns_resolver registered
Aug 30 15:07:49 gchopin kernel: [    1.550001] ehci-pci 0000:00:0b.0: USB 2.0 started, EHCI 1.00
Aug 30 15:07:49 gchopin kernel: [    1.550232] usb usb2: New USB device found, idVendor=1d6b, idProduct=0002, bcdDevice= 6.11
Aug 30 15:07:49 gchopin kernel: [    1.550515] usb usb2: New USB device strings: Mfr=3, Product=2, SerialNumber=1
Aug 30 15:07:49 gchopin kernel: [    1.550838] IPI shorthand broadcast: enabled
Aug 30 15:07:49 gchopin kernel: [    1.550907]  sda: sda1 sda2 sda3
Aug 30 15:07:49 gchopin kernel: [    1.551013] usb usb2: Product: EHCI Host Controller
Aug 30 15:07:49 gchopin kernel: [    1.551233] sd 0:0:0:0: [sda] Attached SCSI disk
Aug 30 15:07:49 gchopin kernel: [    1.551328] usb usb2: Manufacturer: Linux 6.11.0-rc5-gchopin-g20371ba12063-dirty ehci_hcd
Aug 30 15:07:49 gchopin kernel: [    1.551726] sched_clock: Marking stable (1524405463, 26804230)->(1593608963, -42399270)
Aug 30 15:07:49 gchopin kernel: [    1.551768] usb usb2: SerialNumber: 0000:00:0b.0
Aug 30 15:07:49 gchopin kernel: [    1.551833] hub 2-0:1.0: USB hub found
Aug 30 15:07:49 gchopin kernel: [    1.552372] hub 2-0:1.0: 12 ports detected
Aug 30 15:07:49 gchopin kernel: [    1.552473] registered taskstats version 1
Aug 30 15:07:49 gchopin kernel: [    1.552699] Loading compiled-in X.509 certificates
Aug 30 15:07:49 gchopin kernel: [    1.553595] Demotion targets for Node 0: null
Aug 30 15:07:49 gchopin kernel: [    1.553852] PM:   Magic number: 4:710:130
Aug 30 15:07:49 gchopin kernel: [    1.554025] acpi device:05: hash matches
Aug 30 15:07:49 gchopin kernel: [    1.554179] printk: legacy console [netcon0] enabled
Aug 30 15:07:49 gchopin kernel: [    1.554351] netconsole: network logging started
Aug 30 15:07:49 gchopin kernel: [    1.554577] ALSA device list:
Aug 30 15:07:49 gchopin kernel: [    1.554705]   No soundcards found.
Aug 30 15:07:49 gchopin kernel: [    1.999099] ata2: SATA link down (SStatus 0 SControl 300)
Aug 30 15:07:49 gchopin kernel: [    2.834033] ata3: SATA link down (SStatus 0 SControl 300)
Aug 30 15:07:49 gchopin kernel: [    2.834902] scsi 4:0:0:0: CD-ROM            VBOX     CD-ROM           1.0  PQ: 0 ANSI: 5
Aug 30 15:07:49 gchopin kernel: [    2.839138] input: ImExPS/2 Generic Explorer Mouse as /devices/platform/i8042/serio1/input/input5
Aug 30 15:07:49 gchopin kernel: [    3.369353] sr 4:0:0:0: [sr0] scsi3-mmc drive: 32x/32x xa/form2 tray
Aug 30 15:07:49 gchopin kernel: [    3.369892] cdrom: Uniform CD-ROM driver Revision: 3.20
Aug 30 15:07:49 gchopin kernel: [    4.040723] sr 4:0:0:0: Attached scsi CD-ROM sr0
Aug 30 15:07:49 gchopin kernel: [    4.040905] sr 4:0:0:0: Attached scsi generic sg1 type 5
Aug 30 15:07:49 gchopin kernel: [    4.041779] md: Waiting for all devices to be available before autodetect
Aug 30 15:07:49 gchopin kernel: [    4.041998] md: If you don't use raid, use raid=noautodetect
Aug 30 15:07:49 gchopin kernel: [    4.042179] md: Autodetecting RAID arrays.
Aug 30 15:07:49 gchopin kernel: [    4.042325] md: autorun ...
Aug 30 15:07:49 gchopin kernel: [    4.042444] md: ... autorun DONE.
Aug 30 15:07:49 gchopin kernel: [    4.070029] EXT4-fs (sda3): mounted filesystem 849c14f9-1af6-4c59-be69-708f5a0ca971 ro with ordered data mode. Quota mode: none.
Aug 30 15:07:49 gchopin kernel: [    4.070395] VFS: Mounted root (ext4 filesystem) readonly on device 8:3.
Aug 30 15:07:49 gchopin kernel: [    4.081570] devtmpfs: mounted
Aug 30 15:07:49 gchopin kernel: [    4.082262] Freeing unused kernel image (initmem) memory: 2604K
Aug 30 15:07:49 gchopin kernel: [    4.082613] Write protecting the kernel read-only data: 22528k
Aug 30 15:07:49 gchopin kernel: [    4.083203] Freeing unused kernel image (rodata/data gap) memory: 156K
Aug 30 15:07:49 gchopin kernel: [    4.111998] x86/mm: Checked W+X mappings: passed, no W+X pages found.
Aug 30 15:07:49 gchopin kernel: [    4.112195] x86/mm: Checking user space page tables
Aug 30 15:07:49 gchopin kernel: [    4.139159] x86/mm: Checked W+X mappings: passed, no W+X pages found.
Aug 30 15:07:49 gchopin kernel: [    4.139365] Run /sbin/init as init process
Aug 30 15:07:49 gchopin kernel: [    4.139528]   with arguments:
Aug 30 15:07:49 gchopin kernel: [    4.139528]     /sbin/init
Aug 30 15:07:49 gchopin kernel: [    4.139529]   with environment:
Aug 30 15:07:49 gchopin kernel: [    4.139529]     HOME=/
Aug 30 15:07:49 gchopin kernel: [    4.139529]     TERM=linux
Aug 30 15:07:49 gchopin kernel: [    4.139530]     BOOT_IMAGE=/vmlinuz-6.11-rc5-gchopin
Aug 30 15:07:49 gchopin kernel: [    4.496056] stty (122) used greatest stack depth: 13104 bytes left
Aug 30 15:07:49 gchopin kernel: [    4.639368] mount (129) used greatest stack depth: 13056 bytes left
Aug 30 15:07:49 gchopin kernel: [    4.936586] ip (223) used greatest stack depth: 12672 bytes left
Aug 30 15:07:49 gchopin kernel: <30>[    5.142956] udevd[248]: Starting systemd-udevd version 254
Aug 30 15:07:49 gchopin kernel: <30>[    5.198012] udevd[249]: Using default interface naming scheme 'v253'.
Aug 30 15:07:49 gchopin kernel: [    5.758218] vboxvideo 0000:00:02.0: vgaarb: deactivate vga console
Aug 30 15:07:49 gchopin kernel: [    5.759489] Console: switching to colour dummy device 80x25
Aug 30 15:07:49 gchopin kernel: [    5.759679] [drm] VRAM 01000000
Aug 30 15:07:49 gchopin kernel: [    5.760342] [drm] Initialized vboxvideo 1.0.0 for 0000:00:02.0 on minor 0
Aug 30 15:07:49 gchopin kernel: [    5.760876] fbcon: vboxvideodrmfb (fb0) is primary device
Aug 30 15:07:49 gchopin kernel: [    5.762293] vboxvideo 0000:00:02.0: [drm] drm_plane_enable_fb_damage_clips() not called
Aug 30 15:07:49 gchopin kernel: [    5.762298] Console: switching to colour frame buffer device 100x37
Aug 30 15:07:49 gchopin kernel: [    5.762496] vboxvideo 0000:00:02.0: [drm] fb0: vboxvideodrmfb frame buffer device
Aug 30 15:07:49 gchopin kernel: [    6.013605] snd_intel8x0 0000:00:05.0: allow list rate for 1028:0177 is 48000
Aug 30 15:07:49 gchopin kernel: [    7.039226] clocksource: Long readout interval, skipping watchdog check: cs_nsec: 1438335462 wd_nsec: 1438334217
Aug 30 15:07:49 gchopin kernel: [   23.105192] Adding 2097148k swap on /dev/sda2.  Priority:1 extents:1 across:2097148k 
Aug 30 15:07:49 gchopin kernel: [   23.126857] EXT4-fs (sda3): re-mounted 849c14f9-1af6-4c59-be69-708f5a0ca971 ro. Quota mode: none.
Aug 30 15:07:49 gchopin kernel: [   23.310305] EXT4-fs (sda3): re-mounted 849c14f9-1af6-4c59-be69-708f5a0ca971 r/w. Quota mode: none.
Aug 30 15:07:49 gchopin kernel: [   23.332580] EXT4-fs (sda1): mounting ext2 file system using the ext4 subsystem
Aug 30 15:07:49 gchopin kernel: [   23.358355] EXT4-fs (sda1): mounted filesystem 69efa423-e957-4dc9-9f2f-ed43e5d4ecfd r/w without journal. Quota mode: none.
Aug 30 15:07:49 gchopin kernel: [   24.482424] 8021q: adding VLAN 0 to HW filter on device eth0
Aug 30 15:07:49 gchopin kernel: [   24.483297] e1000: eth0 NIC Link is Up 1000 Mbps Full Duplex, Flow Control: RX
