Oct 10 11:31:17 gchopin kernel: klogd 1.5.1, log source = /proc/kmsg started.
Oct 10 11:31:17 gchopin kernel: Inspecting /boot/System.map-6.12.0-rc2-gchopin-thor_kernel-g55b2e94972be
Oct 10 11:31:17 gchopin kernel: Cannot find map file.
Oct 10 11:31:17 gchopin kernel: Loaded 158012 symbols from 4 modules.
Oct 10 11:31:17 gchopin kernel: [    0.000000] Linux version 6.12.0-rc2-gchopin-thor_kernel-g55b2e94972be (root@gchopin) (gcc (GCC) 13.2.0, GNU ld (GNU Binutils) 2.41) #1 SMP PREEMPT_DYNAMIC Thu Oct 10 09:51:40 CEST 2024
Oct 10 11:31:17 gchopin kernel: [    0.000000] Command line: BOOT_IMAGE=/vmlinuz-6.12.0-rc2-gchopin-thor_kernel root=PARTUUID=643facfc-03 ro
Oct 10 11:31:17 gchopin kernel: [    0.000000] BIOS-provided physical RAM map:
Oct 10 11:31:17 gchopin kernel: [    0.000000] BIOS-e820: [mem 0x0000000000000000-0x000000000009fbff] usable
Oct 10 11:31:17 gchopin kernel: [    0.000000] BIOS-e820: [mem 0x000000000009fc00-0x000000000009ffff] reserved
Oct 10 11:31:17 gchopin kernel: [    0.000000] BIOS-e820: [mem 0x00000000000f0000-0x00000000000fffff] reserved
Oct 10 11:31:17 gchopin kernel: [    0.000000] BIOS-e820: [mem 0x0000000000100000-0x000000007ffdbfff] usable
Oct 10 11:31:17 gchopin kernel: [    0.000000] BIOS-e820: [mem 0x000000007ffdc000-0x000000007fffffff] reserved
Oct 10 11:31:17 gchopin kernel: [    0.000000] BIOS-e820: [mem 0x00000000b0000000-0x00000000bfffffff] reserved
Oct 10 11:31:17 gchopin kernel: [    0.000000] BIOS-e820: [mem 0x00000000fed1c000-0x00000000fed1ffff] reserved
Oct 10 11:31:17 gchopin kernel: [    0.000000] BIOS-e820: [mem 0x00000000feffc000-0x00000000feffffff] reserved
Oct 10 11:31:17 gchopin kernel: [    0.000000] BIOS-e820: [mem 0x00000000fffc0000-0x00000000ffffffff] reserved
Oct 10 11:31:17 gchopin kernel: [    0.000000] BIOS-e820: [mem 0x0000000100000000-0x00000002ffffffff] usable
Oct 10 11:31:17 gchopin kernel: [    0.000000] NX (Execute Disable) protection: active
Oct 10 11:31:17 gchopin kernel: [    0.000000] APIC: Static calls initialized
Oct 10 11:31:17 gchopin kernel: [    0.000000] SMBIOS 2.8 present.
Oct 10 11:31:17 gchopin kernel: [    0.000000] DMI: QEMU Standard PC (Q35 + ICH9, 2009), BIOS 1.15.0-1 04/01/2014
Oct 10 11:31:17 gchopin kernel: [    0.000000] DMI: Memory slots populated: 1/1
Oct 10 11:31:17 gchopin kernel: [    0.000000] Hypervisor detected: KVM
Oct 10 11:31:17 gchopin kernel: [    0.000000] kvm-clock: Using msrs 4b564d01 and 4b564d00
Oct 10 11:31:17 gchopin kernel: [    0.000000] kvm-clock: using sched offset of 9023966416636 cycles
Oct 10 11:31:17 gchopin kernel: [    0.000003] clocksource: kvm-clock: mask: 0xffffffffffffffff max_cycles: 0x1cd42e4dffb, max_idle_ns: 881590591483 ns
Oct 10 11:31:17 gchopin kernel: [    0.000008] tsc: Detected 2112.000 MHz processor
Oct 10 11:31:17 gchopin kernel: [    0.000465] e820: update [mem 0x00000000-0x00000fff] usable ==> reserved
Oct 10 11:31:17 gchopin kernel: [    0.000466] e820: remove [mem 0x000a0000-0x000fffff] usable
Oct 10 11:31:17 gchopin kernel: [    0.000469] last_pfn = 0x300000 max_arch_pfn = 0x400000000
Oct 10 11:31:17 gchopin kernel: [    0.000488] MTRR map: 4 entries (3 fixed + 1 variable; max 19), built from 8 variable MTRRs
Oct 10 11:31:17 gchopin kernel: [    0.000496] x86/PAT: Configuration [0-7]: WB  WC  UC- UC  WB  WP  UC- WT  
Oct 10 11:31:17 gchopin kernel: [    0.000522] last_pfn = 0x7ffdc max_arch_pfn = 0x400000000
Oct 10 11:31:17 gchopin kernel: [    0.004684] found SMP MP-table at [mem 0x000f5b40-0x000f5b4f]
Oct 10 11:31:17 gchopin kernel: [    0.004694] Using GB pages for direct mapping
Oct 10 11:31:17 gchopin kernel: [    0.004694] Incomplete global flushes, disabling PCID
Oct 10 11:31:17 gchopin kernel: [    0.004741] ACPI: Early table checksum verification disabled
Oct 10 11:31:17 gchopin kernel: [    0.004753] ACPI: RSDP 0x00000000000F58B0 000014 (v00 BOCHS )
Oct 10 11:31:17 gchopin kernel: [    0.004761] ACPI: RSDT 0x000000007FFE2B0A 000034 (v01 BOCHS  BXPC     00000001 BXPC 00000001)
Oct 10 11:31:17 gchopin kernel: [    0.004768] ACPI: FACP 0x000000007FFE2922 0000F4 (v03 BOCHS  BXPC     00000001 BXPC 00000001)
Oct 10 11:31:17 gchopin kernel: [    0.004773] ACPI: DSDT 0x000000007FFE0040 0028E2 (v01 BOCHS  BXPC     00000001 BXPC 00000001)
Oct 10 11:31:17 gchopin kernel: [    0.004775] ACPI: FACS 0x000000007FFE0000 000040
Oct 10 11:31:17 gchopin kernel: [    0.004777] ACPI: APIC 0x000000007FFE2A16 000090 (v01 BOCHS  BXPC     00000001 BXPC 00000001)
Oct 10 11:31:17 gchopin kernel: [    0.004779] ACPI: MCFG 0x000000007FFE2AA6 00003C (v01 BOCHS  BXPC     00000001 BXPC 00000001)
Oct 10 11:31:17 gchopin kernel: [    0.004780] ACPI: WAET 0x000000007FFE2AE2 000028 (v01 BOCHS  BXPC     00000001 BXPC 00000001)
Oct 10 11:31:17 gchopin kernel: [    0.004781] ACPI: Reserving FACP table memory at [mem 0x7ffe2922-0x7ffe2a15]
Oct 10 11:31:17 gchopin kernel: [    0.004782] ACPI: Reserving DSDT table memory at [mem 0x7ffe0040-0x7ffe2921]
Oct 10 11:31:17 gchopin kernel: [    0.004783] ACPI: Reserving FACS table memory at [mem 0x7ffe0000-0x7ffe003f]
Oct 10 11:31:17 gchopin kernel: [    0.004783] ACPI: Reserving APIC table memory at [mem 0x7ffe2a16-0x7ffe2aa5]
Oct 10 11:31:17 gchopin kernel: [    0.004784] ACPI: Reserving MCFG table memory at [mem 0x7ffe2aa6-0x7ffe2ae1]
Oct 10 11:31:17 gchopin kernel: [    0.004784] ACPI: Reserving WAET table memory at [mem 0x7ffe2ae2-0x7ffe2b09]
Oct 10 11:31:17 gchopin kernel: [    0.004934] No NUMA configuration found
Oct 10 11:31:17 gchopin kernel: [    0.004936] Faking a node at [mem 0x0000000000000000-0x00000002ffffffff]
Oct 10 11:31:17 gchopin kernel: [    0.004937] NODE_DATA(0) allocated [mem 0x2ffffa940-0x2ffffdfff]
Oct 10 11:31:17 gchopin kernel: [    0.004954] Zone ranges:
Oct 10 11:31:17 gchopin kernel: [    0.004957]   DMA      [mem 0x0000000000001000-0x0000000000ffffff]
Oct 10 11:31:17 gchopin kernel: [    0.004959]   DMA32    [mem 0x0000000001000000-0x00000000ffffffff]
Oct 10 11:31:17 gchopin kernel: [    0.004959]   Normal   [mem 0x0000000100000000-0x00000002ffffffff]
Oct 10 11:31:17 gchopin kernel: [    0.004961] Movable zone start for each node
Oct 10 11:31:17 gchopin kernel: [    0.004964] Early memory node ranges
Oct 10 11:31:17 gchopin kernel: [    0.004964]   node   0: [mem 0x0000000000001000-0x000000000009efff]
Oct 10 11:31:17 gchopin kernel: [    0.004968]   node   0: [mem 0x0000000000100000-0x000000007ffdbfff]
Oct 10 11:31:17 gchopin kernel: [    0.004969]   node   0: [mem 0x0000000100000000-0x00000002ffffffff]
Oct 10 11:31:17 gchopin kernel: [    0.004970] Initmem setup node 0 [mem 0x0000000000001000-0x00000002ffffffff]
Oct 10 11:31:17 gchopin kernel: [    0.004975] On node 0, zone DMA: 1 pages in unavailable ranges
Oct 10 11:31:17 gchopin kernel: [    0.004998] On node 0, zone DMA: 97 pages in unavailable ranges
Oct 10 11:31:17 gchopin kernel: [    0.023352] On node 0, zone Normal: 36 pages in unavailable ranges
Oct 10 11:31:17 gchopin kernel: [    0.024040] ACPI: PM-Timer IO Port: 0x608
Oct 10 11:31:17 gchopin kernel: [    0.024053] ACPI: LAPIC_NMI (acpi_id[0xff] dfl dfl lint[0x1])
Oct 10 11:31:17 gchopin kernel: [    0.024083] IOAPIC[0]: apic_id 0, version 17, address 0xfec00000, GSI 0-23
Oct 10 11:31:17 gchopin kernel: [    0.024085] ACPI: INT_SRC_OVR (bus 0 bus_irq 0 global_irq 2 dfl dfl)
Oct 10 11:31:17 gchopin kernel: [    0.024086] ACPI: INT_SRC_OVR (bus 0 bus_irq 5 global_irq 5 high level)
Oct 10 11:31:17 gchopin kernel: [    0.024087] ACPI: INT_SRC_OVR (bus 0 bus_irq 9 global_irq 9 high level)
Oct 10 11:31:17 gchopin kernel: [    0.024090] ACPI: INT_SRC_OVR (bus 0 bus_irq 10 global_irq 10 high level)
Oct 10 11:31:17 gchopin kernel: [    0.024090] ACPI: INT_SRC_OVR (bus 0 bus_irq 11 global_irq 11 high level)
Oct 10 11:31:17 gchopin kernel: [    0.024093] ACPI: Using ACPI (MADT) for SMP configuration information
Oct 10 11:31:17 gchopin kernel: [    0.024094] TSC deadline timer available
Oct 10 11:31:17 gchopin kernel: [    0.024097] CPU topo: Max. logical packages:   4
Oct 10 11:31:17 gchopin kernel: [    0.024099] CPU topo: Max. logical dies:       4
Oct 10 11:31:17 gchopin kernel: [    0.024099] CPU topo: Max. dies per package:   1
Oct 10 11:31:17 gchopin kernel: [    0.024102] CPU topo: Max. threads per core:   1
Oct 10 11:31:17 gchopin kernel: [    0.024104] CPU topo: Num. cores per package:     1
Oct 10 11:31:17 gchopin kernel: [    0.024105] CPU topo: Num. threads per package:   1
Oct 10 11:31:17 gchopin kernel: [    0.024105] CPU topo: Allowing 4 present CPUs plus 0 hotplug CPUs
Oct 10 11:31:17 gchopin kernel: [    0.024116] kvm-guest: APIC: eoi() replaced with kvm_guest_apic_eoi_write()
Oct 10 11:31:17 gchopin kernel: [    0.024143] kvm-guest: KVM setup pv remote TLB flush
Oct 10 11:31:17 gchopin kernel: [    0.024145] kvm-guest: setup PV sched yield
Oct 10 11:31:17 gchopin kernel: [    0.024154] PM: hibernation: Registered nosave memory: [mem 0x00000000-0x00000fff]
Oct 10 11:31:17 gchopin kernel: [    0.024155] PM: hibernation: Registered nosave memory: [mem 0x0009f000-0x0009ffff]
Oct 10 11:31:17 gchopin kernel: [    0.024156] PM: hibernation: Registered nosave memory: [mem 0x000a0000-0x000effff]
Oct 10 11:31:17 gchopin kernel: [    0.024156] PM: hibernation: Registered nosave memory: [mem 0x000f0000-0x000fffff]
Oct 10 11:31:17 gchopin kernel: [    0.024157] PM: hibernation: Registered nosave memory: [mem 0x7ffdc000-0x7fffffff]
Oct 10 11:31:17 gchopin kernel: [    0.024160] PM: hibernation: Registered nosave memory: [mem 0x80000000-0xafffffff]
Oct 10 11:31:17 gchopin kernel: [    0.024161] PM: hibernation: Registered nosave memory: [mem 0xb0000000-0xbfffffff]
Oct 10 11:31:17 gchopin kernel: [    0.024162] PM: hibernation: Registered nosave memory: [mem 0xc0000000-0xfed1bfff]
Oct 10 11:31:17 gchopin kernel: [    0.024162] PM: hibernation: Registered nosave memory: [mem 0xfed1c000-0xfed1ffff]
Oct 10 11:31:17 gchopin kernel: [    0.024162] PM: hibernation: Registered nosave memory: [mem 0xfed20000-0xfeffbfff]
Oct 10 11:31:17 gchopin kernel: [    0.024163] PM: hibernation: Registered nosave memory: [mem 0xfeffc000-0xfeffffff]
Oct 10 11:31:17 gchopin kernel: [    0.024163] PM: hibernation: Registered nosave memory: [mem 0xff000000-0xfffbffff]
Oct 10 11:31:17 gchopin kernel: [    0.024163] PM: hibernation: Registered nosave memory: [mem 0xfffc0000-0xffffffff]
Oct 10 11:31:17 gchopin kernel: [    0.024164] [mem 0xc0000000-0xfed1bfff] available for PCI devices
Oct 10 11:31:17 gchopin kernel: [    0.024166] Booting paravirtualized kernel on KVM
Oct 10 11:31:17 gchopin kernel: [    0.024167] clocksource: refined-jiffies: mask: 0xffffffff max_cycles: 0xffffffff, max_idle_ns: 1910969940391419 ns
Oct 10 11:31:17 gchopin kernel: [    0.027876] setup_percpu: NR_CPUS:64 nr_cpumask_bits:4 nr_cpu_ids:4 nr_node_ids:1
Oct 10 11:31:17 gchopin kernel: [    0.028532] percpu: Embedded 56 pages/cpu s192472 r8192 d28712 u524288
Oct 10 11:31:17 gchopin kernel: [    0.028534] pcpu-alloc: s192472 r8192 d28712 u524288 alloc=1*2097152
Oct 10 11:31:17 gchopin kernel: [    0.028536] pcpu-alloc: [0] 0 1 2 3 
Oct 10 11:31:17 gchopin kernel: [    0.028552] Kernel command line: BOOT_IMAGE=/vmlinuz-6.12.0-rc2-gchopin-thor_kernel root=PARTUUID=643facfc-03 ro
Oct 10 11:31:17 gchopin kernel: [    0.028686] Unknown kernel command line parameters "BOOT_IMAGE=/vmlinuz-6.12.0-rc2-gchopin-thor_kernel", will be passed to user space.
Oct 10 11:31:17 gchopin kernel: [    0.028697] random: crng init done
Oct 10 11:31:17 gchopin kernel: [    0.030790] Dentry cache hash table entries: 2097152 (order: 12, 16777216 bytes, linear)
Oct 10 11:31:17 gchopin kernel: [    0.033620] Inode-cache hash table entries: 1048576 (order: 11, 8388608 bytes, linear)
Oct 10 11:31:17 gchopin kernel: [    0.033673] Fallback order for Node 0: 0 
Oct 10 11:31:17 gchopin kernel: [    0.033677] Built 1 zonelists, mobility grouping on.  Total pages: 2621306
Oct 10 11:31:17 gchopin kernel: [    0.033677] Policy zone: Normal
Oct 10 11:31:17 gchopin kernel: [    0.033678] mem auto-init: stack:all(zero), heap alloc:off, heap free:off
Oct 10 11:31:17 gchopin kernel: [    0.033684] software IO TLB: area num 4.
Oct 10 11:31:17 gchopin kernel: [    0.079444] SLUB: HWalign=64, Order=0-3, MinObjects=0, CPUs=4, Nodes=1
Oct 10 11:31:17 gchopin kernel: [    0.080113] Dynamic Preempt: voluntary
Oct 10 11:31:17 gchopin kernel: [    0.080147] rcu: Preemptible hierarchical RCU implementation.
Oct 10 11:31:17 gchopin kernel: [    0.080148] rcu: ^IRCU event tracing is enabled.
Oct 10 11:31:17 gchopin kernel: [    0.080149] rcu: ^IRCU restricting CPUs from NR_CPUS=64 to nr_cpu_ids=4.
Oct 10 11:31:17 gchopin kernel: [    0.080150] ^ITrampoline variant of Tasks RCU enabled.
Oct 10 11:31:17 gchopin kernel: [    0.080150] rcu: RCU calculated value of scheduler-enlistment delay is 100 jiffies.
Oct 10 11:31:17 gchopin kernel: [    0.080151] rcu: Adjusting geometry for rcu_fanout_leaf=16, nr_cpu_ids=4
Oct 10 11:31:17 gchopin kernel: [    0.080155] RCU Tasks: Setting shift to 2 and lim to 1 rcu_task_cb_adjust=1 rcu_task_cpu_ids=4.
Oct 10 11:31:17 gchopin kernel: [    0.080984] NR_IRQS: 4352, nr_irqs: 456, preallocated irqs: 16
Oct 10 11:31:17 gchopin kernel: [    0.081165] rcu: srcu_init: Setting srcu_struct sizes based on contention.
Oct 10 11:31:17 gchopin kernel: [    0.085226] Console: colour VGA+ 80x25
Oct 10 11:31:17 gchopin kernel: [    0.085228] printk: legacy console [tty0] enabled
Oct 10 11:31:17 gchopin kernel: [    0.104291] ACPI: Core revision 20240827
Oct 10 11:31:17 gchopin kernel: [    0.104558] APIC: Switch to symmetric I/O mode setup
Oct 10 11:31:17 gchopin kernel: [    0.104948] x2apic enabled
Oct 10 11:31:17 gchopin kernel: [    0.105315] APIC: Switched APIC routing to: physical x2apic
Oct 10 11:31:17 gchopin kernel: [    0.105489] kvm-guest: APIC: send_IPI_mask() replaced with kvm_send_ipi_mask()
Oct 10 11:31:17 gchopin kernel: [    0.105661] kvm-guest: APIC: send_IPI_mask_allbutself() replaced with kvm_send_ipi_mask_allbutself()
Oct 10 11:31:17 gchopin kernel: [    0.105854] kvm-guest: setup PV IPIs
Oct 10 11:31:17 gchopin kernel: [    0.106418] clocksource: tsc-early: mask: 0xffffffffffffffff max_cycles: 0x1e71785e5dd, max_idle_ns: 440795244814 ns
Oct 10 11:31:17 gchopin kernel: [    0.106634] Calibrating delay loop (skipped) preset value.. 4224.00 BogoMIPS (lpj=2112000)
Oct 10 11:31:17 gchopin kernel: [    0.106892] x86/cpu: User Mode Instruction Prevention (UMIP) activated
Oct 10 11:31:17 gchopin kernel: [    0.107072] Last level iTLB entries: 4KB 0, 2MB 0, 4MB 0
Oct 10 11:31:17 gchopin kernel: [    0.107192] Last level dTLB entries: 4KB 0, 2MB 0, 4MB 0, 1GB 0
Oct 10 11:31:17 gchopin kernel: [    0.107323] Spectre V1 : Mitigation: usercopy/swapgs barriers and __user pointer sanitization
Oct 10 11:31:17 gchopin kernel: [    0.107512] Spectre V2 : Spectre BHI mitigation: SW BHB clearing on syscall and VM exit
Oct 10 11:31:17 gchopin kernel: [    0.107632] Spectre V2 : Mitigation: Enhanced / Automatic IBRS
Oct 10 11:31:17 gchopin kernel: [    0.107632] Spectre V2 : Spectre v2 / SpectreRSB mitigation: Filling RSB on context switch
Oct 10 11:31:17 gchopin kernel: [    0.107632] Spectre V2 : Spectre v2 / PBRSB-eIBRS: Retire a single CALL on VMEXIT
Oct 10 11:31:17 gchopin kernel: [    0.107632] Spectre V2 : mitigation: Enabling conditional Indirect Branch Prediction Barrier
Oct 10 11:31:17 gchopin kernel: [    0.107632] Speculative Store Bypass: Mitigation: Speculative Store Bypass disabled via prctl
Oct 10 11:31:17 gchopin kernel: [    0.107632] Register File Data Sampling: Vulnerable: No microcode
Oct 10 11:31:17 gchopin kernel: [    0.107632] x86/fpu: Supporting XSAVE feature 0x001: 'x87 floating point registers'
Oct 10 11:31:17 gchopin kernel: [    0.107632] x86/fpu: Supporting XSAVE feature 0x002: 'SSE registers'
Oct 10 11:31:17 gchopin kernel: [    0.107632] x86/fpu: Supporting XSAVE feature 0x004: 'AVX registers'
Oct 10 11:31:17 gchopin kernel: [    0.107632] x86/fpu: Supporting XSAVE feature 0x200: 'Protection Keys User registers'
Oct 10 11:31:17 gchopin kernel: [    0.107632] x86/fpu: xstate_offset[2]:  576, xstate_sizes[2]:  256
Oct 10 11:31:17 gchopin kernel: [    0.107632] x86/fpu: xstate_offset[9]:  832, xstate_sizes[9]:    8
Oct 10 11:31:17 gchopin kernel: [    0.107632] x86/fpu: Enabled xstate features 0x207, context size is 840 bytes, using 'compacted' format.
Oct 10 11:31:17 gchopin kernel: [    0.107632] Freeing SMP alternatives memory: 44K
Oct 10 11:31:17 gchopin kernel: [    0.107632] pid_max: default: 32768 minimum: 301
Oct 10 11:31:17 gchopin kernel: [    0.107632] LSM: initializing lsm=capability,selinux
Oct 10 11:31:17 gchopin kernel: [    0.107632] SELinux:  Initializing.
Oct 10 11:31:17 gchopin kernel: [    0.107632] Mount-cache hash table entries: 32768 (order: 6, 262144 bytes, linear)
Oct 10 11:31:17 gchopin kernel: [    0.107632] Mountpoint-cache hash table entries: 32768 (order: 6, 262144 bytes, linear)
Oct 10 11:31:17 gchopin kernel: [    0.107632] smpboot: CPU0: 12th Gen Intel(R) Core(TM) i7-12700 (family: 0x6, model: 0x97, stepping: 0x2)
Oct 10 11:31:17 gchopin kernel: [    0.107632] Performance Events: Alderlake Hybrid events, full-width counters, Intel PMU driver.
Oct 10 11:31:17 gchopin kernel: [    0.107632] core: cpu_core PMU driver: 
Oct 10 11:31:17 gchopin kernel: [    0.107632] ... version:                2
Oct 10 11:31:17 gchopin kernel: [    0.107632] ... bit width:              48
Oct 10 11:31:17 gchopin kernel: [    0.107635] ... generic registers:      6
Oct 10 11:31:17 gchopin kernel: [    0.107746] ... value mask:             0000ffffffffffff
Oct 10 11:31:17 gchopin kernel: [    0.107872] ... max period:             00007fffffffffff
Oct 10 11:31:17 gchopin kernel: [    0.108003] ... fixed-purpose events:   3
Oct 10 11:31:17 gchopin kernel: [    0.108114] ... event mask:             000100070000003f
Oct 10 11:31:17 gchopin kernel: [    0.108267] signal: max sigframe size: 3632
Oct 10 11:31:17 gchopin kernel: [    0.108411] rcu: Hierarchical SRCU implementation.
Oct 10 11:31:17 gchopin kernel: [    0.108538] rcu: ^IMax phase no-delay instances is 400.
Oct 10 11:31:17 gchopin kernel: [    0.108682] Timer migration: 1 hierarchy levels; 8 children per group; 1 crossnode level
Oct 10 11:31:17 gchopin kernel: [    0.109094] smp: Bringing up secondary CPUs ...
Oct 10 11:31:17 gchopin kernel: [    0.109293] smpboot: x86: Booting SMP configuration:
Oct 10 11:31:17 gchopin kernel: [    0.109418] .... node  #0, CPUs:      #1 #2 #3
Oct 10 11:31:17 gchopin kernel: [    0.112866] smp: Brought up 1 node, 4 CPUs
Oct 10 11:31:17 gchopin kernel: [    0.113114] smpboot: Total of 4 processors activated (16896.00 BogoMIPS)
Oct 10 11:31:17 gchopin kernel: [    0.113647] Memory: 10188932K/10485224K available (16384K kernel code, 2630K rwdata, 6092K rodata, 2628K init, 2100K bss, 291192K reserved, 0K cma-reserved)
Oct 10 11:31:17 gchopin kernel: [    0.114055] psi: inconsistent task state! task=2:kthreadd cpu=0 psi_flags=4 clear=0 set=4
Oct 10 11:31:17 gchopin kernel: [    0.114066] devtmpfs: initialized
Oct 10 11:31:17 gchopin kernel: [    0.114720] clocksource: jiffies: mask: 0xffffffff max_cycles: 0xffffffff, max_idle_ns: 1911260446275000 ns
Oct 10 11:31:17 gchopin kernel: [    0.114869] futex hash table entries: 1024 (order: 4, 65536 bytes, linear)
Oct 10 11:31:17 gchopin kernel: [    0.115094] PM: RTC time: 09:31:14, date: 2024-10-10
Oct 10 11:31:17 gchopin kernel: [    0.115380] NET: Registered PF_NETLINK/PF_ROUTE protocol family
Oct 10 11:31:17 gchopin kernel: [    0.115664] audit: initializing netlink subsys (disabled)
Oct 10 11:31:17 gchopin kernel: [    0.115807] audit: type=2000 audit(1728552674.891:1): state=initialized audit_enabled=0 res=1
Oct 10 11:31:17 gchopin kernel: [    0.115807] thermal_sys: Registered thermal governor 'step_wise'
Oct 10 11:31:17 gchopin kernel: [    0.115856] thermal_sys: Registered thermal governor 'user_space'
Oct 10 11:31:17 gchopin kernel: [    0.116000] cpuidle: using governor menu
Oct 10 11:31:17 gchopin kernel: [    0.116698] PCI: ECAM [mem 0xb0000000-0xbfffffff] (base 0xb0000000) for domain 0000 [bus 00-ff]
Oct 10 11:31:17 gchopin kernel: [    0.116904] PCI: ECAM [mem 0xb0000000-0xbfffffff] reserved as E820 entry
Oct 10 11:31:17 gchopin kernel: [    0.117060] PCI: Using configuration type 1 for base access
Oct 10 11:31:17 gchopin kernel: [    0.117236] kprobes: kprobe jump-optimization is enabled. All kprobes are optimized if possible.
Oct 10 11:31:17 gchopin kernel: [    0.120860] HugeTLB: registered 2.00 MiB page size, pre-allocated 0 pages
Oct 10 11:31:17 gchopin kernel: [    0.121018] HugeTLB: 28 KiB vmemmap can be freed for a 2.00 MiB page
Oct 10 11:31:17 gchopin kernel: [    0.121320] ACPI: Added _OSI(Module Device)
Oct 10 11:31:17 gchopin kernel: [    0.121442] ACPI: Added _OSI(Processor Device)
Oct 10 11:31:17 gchopin kernel: [    0.121562] ACPI: Added _OSI(3.0 _SCP Extensions)
Oct 10 11:31:17 gchopin kernel: [    0.121634] ACPI: Added _OSI(Processor Aggregator Device)
Oct 10 11:31:17 gchopin kernel: [    0.122195] ACPI: 1 ACPI AML tables successfully acquired and loaded
Oct 10 11:31:17 gchopin kernel: [    0.126468] ACPI: Interpreter enabled
Oct 10 11:31:17 gchopin kernel: [    0.126468] ACPI: PM: (supports S0 S5)
Oct 10 11:31:17 gchopin kernel: [    0.126468] ACPI: Using IOAPIC for interrupt routing
Oct 10 11:31:17 gchopin kernel: [    0.126652] PCI: Using host bridge windows from ACPI; if necessary, use "pci=nocrs" and report a bug
Oct 10 11:31:17 gchopin kernel: [    0.126858] PCI: Using E820 reservations for host bridge windows
Oct 10 11:31:17 gchopin kernel: [    0.127025] ACPI: Enabled 2 GPEs in block 00 to 3F
Oct 10 11:31:17 gchopin kernel: [    0.128052] ACPI: PCI Root Bridge [PCI0] (domain 0000 [bus 00-ff])
Oct 10 11:31:17 gchopin kernel: [    0.128193] acpi PNP0A08:00: _OSC: OS supports [ExtendedConfig ASPM ClockPM Segments MSI HPX-Type3]
Oct 10 11:31:17 gchopin kernel: [    0.128412] acpi PNP0A08:00: _OSC: platform does not support [LTR]
Oct 10 11:31:17 gchopin kernel: [    0.128570] acpi PNP0A08:00: _OSC: OS now controls [PME PCIeCapability]
Oct 10 11:31:17 gchopin kernel: [    0.128671] PCI host bridge to bus 0000:00
Oct 10 11:31:17 gchopin kernel: [    0.128782] pci_bus 0000:00: root bus resource [io  0x0000-0x0cf7 window]
Oct 10 11:31:17 gchopin kernel: [    0.128929] pci_bus 0000:00: root bus resource [io  0x0d00-0xffff window]
Oct 10 11:31:17 gchopin kernel: [    0.129083] pci_bus 0000:00: root bus resource [mem 0x000a0000-0x000bffff window]
Oct 10 11:31:17 gchopin kernel: [    0.129265] pci_bus 0000:00: root bus resource [mem 0x80000000-0xafffffff window]
Oct 10 11:31:17 gchopin kernel: [    0.129443] pci_bus 0000:00: root bus resource [mem 0xc0000000-0xfebfffff window]
Oct 10 11:31:17 gchopin kernel: [    0.129624] pci_bus 0000:00: root bus resource [mem 0x300000000-0xaffffffff window]
Oct 10 11:31:17 gchopin kernel: [    0.129634] pci_bus 0000:00: root bus resource [bus 00-ff]
Oct 10 11:31:17 gchopin kernel: [    0.129792] pci 0000:00:00.0: [8086:29c0] type 00 class 0x060000 conventional PCI endpoint
Oct 10 11:31:17 gchopin kernel: [    0.130223] pci 0000:00:01.0: [1af4:1050] type 00 class 0x030000 conventional PCI endpoint
Oct 10 11:31:17 gchopin kernel: [    0.132656] pci 0000:00:01.0: BAR 0 [mem 0xfa800000-0xfaffffff pref]
Oct 10 11:31:17 gchopin kernel: [    0.136505] pci 0000:00:01.0: BAR 2 [mem 0xfcc00000-0xfcc03fff 64bit pref]
Oct 10 11:31:17 gchopin kernel: [    0.138653] pci 0000:00:01.0: BAR 4 [mem 0xfea14000-0xfea14fff]
Oct 10 11:31:17 gchopin kernel: [    0.143178] pci 0000:00:01.0: ROM [mem 0xfea00000-0xfea0ffff pref]
Oct 10 11:31:17 gchopin kernel: [    0.143461] pci 0000:00:01.0: Video device with shadowed ROM at [mem 0x000c0000-0x000dffff]
Oct 10 11:31:17 gchopin kernel: [    0.144061] pci 0000:00:02.0: [1b36:000c] type 01 class 0x060400 PCIe Root Port
Oct 10 11:31:17 gchopin kernel: [    0.145393] pci 0000:00:02.0: BAR 0 [mem 0xfea15000-0xfea15fff]
Oct 10 11:31:17 gchopin kernel: [    0.146567] pci 0000:00:02.0: PCI bridge to [bus 01]
Oct 10 11:31:17 gchopin kernel: [    0.146650] pci 0000:00:02.0:   bridge window [mem 0xfe800000-0xfe9fffff]
Oct 10 11:31:17 gchopin kernel: [    0.147149] pci 0000:00:02.0:   bridge window [mem 0xfca00000-0xfcbfffff 64bit pref]
Oct 10 11:31:17 gchopin kernel: [    0.147682] pci 0000:00:02.1: [1b36:000c] type 01 class 0x060400 PCIe Root Port
Oct 10 11:31:17 gchopin kernel: [    0.149634] pci 0000:00:02.1: BAR 0 [mem 0xfea16000-0xfea16fff]
Oct 10 11:31:17 gchopin kernel: [    0.151129] pci 0000:00:02.1: PCI bridge to [bus 02]
Oct 10 11:31:17 gchopin kernel: [    0.151272] pci 0000:00:02.1:   bridge window [mem 0xfe600000-0xfe7fffff]
Oct 10 11:31:17 gchopin kernel: [    0.151923] pci 0000:00:02.1:   bridge window [mem 0xfc800000-0xfc9fffff 64bit pref]
Oct 10 11:31:17 gchopin kernel: [    0.152446] pci 0000:00:02.2: [1b36:000c] type 01 class 0x060400 PCIe Root Port
Oct 10 11:31:17 gchopin kernel: [    0.154192] pci 0000:00:02.2: BAR 0 [mem 0xfea17000-0xfea17fff]
Oct 10 11:31:17 gchopin kernel: [    0.156160] pci 0000:00:02.2: PCI bridge to [bus 03]
Oct 10 11:31:17 gchopin kernel: [    0.158578] pci 0000:00:02.2:   bridge window [mem 0xfe400000-0xfe5fffff]
Oct 10 11:31:17 gchopin kernel: [    0.159039] pci 0000:00:02.2:   bridge window [mem 0xfc600000-0xfc7fffff 64bit pref]
Oct 10 11:31:17 gchopin kernel: [    0.159574] pci 0000:00:02.3: [1b36:000c] type 01 class 0x060400 PCIe Root Port
Oct 10 11:31:17 gchopin kernel: [    0.160634] pci 0000:00:02.3: BAR 0 [mem 0xfea18000-0xfea18fff]
Oct 10 11:31:17 gchopin kernel: [    0.162639] pci 0000:00:02.3: PCI bridge to [bus 04]
Oct 10 11:31:17 gchopin kernel: [    0.162791] pci 0000:00:02.3:   bridge window [mem 0xfe200000-0xfe3fffff]
Oct 10 11:31:17 gchopin kernel: [    0.163316] pci 0000:00:02.3:   bridge window [mem 0xfc400000-0xfc5fffff 64bit pref]
Oct 10 11:31:17 gchopin kernel: [    0.163864] pci 0000:00:02.4: [1b36:000c] type 01 class 0x060400 PCIe Root Port
Oct 10 11:31:17 gchopin kernel: [    0.164932] pci 0000:00:02.4: BAR 0 [mem 0xfea19000-0xfea19fff]
Oct 10 11:31:17 gchopin kernel: [    0.166261] pci 0000:00:02.4: PCI bridge to [bus 05]
Oct 10 11:31:17 gchopin kernel: [    0.166403] pci 0000:00:02.4:   bridge window [mem 0xfe000000-0xfe1fffff]
Oct 10 11:31:17 gchopin kernel: [    0.166802] pci 0000:00:02.4:   bridge window [mem 0xfc200000-0xfc3fffff 64bit pref]
Oct 10 11:31:17 gchopin kernel: [    0.167310] pci 0000:00:02.5: [1b36:000c] type 01 class 0x060400 PCIe Root Port
Oct 10 11:31:17 gchopin kernel: [    0.168415] pci 0000:00:02.5: BAR 0 [mem 0xfea1a000-0xfea1afff]
Oct 10 11:31:17 gchopin kernel: [    0.171461] pci 0000:00:02.5: PCI bridge to [bus 06]
Oct 10 11:31:17 gchopin kernel: [    0.171613] pci 0000:00:02.5:   bridge window [mem 0xfde00000-0xfdffffff]
Oct 10 11:31:17 gchopin kernel: [    0.172000] pci 0000:00:02.5:   bridge window [mem 0xfc000000-0xfc1fffff 64bit pref]
Oct 10 11:31:17 gchopin kernel: [    0.172535] pci 0000:00:02.6: [1b36:000c] type 01 class 0x060400 PCIe Root Port
Oct 10 11:31:17 gchopin kernel: [    0.174546] pci 0000:00:02.6: BAR 0 [mem 0xfea1b000-0xfea1bfff]
Oct 10 11:31:17 gchopin kernel: [    0.175638] pci 0000:00:02.6: PCI bridge to [bus 07]
Oct 10 11:31:17 gchopin kernel: [    0.175782] pci 0000:00:02.6:   bridge window [mem 0xfdc00000-0xfddfffff]
Oct 10 11:31:17 gchopin kernel: [    0.176289] pci 0000:00:02.6:   bridge window [mem 0xfbe00000-0xfbffffff 64bit pref]
Oct 10 11:31:17 gchopin kernel: [    0.176810] pci 0000:00:02.7: [1b36:000c] type 01 class 0x060400 PCIe Root Port
Oct 10 11:31:17 gchopin kernel: [    0.177948] pci 0000:00:02.7: BAR 0 [mem 0xfea1c000-0xfea1cfff]
Oct 10 11:31:17 gchopin kernel: [    0.179240] pci 0000:00:02.7: PCI bridge to [bus 08]
Oct 10 11:31:17 gchopin kernel: [    0.179412] pci 0000:00:02.7:   bridge window [mem 0xfda00000-0xfdbfffff]
Oct 10 11:31:17 gchopin kernel: [    0.179811] pci 0000:00:02.7:   bridge window [mem 0xfbc00000-0xfbdfffff 64bit pref]
Oct 10 11:31:17 gchopin kernel: [    0.180334] pci 0000:00:03.0: [1b36:000c] type 01 class 0x060400 PCIe Root Port
Oct 10 11:31:17 gchopin kernel: [    0.181634] pci 0000:00:03.0: BAR 0 [mem 0xfea1d000-0xfea1dfff]
Oct 10 11:31:17 gchopin kernel: [    0.186053] pci 0000:00:03.0: PCI bridge to [bus 09]
Oct 10 11:31:17 gchopin kernel: [    0.186203] pci 0000:00:03.0:   bridge window [mem 0xfd800000-0xfd9fffff]
Oct 10 11:31:17 gchopin kernel: [    0.186648] pci 0000:00:03.0:   bridge window [mem 0xfba00000-0xfbbfffff 64bit pref]
Oct 10 11:31:17 gchopin kernel: [    0.187179] pci 0000:00:03.1: [1b36:000c] type 01 class 0x060400 PCIe Root Port
Oct 10 11:31:17 gchopin kernel: [    0.188205] pci 0000:00:03.1: BAR 0 [mem 0xfea1e000-0xfea1efff]
Oct 10 11:31:17 gchopin kernel: [    0.189512] pci 0000:00:03.1: PCI bridge to [bus 0a]
Oct 10 11:31:17 gchopin kernel: [    0.189650] pci 0000:00:03.1:   bridge window [mem 0xfd600000-0xfd7fffff]
Oct 10 11:31:17 gchopin kernel: [    0.190111] pci 0000:00:03.1:   bridge window [mem 0xfb800000-0xfb9fffff 64bit pref]
Oct 10 11:31:17 gchopin kernel: [    0.190830] pci 0000:00:03.2: [1b36:000c] type 01 class 0x060400 PCIe Root Port
Oct 10 11:31:17 gchopin kernel: [    0.191978] pci 0000:00:03.2: BAR 0 [mem 0xfea1f000-0xfea1ffff]
Oct 10 11:31:17 gchopin kernel: [    0.193253] pci 0000:00:03.2: PCI bridge to [bus 0b]
Oct 10 11:31:17 gchopin kernel: [    0.193406] pci 0000:00:03.2:   bridge window [mem 0xfd400000-0xfd5fffff]
Oct 10 11:31:17 gchopin kernel: [    0.194824] pci 0000:00:03.2:   bridge window [mem 0xfb600000-0xfb7fffff 64bit pref]
Oct 10 11:31:17 gchopin kernel: [    0.195369] pci 0000:00:03.3: [1b36:000c] type 01 class 0x060400 PCIe Root Port
Oct 10 11:31:17 gchopin kernel: [    0.197261] pci 0000:00:03.3: BAR 0 [mem 0xfea20000-0xfea20fff]
Oct 10 11:31:17 gchopin kernel: [    0.198448] pci 0000:00:03.3: PCI bridge to [bus 0c]
Oct 10 11:31:17 gchopin kernel: [    0.198597] pci 0000:00:03.3:   bridge window [mem 0xfd200000-0xfd3fffff]
Oct 10 11:31:17 gchopin kernel: [    0.202959] pci 0000:00:03.3:   bridge window [mem 0xfb400000-0xfb5fffff 64bit pref]
Oct 10 11:31:17 gchopin kernel: [    0.203519] pci 0000:00:03.4: [1b36:000c] type 01 class 0x060400 PCIe Root Port
Oct 10 11:31:17 gchopin kernel: [    0.204564] pci 0000:00:03.4: BAR 0 [mem 0xfea21000-0xfea21fff]
Oct 10 11:31:17 gchopin kernel: [    0.205638] pci 0000:00:03.4: PCI bridge to [bus 0d]
Oct 10 11:31:17 gchopin kernel: [    0.205787] pci 0000:00:03.4:   bridge window [mem 0xfd000000-0xfd1fffff]
Oct 10 11:31:17 gchopin kernel: [    0.206256] pci 0000:00:03.4:   bridge window [mem 0xfb200000-0xfb3fffff 64bit pref]
Oct 10 11:31:17 gchopin kernel: [    0.207701] pci 0000:00:03.5: [1b36:000c] type 01 class 0x060400 PCIe Root Port
Oct 10 11:31:17 gchopin kernel: [    0.208635] pci 0000:00:03.5: BAR 0 [mem 0xfea22000-0xfea22fff]
Oct 10 11:31:17 gchopin kernel: [    0.209915] pci 0000:00:03.5: PCI bridge to [bus 0e]
Oct 10 11:31:17 gchopin kernel: [    0.210071] pci 0000:00:03.5:   bridge window [mem 0xfce00000-0xfcffffff]
Oct 10 11:31:17 gchopin kernel: [    0.210524] pci 0000:00:03.5:   bridge window [mem 0xfb000000-0xfb1fffff 64bit pref]
Oct 10 11:31:17 gchopin kernel: [    0.211065] pci 0000:00:1b.0: [8086:293e] type 00 class 0x040300 conventional PCI endpoint
Oct 10 11:31:17 gchopin kernel: [    0.211567] pci 0000:00:1b.0: BAR 0 [mem 0xfea10000-0xfea13fff]
Oct 10 11:31:17 gchopin kernel: [    0.214339] pci 0000:00:1f.0: [8086:2918] type 00 class 0x060100 conventional PCI endpoint
Oct 10 11:31:17 gchopin kernel: [    0.214751] pci 0000:00:1f.0: quirk: [io  0x0600-0x067f] claimed by ICH6 ACPI/GPIO/TCO
Oct 10 11:31:17 gchopin kernel: [    0.215061] pci 0000:00:1f.2: [8086:2922] type 00 class 0x010601 conventional PCI endpoint
Oct 10 11:31:17 gchopin kernel: [    0.217634] pci 0000:00:1f.2: BAR 4 [io  0xc040-0xc05f]
Oct 10 11:31:17 gchopin kernel: [    0.220183] pci 0000:00:1f.2: BAR 5 [mem 0xfea23000-0xfea23fff]
Oct 10 11:31:17 gchopin kernel: [    0.221410] pci 0000:00:1f.3: [8086:2930] type 00 class 0x0c0500 conventional PCI endpoint
Oct 10 11:31:17 gchopin kernel: [    0.223066] pci 0000:00:1f.3: BAR 4 [io  0x0700-0x073f]
Oct 10 11:31:17 gchopin kernel: [    0.224213] pci 0000:01:00.0: [1af4:1041] type 00 class 0x020000 PCIe Endpoint
Oct 10 11:31:17 gchopin kernel: [    0.225479] pci 0000:01:00.0: BAR 1 [mem 0xfe880000-0xfe880fff]
Oct 10 11:31:17 gchopin kernel: [    0.227933] pci 0000:01:00.0: BAR 4 [mem 0xfca00000-0xfca03fff 64bit pref]
Oct 10 11:31:17 gchopin kernel: [    0.228634] pci 0000:01:00.0: ROM [mem 0xfe800000-0xfe87ffff pref]
Oct 10 11:31:17 gchopin kernel: [    0.229454] pci 0000:00:02.0: PCI bridge to [bus 01]
Oct 10 11:31:17 gchopin kernel: [    0.230958] pci 0000:02:00.0: [1b36:000d] type 00 class 0x0c0330 PCIe Endpoint
Oct 10 11:31:17 gchopin kernel: [    0.231458] pci 0000:02:00.0: BAR 0 [mem 0xfe600000-0xfe603fff 64bit]
Oct 10 11:31:17 gchopin kernel: [    0.234242] pci 0000:00:02.1: PCI bridge to [bus 02]
Oct 10 11:31:17 gchopin kernel: [    0.234770] pci 0000:03:00.0: [1af4:1043] type 00 class 0x078000 PCIe Endpoint
Oct 10 11:31:17 gchopin kernel: [    0.235892] pci 0000:03:00.0: BAR 1 [mem 0xfe400000-0xfe400fff]
Oct 10 11:31:17 gchopin kernel: [    0.237494] pci 0000:03:00.0: BAR 4 [mem 0xfc600000-0xfc603fff 64bit pref]
Oct 10 11:31:17 gchopin kernel: [    0.238769] pci 0000:00:02.2: PCI bridge to [bus 03]
Oct 10 11:31:17 gchopin kernel: [    0.239385] pci 0000:04:00.0: [1af4:1042] type 00 class 0x010000 PCIe Endpoint
Oct 10 11:31:17 gchopin kernel: [    0.240634] pci 0000:04:00.0: BAR 1 [mem 0xfe200000-0xfe200fff]
Oct 10 11:31:17 gchopin kernel: [    0.243927] pci 0000:04:00.0: BAR 4 [mem 0xfc400000-0xfc403fff 64bit pref]
Oct 10 11:31:17 gchopin kernel: [    0.245263] pci 0000:00:02.3: PCI bridge to [bus 04]
Oct 10 11:31:17 gchopin kernel: [    0.245771] pci 0000:05:00.0: [1af4:1045] type 00 class 0x00ff00 PCIe Endpoint
Oct 10 11:31:17 gchopin kernel: [    0.247320] pci 0000:05:00.0: BAR 4 [mem 0xfc200000-0xfc203fff 64bit pref]
Oct 10 11:31:17 gchopin kernel: [    0.249232] pci 0000:00:02.4: PCI bridge to [bus 05]
Oct 10 11:31:17 gchopin kernel: [    0.249771] pci 0000:06:00.0: [1af4:1044] type 00 class 0x00ff00 PCIe Endpoint
Oct 10 11:31:17 gchopin kernel: [    0.251946] pci 0000:06:00.0: BAR 4 [mem 0xfc000000-0xfc003fff 64bit pref]
Oct 10 11:31:17 gchopin kernel: [    0.254700] pci 0000:00:02.5: PCI bridge to [bus 06]
Oct 10 11:31:17 gchopin kernel: [    0.255271] pci 0000:00:02.6: PCI bridge to [bus 07]
Oct 10 11:31:17 gchopin kernel: [    0.255710] pci 0000:00:02.7: PCI bridge to [bus 08]
Oct 10 11:31:17 gchopin kernel: [    0.256253] pci 0000:00:03.0: PCI bridge to [bus 09]
Oct 10 11:31:17 gchopin kernel: [    0.256710] pci 0000:00:03.1: PCI bridge to [bus 0a]
Oct 10 11:31:17 gchopin kernel: [    0.257331] pci 0000:00:03.2: PCI bridge to [bus 0b]
Oct 10 11:31:17 gchopin kernel: [    0.257871] pci 0000:00:03.3: PCI bridge to [bus 0c]
Oct 10 11:31:17 gchopin kernel: [    0.258430] pci 0000:00:03.4: PCI bridge to [bus 0d]
Oct 10 11:31:17 gchopin kernel: [    0.258867] pci 0000:00:03.5: PCI bridge to [bus 0e]
Oct 10 11:31:17 gchopin kernel: [    0.263448] ACPI: PCI: Interrupt link LNKA configured for IRQ 10
Oct 10 11:31:17 gchopin kernel: [    0.263630] ACPI: PCI: Interrupt link LNKB configured for IRQ 10
Oct 10 11:31:17 gchopin kernel: [    0.263805] ACPI: PCI: Interrupt link LNKC configured for IRQ 11
Oct 10 11:31:17 gchopin kernel: [    0.263977] ACPI: PCI: Interrupt link LNKD configured for IRQ 11
Oct 10 11:31:17 gchopin kernel: [    0.265684] ACPI: PCI: Interrupt link LNKE configured for IRQ 10
Oct 10 11:31:17 gchopin kernel: [    0.265865] ACPI: PCI: Interrupt link LNKF configured for IRQ 10
Oct 10 11:31:17 gchopin kernel: [    0.266043] ACPI: PCI: Interrupt link LNKG configured for IRQ 11
Oct 10 11:31:17 gchopin kernel: [    0.266213] ACPI: PCI: Interrupt link LNKH configured for IRQ 11
Oct 10 11:31:17 gchopin kernel: [    0.266369] ACPI: PCI: Interrupt link GSIA configured for IRQ 16
Oct 10 11:31:17 gchopin kernel: [    0.266514] ACPI: PCI: Interrupt link GSIB configured for IRQ 17
Oct 10 11:31:17 gchopin kernel: [    0.266637] ACPI: PCI: Interrupt link GSIC configured for IRQ 18
Oct 10 11:31:17 gchopin kernel: [    0.266785] ACPI: PCI: Interrupt link GSID configured for IRQ 19
Oct 10 11:31:17 gchopin kernel: [    0.266937] ACPI: PCI: Interrupt link GSIE configured for IRQ 20
Oct 10 11:31:17 gchopin kernel: [    0.267098] ACPI: PCI: Interrupt link GSIF configured for IRQ 21
Oct 10 11:31:17 gchopin kernel: [    0.267262] ACPI: PCI: Interrupt link GSIG configured for IRQ 22
Oct 10 11:31:17 gchopin kernel: [    0.267423] ACPI: PCI: Interrupt link GSIH configured for IRQ 23
Oct 10 11:31:17 gchopin kernel: [    0.267809] iommu: Default domain type: Translated
Oct 10 11:31:17 gchopin kernel: [    0.267945] iommu: DMA domain TLB invalidation policy: lazy mode
Oct 10 11:31:17 gchopin kernel: [    0.268204] SCSI subsystem initialized
Oct 10 11:31:17 gchopin kernel: [    0.268683] libata version 3.00 loaded.
Oct 10 11:31:17 gchopin kernel: [    0.268686] ACPI: bus type USB registered
Oct 10 11:31:17 gchopin kernel: [    0.268686] usbcore: registered new interface driver usbfs
Oct 10 11:31:17 gchopin kernel: [    0.268796] usbcore: registered new interface driver hub
Oct 10 11:31:17 gchopin kernel: [    0.268934] usbcore: registered new device driver usb
Oct 10 11:31:17 gchopin kernel: [    0.269077] pps_core: LinuxPPS API ver. 1 registered
Oct 10 11:31:17 gchopin kernel: [    0.269210] pps_core: Software ver. 5.3.6 - Copyright 2005-2007 Rodolfo Giometti <giometti@linux.it>
Oct 10 11:31:17 gchopin kernel: [    0.269424] PTP clock support registered
Oct 10 11:31:17 gchopin kernel: [    0.269664] Advanced Linux Sound Architecture Driver Initialized.
Oct 10 11:31:17 gchopin kernel: [    0.270045] NetLabel: Initializing
Oct 10 11:31:17 gchopin kernel: [    0.270152] NetLabel:  domain hash size = 128
Oct 10 11:31:17 gchopin kernel: [    0.270272] NetLabel:  protocols = UNLABELED CIPSOv4 CALIPSO
Oct 10 11:31:17 gchopin kernel: [    0.270426] NetLabel:  unlabeled traffic allowed by default
Oct 10 11:31:17 gchopin kernel: [    0.270641] PCI: Using ACPI for IRQ routing
Oct 10 11:31:17 gchopin kernel: [    0.298530] PCI: pci_cache_line_size set to 64 bytes
Oct 10 11:31:17 gchopin kernel: [    0.298735] e820: reserve RAM buffer [mem 0x0009fc00-0x0009ffff]
Oct 10 11:31:17 gchopin kernel: [    0.298741] e820: reserve RAM buffer [mem 0x7ffdc000-0x7fffffff]
Oct 10 11:31:17 gchopin kernel: [    0.298783] pci 0000:00:01.0: vgaarb: setting as boot VGA device
Oct 10 11:31:17 gchopin kernel: [    0.298939] pci 0000:00:01.0: vgaarb: bridge control possible
Oct 10 11:31:17 gchopin kernel: [    0.299077] pci 0000:00:01.0: vgaarb: VGA device added: decodes=io+mem,owns=io+mem,locks=none
Oct 10 11:31:17 gchopin kernel: [    0.299281] vgaarb: loaded
Oct 10 11:31:17 gchopin kernel: [    0.299644] clocksource: Switched to clocksource kvm-clock
Oct 10 11:31:17 gchopin kernel: [    0.299963] VFS: Disk quotas dquot_6.6.0
Oct 10 11:31:17 gchopin kernel: [    0.300089] VFS: Dquot-cache hash table entries: 512 (order 0, 4096 bytes)
Oct 10 11:31:17 gchopin kernel: [    0.300315] pnp: PnP ACPI init
Oct 10 11:31:17 gchopin kernel: [    0.300511] system 00:04: [mem 0xb0000000-0xbfffffff window] has been reserved
Oct 10 11:31:17 gchopin kernel: [    0.300769] pnp: PnP ACPI: found 5 devices
Oct 10 11:31:17 gchopin kernel: [    0.305957] clocksource: acpi_pm: mask: 0xffffff max_cycles: 0xffffff, max_idle_ns: 2085701024 ns
Oct 10 11:31:17 gchopin kernel: [    0.306202] NET: Registered PF_INET protocol family
Oct 10 11:31:17 gchopin kernel: [    0.307261] IP idents hash table entries: 262144 (order: 9, 2097152 bytes, linear)
Oct 10 11:31:17 gchopin kernel: [    0.308878] tcp_listen_portaddr_hash hash table entries: 8192 (order: 5, 131072 bytes, linear)
Oct 10 11:31:17 gchopin kernel: [    0.309616] Table-perturb hash table entries: 65536 (order: 6, 262144 bytes, linear)
Oct 10 11:31:17 gchopin kernel: [    0.309830] TCP established hash table entries: 131072 (order: 8, 1048576 bytes, linear)
Oct 10 11:31:17 gchopin kernel: [    0.310383] TCP bind hash table entries: 65536 (order: 9, 2097152 bytes, linear)
Oct 10 11:31:17 gchopin kernel: [    0.311211] TCP: Hash tables configured (established 131072 bind 65536)
Oct 10 11:31:17 gchopin kernel: [    0.311623] MPTCP token hash table entries: 16384 (order: 6, 393216 bytes, linear)
Oct 10 11:31:17 gchopin kernel: [    0.311882] UDP hash table entries: 8192 (order: 6, 262144 bytes, linear)
Oct 10 11:31:17 gchopin kernel: [    0.312133] UDP-Lite hash table entries: 8192 (order: 6, 262144 bytes, linear)
Oct 10 11:31:17 gchopin kernel: [    0.312420] NET: Registered PF_UNIX/PF_LOCAL protocol family
Oct 10 11:31:17 gchopin kernel: [    0.312876] RPC: Registered named UNIX socket transport module.
Oct 10 11:31:17 gchopin kernel: [    0.313030] RPC: Registered udp transport module.
Oct 10 11:31:17 gchopin kernel: [    0.313151] RPC: Registered tcp transport module.
Oct 10 11:31:17 gchopin kernel: [    0.313271] RPC: Registered tcp-with-tls transport module.
Oct 10 11:31:17 gchopin kernel: [    0.313405] RPC: Registered tcp NFSv4.1 backchannel transport module.
Oct 10 11:31:17 gchopin kernel: [    0.313565] pci 0000:00:02.0: bridge window [io  0x1000-0x0fff] to [bus 01] add_size 1000
Oct 10 11:31:17 gchopin kernel: [    0.313764] pci 0000:00:02.1: bridge window [io  0x1000-0x0fff] to [bus 02] add_size 1000
Oct 10 11:31:17 gchopin kernel: [    0.313957] pci 0000:00:02.2: bridge window [io  0x1000-0x0fff] to [bus 03] add_size 1000
Oct 10 11:31:17 gchopin kernel: [    0.314154] pci 0000:00:02.3: bridge window [io  0x1000-0x0fff] to [bus 04] add_size 1000
Oct 10 11:31:17 gchopin kernel: [    0.314346] pci 0000:00:02.4: bridge window [io  0x1000-0x0fff] to [bus 05] add_size 1000
Oct 10 11:31:17 gchopin kernel: [    0.314545] pci 0000:00:02.5: bridge window [io  0x1000-0x0fff] to [bus 06] add_size 1000
Oct 10 11:31:17 gchopin kernel: [    0.314740] pci 0000:00:02.6: bridge window [io  0x1000-0x0fff] to [bus 07] add_size 1000
Oct 10 11:31:17 gchopin kernel: [    0.314932] pci 0000:00:02.7: bridge window [io  0x1000-0x0fff] to [bus 08] add_size 1000
Oct 10 11:31:17 gchopin kernel: [    0.315130] pci 0000:00:03.0: bridge window [io  0x1000-0x0fff] to [bus 09] add_size 1000
Oct 10 11:31:17 gchopin kernel: [    0.315323] pci 0000:00:03.1: bridge window [io  0x1000-0x0fff] to [bus 0a] add_size 1000
Oct 10 11:31:17 gchopin kernel: [    0.315526] pci 0000:00:03.2: bridge window [io  0x1000-0x0fff] to [bus 0b] add_size 1000
Oct 10 11:31:17 gchopin kernel: [    0.315724] pci 0000:00:03.3: bridge window [io  0x1000-0x0fff] to [bus 0c] add_size 1000
Oct 10 11:31:17 gchopin kernel: [    0.315921] pci 0000:00:03.4: bridge window [io  0x1000-0x0fff] to [bus 0d] add_size 1000
Oct 10 11:31:17 gchopin kernel: [    0.316114] pci 0000:00:03.5: bridge window [io  0x1000-0x0fff] to [bus 0e] add_size 1000
Oct 10 11:31:17 gchopin kernel: [    0.316316] pci 0000:00:02.0: bridge window [io  0x1000-0x1fff]: assigned
Oct 10 11:31:17 gchopin kernel: [    0.316470] pci 0000:00:02.1: bridge window [io  0x2000-0x2fff]: assigned
Oct 10 11:31:17 gchopin kernel: [    0.316620] pci 0000:00:02.2: bridge window [io  0x3000-0x3fff]: assigned
Oct 10 11:31:17 gchopin kernel: [    0.316770] pci 0000:00:02.3: bridge window [io  0x4000-0x4fff]: assigned
Oct 10 11:31:17 gchopin kernel: [    0.316920] pci 0000:00:02.4: bridge window [io  0x5000-0x5fff]: assigned
Oct 10 11:31:17 gchopin kernel: [    0.317072] pci 0000:00:02.5: bridge window [io  0x6000-0x6fff]: assigned
Oct 10 11:31:17 gchopin kernel: [    0.317224] pci 0000:00:02.6: bridge window [io  0x7000-0x7fff]: assigned
Oct 10 11:31:17 gchopin kernel: [    0.317377] pci 0000:00:02.7: bridge window [io  0x8000-0x8fff]: assigned
Oct 10 11:31:17 gchopin kernel: [    0.317532] pci 0000:00:03.0: bridge window [io  0x9000-0x9fff]: assigned
Oct 10 11:31:17 gchopin kernel: [    0.317684] pci 0000:00:03.1: bridge window [io  0xa000-0xafff]: assigned
Oct 10 11:31:17 gchopin kernel: [    0.317836] pci 0000:00:03.2: bridge window [io  0xb000-0xbfff]: assigned
Oct 10 11:31:17 gchopin kernel: [    0.317986] pci 0000:00:03.3: bridge window [io  0xd000-0xdfff]: assigned
Oct 10 11:31:17 gchopin kernel: [    0.318137] pci 0000:00:03.4: bridge window [io  0xe000-0xefff]: assigned
Oct 10 11:31:17 gchopin kernel: [    0.318287] pci 0000:00:03.5: bridge window [io  0xf000-0xffff]: assigned
Oct 10 11:31:17 gchopin kernel: [    0.318439] pci 0000:00:02.0: PCI bridge to [bus 01]
Oct 10 11:31:17 gchopin kernel: [    0.318572] pci 0000:00:02.0:   bridge window [io  0x1000-0x1fff]
Oct 10 11:31:17 gchopin kernel: [    0.323125] pci 0000:00:02.0:   bridge window [mem 0xfe800000-0xfe9fffff]
Oct 10 11:31:17 gchopin kernel: [    0.323911] pci 0000:00:02.0:   bridge window [mem 0xfca00000-0xfcbfffff 64bit pref]
Oct 10 11:31:17 gchopin kernel: [    0.325264] pci 0000:00:02.1: PCI bridge to [bus 02]
Oct 10 11:31:17 gchopin kernel: [    0.325398] pci 0000:00:02.1:   bridge window [io  0x2000-0x2fff]
Oct 10 11:31:17 gchopin kernel: [    0.326372] pci 0000:00:02.1:   bridge window [mem 0xfe600000-0xfe7fffff]
Oct 10 11:31:17 gchopin kernel: [    0.327054] pci 0000:00:02.1:   bridge window [mem 0xfc800000-0xfc9fffff 64bit pref]
Oct 10 11:31:17 gchopin kernel: [    0.328316] pci 0000:00:02.2: PCI bridge to [bus 03]
Oct 10 11:31:17 gchopin kernel: [    0.328450] pci 0000:00:02.2:   bridge window [io  0x3000-0x3fff]
Oct 10 11:31:17 gchopin kernel: [    0.329376] pci 0000:00:02.2:   bridge window [mem 0xfe400000-0xfe5fffff]
Oct 10 11:31:17 gchopin kernel: [    0.330049] pci 0000:00:02.2:   bridge window [mem 0xfc600000-0xfc7fffff 64bit pref]
Oct 10 11:31:17 gchopin kernel: [    0.331295] pci 0000:00:02.3: PCI bridge to [bus 04]
Oct 10 11:31:17 gchopin kernel: [    0.331431] pci 0000:00:02.3:   bridge window [io  0x4000-0x4fff]
Oct 10 11:31:17 gchopin kernel: [    0.332360] pci 0000:00:02.3:   bridge window [mem 0xfe200000-0xfe3fffff]
Oct 10 11:31:17 gchopin kernel: [    0.333031] pci 0000:00:02.3:   bridge window [mem 0xfc400000-0xfc5fffff 64bit pref]
Oct 10 11:31:17 gchopin kernel: [    0.335423] pci 0000:00:02.4: PCI bridge to [bus 05]
Oct 10 11:31:17 gchopin kernel: [    0.335562] pci 0000:00:02.4:   bridge window [io  0x5000-0x5fff]
Oct 10 11:31:17 gchopin kernel: [    0.336221] pci 0000:00:02.4:   bridge window [mem 0xfe000000-0xfe1fffff]
Oct 10 11:31:17 gchopin kernel: [    0.336698] pci 0000:00:02.4:   bridge window [mem 0xfc200000-0xfc3fffff 64bit pref]
Oct 10 11:31:17 gchopin kernel: [    0.337553] pci 0000:00:02.5: PCI bridge to [bus 06]
Oct 10 11:31:17 gchopin kernel: [    0.337686] pci 0000:00:02.5:   bridge window [io  0x6000-0x6fff]
Oct 10 11:31:17 gchopin kernel: [    0.338304] pci 0000:00:02.5:   bridge window [mem 0xfde00000-0xfdffffff]
Oct 10 11:31:17 gchopin kernel: [    0.338822] pci 0000:00:02.5:   bridge window [mem 0xfc000000-0xfc1fffff 64bit pref]
Oct 10 11:31:17 gchopin kernel: [    0.340670] pci 0000:00:02.6: PCI bridge to [bus 07]
Oct 10 11:31:17 gchopin kernel: [    0.340813] pci 0000:00:02.6:   bridge window [io  0x7000-0x7fff]
Oct 10 11:31:17 gchopin kernel: [    0.341491] pci 0000:00:02.6:   bridge window [mem 0xfdc00000-0xfddfffff]
Oct 10 11:31:17 gchopin kernel: [    0.341988] pci 0000:00:02.6:   bridge window [mem 0xfbe00000-0xfbffffff 64bit pref]
Oct 10 11:31:17 gchopin kernel: [    0.343076] pci 0000:00:02.7: PCI bridge to [bus 08]
Oct 10 11:31:17 gchopin kernel: [    0.343209] pci 0000:00:02.7:   bridge window [io  0x8000-0x8fff]
Oct 10 11:31:17 gchopin kernel: [    0.344029] pci 0000:00:02.7:   bridge window [mem 0xfda00000-0xfdbfffff]
Oct 10 11:31:17 gchopin kernel: [    0.344693] pci 0000:00:02.7:   bridge window [mem 0xfbc00000-0xfbdfffff 64bit pref]
Oct 10 11:31:17 gchopin kernel: [    0.347215] pci 0000:00:03.0: PCI bridge to [bus 09]
Oct 10 11:31:17 gchopin kernel: [    0.347354] pci 0000:00:03.0:   bridge window [io  0x9000-0x9fff]
Oct 10 11:31:17 gchopin kernel: [    0.348001] pci 0000:00:03.0:   bridge window [mem 0xfd800000-0xfd9fffff]
Oct 10 11:31:17 gchopin kernel: [    0.348474] pci 0000:00:03.0:   bridge window [mem 0xfba00000-0xfbbfffff 64bit pref]
Oct 10 11:31:17 gchopin kernel: [    0.349299] pci 0000:00:03.1: PCI bridge to [bus 0a]
Oct 10 11:31:17 gchopin kernel: [    0.349437] pci 0000:00:03.1:   bridge window [io  0xa000-0xafff]
Oct 10 11:31:17 gchopin kernel: [    0.350001] pci 0000:00:03.1:   bridge window [mem 0xfd600000-0xfd7fffff]
Oct 10 11:31:17 gchopin kernel: [    0.350431] pci 0000:00:03.1:   bridge window [mem 0xfb800000-0xfb9fffff 64bit pref]
Oct 10 11:31:17 gchopin kernel: [    0.351212] pci 0000:00:03.2: PCI bridge to [bus 0b]
Oct 10 11:31:17 gchopin kernel: [    0.351345] pci 0000:00:03.2:   bridge window [io  0xb000-0xbfff]
Oct 10 11:31:17 gchopin kernel: [    0.351930] pci 0000:00:03.2:   bridge window [mem 0xfd400000-0xfd5fffff]
Oct 10 11:31:17 gchopin kernel: [    0.352369] pci 0000:00:03.2:   bridge window [mem 0xfb600000-0xfb7fffff 64bit pref]
Oct 10 11:31:17 gchopin kernel: [    0.353162] pci 0000:00:03.3: PCI bridge to [bus 0c]
Oct 10 11:31:17 gchopin kernel: [    0.353295] pci 0000:00:03.3:   bridge window [io  0xd000-0xdfff]
Oct 10 11:31:17 gchopin kernel: [    0.353893] pci 0000:00:03.3:   bridge window [mem 0xfd200000-0xfd3fffff]
Oct 10 11:31:17 gchopin kernel: [    0.354355] pci 0000:00:03.3:   bridge window [mem 0xfb400000-0xfb5fffff 64bit pref]
Oct 10 11:31:17 gchopin kernel: [    0.355405] pci 0000:00:03.4: PCI bridge to [bus 0d]
Oct 10 11:31:17 gchopin kernel: [    0.355541] pci 0000:00:03.4:   bridge window [io  0xe000-0xefff]
Oct 10 11:31:17 gchopin kernel: [    0.356559] pci 0000:00:03.4:   bridge window [mem 0xfd000000-0xfd1fffff]
Oct 10 11:31:17 gchopin kernel: [    0.358770] pci 0000:00:03.4:   bridge window [mem 0xfb200000-0xfb3fffff 64bit pref]
Oct 10 11:31:17 gchopin kernel: [    0.359559] pci 0000:00:03.5: PCI bridge to [bus 0e]
Oct 10 11:31:17 gchopin kernel: [    0.359700] pci 0000:00:03.5:   bridge window [io  0xf000-0xffff]
Oct 10 11:31:17 gchopin kernel: [    0.360292] pci 0000:00:03.5:   bridge window [mem 0xfce00000-0xfcffffff]
Oct 10 11:31:17 gchopin kernel: [    0.360732] pci 0000:00:03.5:   bridge window [mem 0xfb000000-0xfb1fffff 64bit pref]
Oct 10 11:31:17 gchopin kernel: [    0.361552] pci_bus 0000:00: resource 4 [io  0x0000-0x0cf7 window]
Oct 10 11:31:17 gchopin kernel: [    0.361698] pci_bus 0000:00: resource 5 [io  0x0d00-0xffff window]
Oct 10 11:31:17 gchopin kernel: [    0.361842] pci_bus 0000:00: resource 6 [mem 0x000a0000-0x000bffff window]
Oct 10 11:31:17 gchopin kernel: [    0.361996] pci_bus 0000:00: resource 7 [mem 0x80000000-0xafffffff window]
Oct 10 11:31:17 gchopin kernel: [    0.362149] pci_bus 0000:00: resource 8 [mem 0xc0000000-0xfebfffff window]
Oct 10 11:31:17 gchopin kernel: [    0.362302] pci_bus 0000:00: resource 9 [mem 0x300000000-0xaffffffff window]
Oct 10 11:31:17 gchopin kernel: [    0.362456] pci_bus 0000:01: resource 0 [io  0x1000-0x1fff]
Oct 10 11:31:17 gchopin kernel: [    0.362594] pci_bus 0000:01: resource 1 [mem 0xfe800000-0xfe9fffff]
Oct 10 11:31:17 gchopin kernel: [    0.362761] pci_bus 0000:01: resource 2 [mem 0xfca00000-0xfcbfffff 64bit pref]
Oct 10 11:31:17 gchopin kernel: [    0.362943] pci_bus 0000:02: resource 0 [io  0x2000-0x2fff]
Oct 10 11:31:17 gchopin kernel: [    0.363078] pci_bus 0000:02: resource 1 [mem 0xfe600000-0xfe7fffff]
Oct 10 11:31:17 gchopin kernel: [    0.363221] pci_bus 0000:02: resource 2 [mem 0xfc800000-0xfc9fffff 64bit pref]
Oct 10 11:31:17 gchopin kernel: [    0.363401] pci_bus 0000:03: resource 0 [io  0x3000-0x3fff]
Oct 10 11:31:17 gchopin kernel: [    0.363541] pci_bus 0000:03: resource 1 [mem 0xfe400000-0xfe5fffff]
Oct 10 11:31:17 gchopin kernel: [    0.363686] pci_bus 0000:03: resource 2 [mem 0xfc600000-0xfc7fffff 64bit pref]
Oct 10 11:31:17 gchopin kernel: [    0.363899] pci_bus 0000:04: resource 0 [io  0x4000-0x4fff]
Oct 10 11:31:17 gchopin kernel: [    0.364041] pci_bus 0000:04: resource 1 [mem 0xfe200000-0xfe3fffff]
Oct 10 11:31:17 gchopin kernel: [    0.364189] pci_bus 0000:04: resource 2 [mem 0xfc400000-0xfc5fffff 64bit pref]
Oct 10 11:31:17 gchopin kernel: [    0.364371] pci_bus 0000:05: resource 0 [io  0x5000-0x5fff]
Oct 10 11:31:17 gchopin kernel: [    0.364509] pci_bus 0000:05: resource 1 [mem 0xfe000000-0xfe1fffff]
Oct 10 11:31:17 gchopin kernel: [    0.364653] pci_bus 0000:05: resource 2 [mem 0xfc200000-0xfc3fffff 64bit pref]
Oct 10 11:31:17 gchopin kernel: [    0.364835] pci_bus 0000:06: resource 0 [io  0x6000-0x6fff]
Oct 10 11:31:17 gchopin kernel: [    0.364968] pci_bus 0000:06: resource 1 [mem 0xfde00000-0xfdffffff]
Oct 10 11:31:17 gchopin kernel: [    0.365112] pci_bus 0000:06: resource 2 [mem 0xfc000000-0xfc1fffff 64bit pref]
Oct 10 11:31:17 gchopin kernel: [    0.365294] pci_bus 0000:07: resource 0 [io  0x7000-0x7fff]
Oct 10 11:31:17 gchopin kernel: [    0.365426] pci_bus 0000:07: resource 1 [mem 0xfdc00000-0xfddfffff]
Oct 10 11:31:17 gchopin kernel: [    0.365572] pci_bus 0000:07: resource 2 [mem 0xfbe00000-0xfbffffff 64bit pref]
Oct 10 11:31:17 gchopin kernel: [    0.365753] pci_bus 0000:08: resource 0 [io  0x8000-0x8fff]
Oct 10 11:31:17 gchopin kernel: [    0.365886] pci_bus 0000:08: resource 1 [mem 0xfda00000-0xfdbfffff]
Oct 10 11:31:17 gchopin kernel: [    0.366028] pci_bus 0000:08: resource 2 [mem 0xfbc00000-0xfbdfffff 64bit pref]
Oct 10 11:31:17 gchopin kernel: [    0.366207] pci_bus 0000:09: resource 0 [io  0x9000-0x9fff]
Oct 10 11:31:17 gchopin kernel: [    0.366339] pci_bus 0000:09: resource 1 [mem 0xfd800000-0xfd9fffff]
Oct 10 11:31:17 gchopin kernel: [    0.366486] pci_bus 0000:09: resource 2 [mem 0xfba00000-0xfbbfffff 64bit pref]
Oct 10 11:31:17 gchopin kernel: [    0.366667] pci_bus 0000:0a: resource 0 [io  0xa000-0xafff]
Oct 10 11:31:17 gchopin kernel: [    0.366804] pci_bus 0000:0a: resource 1 [mem 0xfd600000-0xfd7fffff]
Oct 10 11:31:17 gchopin kernel: [    0.366947] pci_bus 0000:0a: resource 2 [mem 0xfb800000-0xfb9fffff 64bit pref]
Oct 10 11:31:17 gchopin kernel: [    0.367126] pci_bus 0000:0b: resource 0 [io  0xb000-0xbfff]
Oct 10 11:31:17 gchopin kernel: [    0.367261] pci_bus 0000:0b: resource 1 [mem 0xfd400000-0xfd5fffff]
Oct 10 11:31:17 gchopin kernel: [    0.367405] pci_bus 0000:0b: resource 2 [mem 0xfb600000-0xfb7fffff 64bit pref]
Oct 10 11:31:17 gchopin kernel: [    0.367587] pci_bus 0000:0c: resource 0 [io  0xd000-0xdfff]
Oct 10 11:31:17 gchopin kernel: [    0.367726] pci_bus 0000:0c: resource 1 [mem 0xfd200000-0xfd3fffff]
Oct 10 11:31:17 gchopin kernel: [    0.367871] pci_bus 0000:0c: resource 2 [mem 0xfb400000-0xfb5fffff 64bit pref]
Oct 10 11:31:17 gchopin kernel: [    0.368053] pci_bus 0000:0d: resource 0 [io  0xe000-0xefff]
Oct 10 11:31:17 gchopin kernel: [    0.368188] pci_bus 0000:0d: resource 1 [mem 0xfd000000-0xfd1fffff]
Oct 10 11:31:17 gchopin kernel: [    0.368334] pci_bus 0000:0d: resource 2 [mem 0xfb200000-0xfb3fffff 64bit pref]
Oct 10 11:31:17 gchopin kernel: [    0.369507] pci_bus 0000:0e: resource 0 [io  0xf000-0xffff]
Oct 10 11:31:17 gchopin kernel: [    0.369647] pci_bus 0000:0e: resource 1 [mem 0xfce00000-0xfcffffff]
Oct 10 11:31:17 gchopin kernel: [    0.369794] pci_bus 0000:0e: resource 2 [mem 0xfb000000-0xfb1fffff 64bit pref]
Oct 10 11:31:17 gchopin kernel: [    0.370218] ACPI: \_SB_.GSIG: Enabled at IRQ 22
Oct 10 11:31:17 gchopin kernel: [    0.371034] PCI: CLS 0 bytes, default 64
Oct 10 11:31:17 gchopin kernel: [    0.371184] PCI-DMA: Using software bounce buffering for IO (SWIOTLB)
Oct 10 11:31:17 gchopin kernel: [    0.371334] software IO TLB: mapped [mem 0x000000007bfdc000-0x000000007ffdc000] (64MB)
Oct 10 11:31:17 gchopin kernel: [    0.371810] RAPL PMU: API unit is 2^-32 Joules, 0 fixed counters, 10737418240 ms ovfl timer
Oct 10 11:31:17 gchopin kernel: [    0.372056] clocksource: tsc: mask: 0xffffffffffffffff max_cycles: 0x1e71785e5dd, max_idle_ns: 440795244814 ns
Oct 10 11:31:17 gchopin kernel: [    0.374471] Initialise system trusted keyrings
Oct 10 11:31:17 gchopin kernel: [    0.374735] workingset: timestamp_bits=40 max_order=22 bucket_order=0
Oct 10 11:31:17 gchopin kernel: [    0.375104] NFS: Registering the id_resolver key type
Oct 10 11:31:17 gchopin kernel: [    0.375240] Key type id_resolver registered
Oct 10 11:31:17 gchopin kernel: [    0.375362] Key type id_legacy registered
Oct 10 11:31:17 gchopin kernel: [    0.375612] fuse: init (API version 7.41)
Oct 10 11:31:17 gchopin kernel: [    0.375853] 9p: Installing v9fs 9p2000 file system support
Oct 10 11:31:17 gchopin kernel: [    0.380800] NET: Registered PF_ALG protocol family
Oct 10 11:31:17 gchopin kernel: [    0.380935] Key type asymmetric registered
Oct 10 11:31:17 gchopin kernel: [    0.381052] Asymmetric key parser 'x509' registered
Oct 10 11:31:17 gchopin kernel: [    0.381187] Block layer SCSI generic (bsg) driver version 0.4 loaded (major 251)
Oct 10 11:31:17 gchopin kernel: [    0.381391] io scheduler mq-deadline registered
Oct 10 11:31:17 gchopin kernel: [    0.381519] io scheduler kyber registered
Oct 10 11:31:17 gchopin kernel: [    0.382947] pcieport 0000:00:02.0: PME: Signaling with IRQ 24
Oct 10 11:31:17 gchopin kernel: [    0.383629] pcieport 0000:00:02.1: PME: Signaling with IRQ 25
Oct 10 11:31:17 gchopin kernel: [    0.384928] pcieport 0000:00:02.2: PME: Signaling with IRQ 26
Oct 10 11:31:17 gchopin kernel: [    0.386213] pcieport 0000:00:02.3: PME: Signaling with IRQ 27
Oct 10 11:31:17 gchopin kernel: [    0.387582] pcieport 0000:00:02.4: PME: Signaling with IRQ 28
Oct 10 11:31:17 gchopin kernel: [    0.388844] pcieport 0000:00:02.5: PME: Signaling with IRQ 29
Oct 10 11:31:17 gchopin kernel: [    0.390662] pcieport 0000:00:02.6: PME: Signaling with IRQ 30
Oct 10 11:31:17 gchopin kernel: [    0.391628] pcieport 0000:00:02.7: PME: Signaling with IRQ 31
Oct 10 11:31:17 gchopin kernel: [    0.391986] ACPI: \_SB_.GSIH: Enabled at IRQ 23
Oct 10 11:31:17 gchopin kernel: [    0.392775] pcieport 0000:00:03.0: PME: Signaling with IRQ 32
Oct 10 11:31:17 gchopin kernel: [    0.394007] pcieport 0000:00:03.1: PME: Signaling with IRQ 33
Oct 10 11:31:17 gchopin kernel: [    0.395218] pcieport 0000:00:03.2: PME: Signaling with IRQ 34
Oct 10 11:31:17 gchopin kernel: [    0.396483] pcieport 0000:00:03.3: PME: Signaling with IRQ 35
Oct 10 11:31:17 gchopin kernel: [    0.397696] pcieport 0000:00:03.4: PME: Signaling with IRQ 36
Oct 10 11:31:17 gchopin kernel: [    0.399644] pcieport 0000:00:03.5: PME: Signaling with IRQ 37
Oct 10 11:31:17 gchopin kernel: [    0.400954] input: Power Button as /devices/LNXSYSTM:00/LNXPWRBN:00/input/input0
Oct 10 11:31:17 gchopin kernel: [    0.401433] ACPI: button: Power Button [PWRF]
Oct 10 11:31:17 gchopin kernel: [    0.402205] ACPI: \_SB_.GSIF: Enabled at IRQ 21
Oct 10 11:31:17 gchopin kernel: [    0.405739] Serial: 8250/16550 driver, 4 ports, IRQ sharing enabled
Oct 10 11:31:17 gchopin kernel: [    0.405991] 00:00: ttyS0 at I/O 0x3f8 (irq = 4, base_baud = 115200) is a 16550A
Oct 10 11:31:17 gchopin kernel: [    0.410458] Non-volatile memory driver v1.3
Oct 10 11:31:17 gchopin kernel: [    0.410585] Linux agpgart interface v0.103
Oct 10 11:31:17 gchopin kernel: [    0.410773] ACPI: bus type drm_connector registered
Oct 10 11:31:17 gchopin kernel: [    0.412245] brd: module loaded
Oct 10 11:31:17 gchopin kernel: [    0.413312] loop: module loaded
Oct 10 11:31:17 gchopin kernel: [    0.416917] virtio_blk virtio3: 4/0/0 default/read/poll queues
Oct 10 11:31:17 gchopin kernel: [    0.417776] virtio_blk virtio3: [vda] 83886080 512-byte logical blocks (42.9 GB/40.0 GiB)
Oct 10 11:31:17 gchopin kernel: [    0.418327]  vda: vda1 vda2 vda3
Oct 10 11:31:17 gchopin kernel: [    0.418521] ahci 0000:00:1f.2: version 3.0
Oct 10 11:31:17 gchopin kernel: [    0.418601] ACPI: \_SB_.GSIA: Enabled at IRQ 16
Oct 10 11:31:17 gchopin kernel: [    0.419047] ahci 0000:00:1f.2: AHCI vers 0001.0000, 32 command slots, 1.5 Gbps, SATA mode
Oct 10 11:31:17 gchopin kernel: [    0.419251] ahci 0000:00:1f.2: 6/6 ports implemented (port mask 0x3f)
Oct 10 11:31:17 gchopin kernel: [    0.419405] ahci 0000:00:1f.2: flags: 64bit ncq only 
Oct 10 11:31:17 gchopin kernel: [    0.420236] scsi host0: ahci
Oct 10 11:31:17 gchopin kernel: [    0.420408] scsi host1: ahci
Oct 10 11:31:17 gchopin kernel: [    0.420571] scsi host2: ahci
Oct 10 11:31:17 gchopin kernel: [    0.420751] scsi host3: ahci
Oct 10 11:31:17 gchopin kernel: [    0.420911] scsi host4: ahci
Oct 10 11:31:17 gchopin kernel: [    0.421077] scsi host5: ahci
Oct 10 11:31:17 gchopin kernel: [    0.421204] ata1: SATA max UDMA/133 abar m4096@0xfea23000 port 0xfea23100 irq 45 lpm-pol 0
Oct 10 11:31:17 gchopin kernel: [    0.421409] ata2: SATA max UDMA/133 abar m4096@0xfea23000 port 0xfea23180 irq 45 lpm-pol 0
Oct 10 11:31:17 gchopin kernel: [    0.421616] ata3: SATA max UDMA/133 abar m4096@0xfea23000 port 0xfea23200 irq 45 lpm-pol 0
Oct 10 11:31:17 gchopin kernel: [    0.421818] ata4: SATA max UDMA/133 abar m4096@0xfea23000 port 0xfea23280 irq 45 lpm-pol 0
Oct 10 11:31:17 gchopin kernel: [    0.422020] ata5: SATA max UDMA/133 abar m4096@0xfea23000 port 0xfea23300 irq 45 lpm-pol 0
Oct 10 11:31:17 gchopin kernel: [    0.422220] ata6: SATA max UDMA/133 abar m4096@0xfea23000 port 0xfea23380 irq 45 lpm-pol 0
Oct 10 11:31:17 gchopin kernel: [    0.424441] e100: Intel(R) PRO/100 Network Driver
Oct 10 11:31:17 gchopin kernel: [    0.424575] e100: Copyright(c) 1999-2006 Intel Corporation
Oct 10 11:31:17 gchopin kernel: [    0.424713] e1000: Intel(R) PRO/1000 Network Driver
Oct 10 11:31:17 gchopin kernel: [    0.424838] e1000: Copyright (c) 1999-2006 Intel Corporation.
Oct 10 11:31:17 gchopin kernel: [    0.424980] e1000e: Intel(R) PRO/1000 Network Driver
Oct 10 11:31:17 gchopin kernel: [    0.425109] e1000e: Copyright(c) 1999 - 2015 Intel Corporation.
Oct 10 11:31:17 gchopin kernel: [    0.425253] sky2: driver version 1.30
Oct 10 11:31:17 gchopin kernel: [    0.425742] xhci_hcd 0000:02:00.0: xHCI Host Controller
Oct 10 11:31:17 gchopin kernel: [    0.425904] xhci_hcd 0000:02:00.0: new USB bus registered, assigned bus number 1
Oct 10 11:31:17 gchopin kernel: [    0.426237] xhci_hcd 0000:02:00.0: hcc params 0x00087001 hci version 0x100 quirks 0x0000000000000010
Oct 10 11:31:17 gchopin kernel: [    0.426759] xhci_hcd 0000:02:00.0: xHCI Host Controller
Oct 10 11:31:17 gchopin kernel: [    0.426906] xhci_hcd 0000:02:00.0: new USB bus registered, assigned bus number 2
Oct 10 11:31:17 gchopin kernel: [    0.427098] xhci_hcd 0000:02:00.0: Host supports USB 3.0 SuperSpeed
Oct 10 11:31:17 gchopin kernel: [    0.427282] usb usb1: New USB device found, idVendor=1d6b, idProduct=0002, bcdDevice= 6.12
Oct 10 11:31:17 gchopin kernel: [    0.427494] usb usb1: New USB device strings: Mfr=3, Product=2, SerialNumber=1
Oct 10 11:31:17 gchopin kernel: [    0.427680] usb usb1: Product: xHCI Host Controller
Oct 10 11:31:17 gchopin kernel: [    0.427834] usb usb1: Manufacturer: Linux 6.12.0-rc2-gchopin-thor_kernel-g55b2e94972be xhci-hcd
Oct 10 11:31:17 gchopin kernel: [    0.428053] usb usb1: SerialNumber: 0000:02:00.0
Oct 10 11:31:17 gchopin kernel: [    0.428216] hub 1-0:1.0: USB hub found
Oct 10 11:31:17 gchopin kernel: [    0.428365] hub 1-0:1.0: 15 ports detected
Oct 10 11:31:17 gchopin kernel: [    0.429290] usb usb2: We don't know the algorithms for LPM for this host, disabling LPM.
Oct 10 11:31:17 gchopin kernel: [    0.429514] usb usb2: New USB device found, idVendor=1d6b, idProduct=0003, bcdDevice= 6.12
Oct 10 11:31:17 gchopin kernel: [    0.429719] usb usb2: New USB device strings: Mfr=3, Product=2, SerialNumber=1
Oct 10 11:31:17 gchopin kernel: [    0.429905] usb usb2: Product: xHCI Host Controller
Oct 10 11:31:17 gchopin kernel: [    0.430041] usb usb2: Manufacturer: Linux 6.12.0-rc2-gchopin-thor_kernel-g55b2e94972be xhci-hcd
Oct 10 11:31:17 gchopin kernel: [    0.430253] usb usb2: SerialNumber: 0000:02:00.0
Oct 10 11:31:17 gchopin kernel: [    0.430421] hub 2-0:1.0: USB hub found
Oct 10 11:31:17 gchopin kernel: [    0.430573] hub 2-0:1.0: 15 ports detected
Oct 10 11:31:17 gchopin kernel: [    0.430972] usbcore: registered new interface driver usblp
Oct 10 11:31:17 gchopin kernel: [    0.431117] usbcore: registered new interface driver usb-storage
Oct 10 11:31:17 gchopin kernel: [    0.431281] i8042: PNP: PS/2 Controller [PNP0303:KBD,PNP0f13:MOU] at 0x60,0x64 irq 1,12
Oct 10 11:31:17 gchopin kernel: [    0.432070] serio: i8042 KBD port at 0x60,0x64 irq 1
Oct 10 11:31:17 gchopin kernel: [    0.432199] serio: i8042 AUX port at 0x60,0x64 irq 12
Oct 10 11:31:17 gchopin kernel: [    0.432371] mousedev: PS/2 mouse device common for all mice
Oct 10 11:31:17 gchopin kernel: [    0.432562] rtc_cmos 00:03: RTC can wake from S4
Oct 10 11:31:17 gchopin kernel: [    0.433005] input: AT Translated Set 2 keyboard as /devices/platform/i8042/serio0/input/input1
Oct 10 11:31:17 gchopin kernel: [    0.433378] rtc_cmos 00:03: registered as rtc0
Oct 10 11:31:17 gchopin kernel: [    0.433720] rtc_cmos 00:03: alarms up to one day, y3k, 242 bytes nvram
Oct 10 11:31:17 gchopin kernel: [    0.434161] device-mapper: ioctl: 4.48.0-ioctl (2023-03-01) initialised: dm-devel@lists.linux.dev
Oct 10 11:31:17 gchopin kernel: [    0.434560] i801_smbus 0000:00:1f.3: SMBus using PCI interrupt
Oct 10 11:31:17 gchopin kernel: [    0.434784] i2c i2c-0: Memory type 0x07 not supported yet, not instantiating SPD
Oct 10 11:31:17 gchopin kernel: [    0.435018] intel_pstate: CPU model not supported
Oct 10 11:31:17 gchopin kernel: [    0.435154] hid: raw HID events driver (C) Jiri Kosina
Oct 10 11:31:17 gchopin kernel: [    0.435358] usbcore: registered new interface driver usbhid
Oct 10 11:31:17 gchopin kernel: [    0.435499] usbhid: USB HID core driver
Oct 10 11:31:17 gchopin kernel: [    0.437796] ipip: IPv4 and MPLS over IPv4 tunneling driver
Oct 10 11:31:17 gchopin kernel: [    0.437988] gre: GRE over IPv4 demultiplexor driver
Oct 10 11:31:17 gchopin kernel: [    0.438116] ip_gre: GRE over IPv4 tunneling driver
Oct 10 11:31:17 gchopin kernel: [    0.438345] Initializing XFRM netlink socket
Oct 10 11:31:17 gchopin kernel: [    0.438478] NET: Registered PF_INET6 protocol family
Oct 10 11:31:17 gchopin kernel: [    0.438999] Segment Routing with IPv6
Oct 10 11:31:17 gchopin kernel: [    0.439123] In-situ OAM (IOAM) with IPv6
Oct 10 11:31:17 gchopin kernel: [    0.439270] sit: IPv6, IPv4 and MPLS over IPv4 tunneling driver
Oct 10 11:31:17 gchopin kernel: [    0.439521] snd_hda_intel 0000:00:1b.0: Cannot probe codecs, giving up
Oct 10 11:31:17 gchopin kernel: [    0.439541] ip6_gre: GRE over IPv6 tunneling driver
Oct 10 11:31:17 gchopin kernel: [    0.439882] NET: Registered PF_PACKET protocol family
Oct 10 11:31:17 gchopin kernel: [    0.440051] 8021q: 802.1Q VLAN Support v1.8
Oct 10 11:31:17 gchopin kernel: [    0.440184] 9pnet: Installing 9P2000 support
Oct 10 11:31:17 gchopin kernel: [    0.440313] Key type dns_resolver registered
Oct 10 11:31:17 gchopin kernel: [    0.440691] IPI shorthand broadcast: enabled
Oct 10 11:31:17 gchopin kernel: [    0.441825] sched_clock: Marking stable (416001497, 25463944)->(525908867, -84443426)
Oct 10 11:31:17 gchopin kernel: [    0.442116] registered taskstats version 1
Oct 10 11:31:17 gchopin kernel: [    0.442239] Loading compiled-in X.509 certificates
Oct 10 11:31:17 gchopin kernel: [    0.443293] Demotion targets for Node 0: null
Oct 10 11:31:17 gchopin kernel: [    0.443480] PM:   Magic number: 12:207:525
Oct 10 11:31:17 gchopin kernel: [    0.443639] printk: legacy console [netcon0] enabled
Oct 10 11:31:17 gchopin kernel: [    0.443807] netconsole: network logging started
Oct 10 11:31:17 gchopin kernel: [    0.443988] ALSA device list:
Oct 10 11:31:17 gchopin kernel: [    0.444095]   No soundcards found.
Oct 10 11:31:17 gchopin kernel: [    0.666626] usb 1-1: new high-speed USB device number 2 using xhci_hcd
Oct 10 11:31:17 gchopin kernel: [    0.729276] ata2: SATA link down (SStatus 0 SControl 300)
Oct 10 11:31:17 gchopin kernel: [    0.729513] ata5: SATA link down (SStatus 0 SControl 300)
Oct 10 11:31:17 gchopin kernel: [    0.729714] ata3: SATA link down (SStatus 0 SControl 300)
Oct 10 11:31:17 gchopin kernel: [    0.729905] ata1: SATA link down (SStatus 0 SControl 300)
Oct 10 11:31:17 gchopin kernel: [    0.731084] ata6: SATA link down (SStatus 0 SControl 300)
Oct 10 11:31:17 gchopin kernel: [    0.731277] ata4: SATA link down (SStatus 0 SControl 300)
Oct 10 11:31:17 gchopin kernel: [    0.790425] usb 1-1: New USB device found, idVendor=0627, idProduct=0001, bcdDevice= 0.00
Oct 10 11:31:17 gchopin kernel: [    0.790866] usb 1-1: New USB device strings: Mfr=1, Product=3, SerialNumber=10
Oct 10 11:31:17 gchopin kernel: [    0.791247] usb 1-1: Product: QEMU USB Tablet
Oct 10 11:31:17 gchopin kernel: [    0.791501] usb 1-1: Manufacturer: QEMU
Oct 10 11:31:17 gchopin kernel: [    0.791735] usb 1-1: SerialNumber: 28754-0000:00:02.1:00.0-1
Oct 10 11:31:17 gchopin kernel: [    0.792365] input: QEMU QEMU USB Tablet as /devices/pci0000:00/0000:00:02.1/0000:02:00.0/usb1/1-1/1-1:1.0/0003:0627:0001.0001/input/input4
Oct 10 11:31:17 gchopin kernel: [    0.792835] hid-generic 0003:0627:0001.0001: input,hidraw0: USB HID v0.01 Mouse [QEMU QEMU USB Tablet] on usb-0000:02:00.0-1/input0
Oct 10 11:31:17 gchopin kernel: [    0.851259] input: ImExPS/2 Generic Explorer Mouse as /devices/platform/i8042/serio1/input/input3
Oct 10 11:31:17 gchopin kernel: [    0.851661] md: Waiting for all devices to be available before autodetect
Oct 10 11:31:17 gchopin kernel: [    0.851840] md: If you don't use raid, use raid=noautodetect
Oct 10 11:31:17 gchopin kernel: [    0.851976] md: Autodetecting RAID arrays.
Oct 10 11:31:17 gchopin kernel: [    0.852088] md: autorun ...
Oct 10 11:31:17 gchopin kernel: [    0.852179] md: ... autorun DONE.
Oct 10 11:31:17 gchopin kernel: [    0.854196] EXT4-fs (vda3): mounted filesystem 849c14f9-1af6-4c59-be69-708f5a0ca971 ro with ordered data mode. Quota mode: none.
Oct 10 11:31:17 gchopin kernel: [    0.854479] VFS: Mounted root (ext4 filesystem) readonly on device 253:3.
Oct 10 11:31:17 gchopin kernel: [    0.854772] devtmpfs: mounted
Oct 10 11:31:17 gchopin kernel: [    0.855659] Freeing unused kernel image (initmem) memory: 2628K
Oct 10 11:31:17 gchopin kernel: [    0.855835] Write protecting the kernel read-only data: 22528k
Oct 10 11:31:17 gchopin kernel: [    0.856192] Freeing unused kernel image (rodata/data gap) memory: 52K
Oct 10 11:31:17 gchopin kernel: [    0.860652] x86/mm: Checked W+X mappings: passed, no W+X pages found.
Oct 10 11:31:17 gchopin kernel: [    0.861169] Run /sbin/init as init process
Oct 10 11:31:17 gchopin kernel: [    0.861286]   with arguments:
Oct 10 11:31:17 gchopin kernel: [    0.861287]     /sbin/init
Oct 10 11:31:17 gchopin kernel: [    0.861287]   with environment:
Oct 10 11:31:17 gchopin kernel: [    0.861287]     HOME=/
Oct 10 11:31:17 gchopin kernel: [    0.861288]     TERM=linux
Oct 10 11:31:17 gchopin kernel: [    0.861288]     BOOT_IMAGE=/vmlinuz-6.12.0-rc2-gchopin-thor_kernel
Oct 10 11:31:17 gchopin kernel: [    0.867259] stty (96) used greatest stack depth: 13016 bytes left
Oct 10 11:31:17 gchopin kernel: [    0.915419] ip (197) used greatest stack depth: 12552 bytes left
Oct 10 11:31:17 gchopin kernel: <30>[    0.928295] udevd[222]: Starting systemd-udevd version 254
Oct 10 11:31:17 gchopin kernel: <30>[    0.929643] udevd[223]: Using default interface naming scheme 'v253'.
Oct 10 11:31:17 gchopin kernel: [    0.966331] [drm] pci: virtio-vga detected at 0000:00:01.0
Oct 10 11:31:17 gchopin kernel: [    0.966495] virtio-pci 0000:00:01.0: vgaarb: deactivate vga console
Oct 10 11:31:17 gchopin kernel: [    0.978273] Console: switching to colour dummy device 80x25
Oct 10 11:31:17 gchopin kernel: [    0.978399] [drm] features: -virgl +edid -resource_blob -host_visible
Oct 10 11:31:17 gchopin kernel: [    0.978400] [drm] features: -context_init
Oct 10 11:31:17 gchopin kernel: [    0.990224] [drm] number of scanouts: 1
Oct 10 11:31:17 gchopin kernel: [    0.990232] [drm] number of cap sets: 0
Oct 10 11:31:17 gchopin kernel: [    0.991245] [drm] Initialized virtio_gpu 0.1.0 for 0000:00:01.0 on minor 0
Oct 10 11:31:17 gchopin kernel: [    0.993442] fbcon: virtio_gpudrmfb (fb0) is primary device
Oct 10 11:31:17 gchopin kernel: [    0.993522] Console: switching to colour frame buffer device 128x48
Oct 10 11:31:17 gchopin kernel: [    0.996780] virtio-pci 0000:00:01.0: [drm] fb0: virtio_gpudrmfb frame buffer device
Oct 10 11:31:17 gchopin kernel: [    1.194012] Adding 2097148k swap on /dev/vda2.  Priority:1 extents:1 across:2097148k 
Oct 10 11:31:17 gchopin kernel: [    1.209583] EXT4-fs (vda3): re-mounted 849c14f9-1af6-4c59-be69-708f5a0ca971 ro. Quota mode: none.
Oct 10 11:31:17 gchopin kernel: [    1.242177] EXT4-fs (vda3): re-mounted 849c14f9-1af6-4c59-be69-708f5a0ca971 r/w. Quota mode: none.
Oct 10 11:31:17 gchopin kernel: [    1.247146] EXT4-fs (vda1): mounting ext2 file system using the ext4 subsystem
Oct 10 11:31:17 gchopin kernel: [    1.251882] EXT4-fs (vda1): mounted filesystem 69efa423-e957-4dc9-9f2f-ed43e5d4ecfd r/w without journal. Quota mode: none.
Oct 10 11:31:17 gchopin kernel: [    2.144309] rc (95) used greatest stack depth: 12408 bytes left
Oct 10 11:31:17 gchopin kernel: [    2.255864] 8021q: adding VLAN 0 to HW filter on device eth0
Oct 10 11:31:45 gchopin kernel: [   31.009485] usb 1-3: new low-speed USB device number 3 using xhci_hcd
Oct 10 11:31:46 gchopin kernel: [   31.583815] usb 1-3: New USB device found, idVendor=413c, idProduct=2113, bcdDevice= 1.10
Oct 10 11:31:46 gchopin kernel: [   31.583979] usb 1-3: New USB device strings: Mfr=0, Product=2, SerialNumber=0
Oct 10 11:31:46 gchopin kernel: [   31.584102] usb 1-3: Product: Dell KB216 Wired Keyboard
Oct 10 11:31:46 gchopin kernel: [   31.589579] input: Dell KB216 Wired Keyboard as /devices/pci0000:00/0000:00:02.1/0000:02:00.0/usb1/1-3/1-3:1.0/0003:413C:2113.0002/input/input5
Oct 10 11:31:46 gchopin kernel: [   31.680561] hid-generic 0003:413C:2113.0002: input,hidraw1: USB HID v1.11 Keyboard [Dell KB216 Wired Keyboard] on usb-0000:02:00.0-3/input0
Oct 10 11:31:46 gchopin kernel: [   31.684693] input: Dell KB216 Wired Keyboard Consumer Control as /devices/pci0000:00/0000:00:02.1/0000:02:00.0/usb1/1-3/1-3:1.1/0003:413C:2113.0003/input/input6
Oct 10 11:31:46 gchopin kernel: [   31.735447] input: Dell KB216 Wired Keyboard System Control as /devices/pci0000:00/0000:00:02.1/0000:02:00.0/usb1/1-3/1-3:1.1/0003:413C:2113.0003/input/input7
Oct 10 11:31:46 gchopin kernel: [   31.735866] hid-generic 0003:413C:2113.0003: input,hidraw2: USB HID v1.11 Device [Dell KB216 Wired Keyboard] on usb-0000:02:00.0-3/input1
Oct 10 11:31:46 gchopin kernel: [   31.739029] main: loading out-of-tree module taints kernel.
Oct 10 11:31:46 gchopin kernel: [   31.739433] Hello world, keyboard module loaded !
