
May 10 17:03:42 gchopin shutdown[1772]: shutting down for system reboot
May 10 17:03:42 gchopin init: Switching to runlevel: 6
May 10 17:03:42 gchopin kernel: [  160.354167] rfkill: input handler enabled
May 10 17:03:43 gchopin pulseaudio[1352]: [pulseaudio] module-x11-publish.c: PulseAudio information vanished from X11!
May 10 17:03:43 gchopin pulseaudio[1352]: [pulseaudio] x11wrap.c: X11 I/O error handler called
May 10 17:03:43 gchopin pulseaudio[1352]: [pulseaudio] x11wrap.c: X11 I/O error exit handler called, preparing to tear down X11 modules
May 10 17:03:43 gchopin pulseaudio[1352]: [pulseaudio] x11wrap.c: X11 I/O error handler called
May 10 17:03:43 gchopin pulseaudio[1352]: [pulseaudio] x11wrap.c: X11 I/O error exit handler called, preparing to tear down X11 modules
May 10 17:03:43 gchopin pulseaudio[1352]: [pulseaudio] core-util.c: Failed to create secure directory (/run/user/1000/pulse): No such file or directory
May 10 17:03:43 gchopin NetworkManager[685]: <info>  [1715353423.2483] caught SIGTERM, shutting down normally.
May 10 17:03:43 gchopin dbus-daemon[662]: [system] Activating service name='org.freedesktop.nm_dispatcher' requested by ':1.0' (uid=0 pid=685 comm="/usr/sbin/NetworkManager" label="kernel") (using servicehelper)
May 10 17:03:43 gchopin dbus-daemon[662]: [system] Successfully activated service 'org.freedesktop.nm_dispatcher'
May 10 17:03:43 gchopin NetworkManager[685]: <info>  [1715353423.3168] exiting (success)
May 10 17:03:43 gchopin blocaled[807]: Failed to acquire a dbus connection
May 10 17:03:43 gchopin ModemManager[859]: <warn>  could not acquire the 'org.freedesktop.ModemManager1' service name 
May 10 17:03:43 gchopin nm-dispatcher: Caught signal 15, shutting down...
May 10 17:03:43 gchopin ModemManager[859]: <info>  ModemManager is shut down 
May 10 17:03:44 gchopin ntpd[637]: ntpd exiting on signal 15 (Terminated)
May 10 17:03:44 gchopin ntpd[637]: 103.147.22.149 local addr 10.0.2.15 -> <null>
May 10 17:03:44 gchopin ntpd[637]: 67.219.100.202 local addr 10.0.2.15 -> <null>
May 10 17:03:44 gchopin ntpd[637]: 91.102.113.48 local addr 10.0.2.15 -> <null>
May 10 17:03:44 gchopin ntpd[637]: 142.147.88.111 local addr 10.0.2.15 -> <null>
May 10 17:03:44 gchopin ntpd[637]: 200.160.7.197 local addr 10.0.2.15 -> <null>
May 10 17:03:45 gchopin kernel: Kernel logging (proc) stopped.
May 10 17:03:45 gchopin kernel: Kernel log daemon terminating.
May 10 17:03:46 gchopin exiting on signal 15
May 10 17:04:12 gchopin syslogd 1.5.1: restart.
May 10 17:04:12 gchopin kernel: klogd 1.5.1, log source = /proc/kmsg started.
May 10 17:04:12 gchopin kernel: Cannot find map file.
May 10 17:04:12 gchopin kernel: Loaded 107774 symbols from 2 modules.
May 10 17:04:12 gchopin kernel: [    0.000000] Linux version 6.9.0-thor-kernel-g053425d85a66 (root@gchopin) (gcc (GCC) 13.2.0, GNU ld (GNU Binutils) 2.41) #2 SMP PREEMPT_DYNAMIC Fri Apr 12 15:04:26 CEST 2024
May 10 17:04:12 gchopin kernel: [    0.000000] Command line: BOOT_IMAGE=/vmlinuz-6.9-gchopin root=PARTUUID=643facfc-03 ro
May 10 17:04:12 gchopin kernel: [    0.000000] BIOS-provided physical RAM map:
May 10 17:04:12 gchopin kernel: [    0.000000] BIOS-e820: [mem 0x0000000000000000-0x000000000009fbff] usable
May 10 17:04:12 gchopin kernel: [    0.000000] BIOS-e820: [mem 0x000000000009fc00-0x000000000009ffff] reserved
May 10 17:04:12 gchopin kernel: [    0.000000] BIOS-e820: [mem 0x00000000000f0000-0x00000000000fffff] reserved
May 10 17:04:12 gchopin kernel: [    0.000000] BIOS-e820: [mem 0x0000000000100000-0x00000000dffeffff] usable
May 10 17:04:12 gchopin kernel: [    0.000000] BIOS-e820: [mem 0x00000000dfff0000-0x00000000dfffffff] ACPI data
May 10 17:04:12 gchopin kernel: [    0.000000] BIOS-e820: [mem 0x00000000fec00000-0x00000000fec00fff] reserved
May 10 17:04:12 gchopin kernel: [    0.000000] BIOS-e820: [mem 0x00000000fee00000-0x00000000fee00fff] reserved
May 10 17:04:12 gchopin kernel: [    0.000000] BIOS-e820: [mem 0x00000000fffc0000-0x00000000ffffffff] reserved
May 10 17:04:12 gchopin kernel: [    0.000000] BIOS-e820: [mem 0x0000000100000000-0x000000029fffffff] usable
May 10 17:04:12 gchopin kernel: [    0.000000] NX (Execute Disable) protection: active
May 10 17:04:12 gchopin kernel: [    0.000000] APIC: Static calls initialized
May 10 17:04:12 gchopin kernel: [    0.000000] SMBIOS 2.5 present.
May 10 17:04:12 gchopin kernel: [    0.000000] DMI: innotek GmbH VirtualBox/VirtualBox, BIOS VirtualBox 12/01/2006
May 10 17:04:12 gchopin kernel: [    0.000000] Hypervisor detected: KVM
May 10 17:04:12 gchopin kernel: [    0.000000] kvm-clock: Using msrs 4b564d01 and 4b564d00
May 10 17:04:12 gchopin kernel: [    0.000002] kvm-clock: using sched offset of 8982792161 cycles
May 10 17:04:12 gchopin kernel: [    0.000005] clocksource: kvm-clock: mask: 0xffffffffffffffff max_cycles: 0x1cd42e4dffb, max_idle_ns: 881590591483 ns
May 10 17:04:12 gchopin kernel: [    0.000009] tsc: Detected 2496.000 MHz processor
May 10 17:04:12 gchopin kernel: [    0.001182] e820: update [mem 0x00000000-0x00000fff] usable ==> reserved
May 10 17:04:12 gchopin kernel: [    0.001186] e820: remove [mem 0x000a0000-0x000fffff] usable
May 10 17:04:12 gchopin kernel: [    0.001191] last_pfn = 0x2a0000 max_arch_pfn = 0x400000000
May 10 17:04:12 gchopin kernel: [    0.001198] MTRRs disabled by BIOS
May 10 17:04:12 gchopin kernel: [    0.001201] x86/PAT: Configuration [0-7]: WB  WC  UC- UC  WB  WP  UC- WT  
May 10 17:04:12 gchopin kernel: [    0.001208] last_pfn = 0xdfff0 max_arch_pfn = 0x400000000
May 10 17:04:12 gchopin kernel: [    0.001239] found SMP MP-table at [mem 0x0009fff0-0x0009ffff]
May 10 17:04:12 gchopin kernel: [    0.001248] Incomplete global flushes, disabling PCID
May 10 17:04:12 gchopin kernel: [    0.001464] ACPI: Early table checksum verification disabled
May 10 17:04:12 gchopin kernel: [    0.001466] ACPI: RSDP 0x00000000000E0000 000024 (v02 VBOX  )
May 10 17:04:12 gchopin kernel: [    0.001471] ACPI: XSDT 0x00000000DFFF0030 00003C (v01 VBOX   VBOXXSDT 00000001 ASL  00000061)
May 10 17:04:12 gchopin kernel: [    0.001475] ACPI: FACP 0x00000000DFFF00F0 0000F4 (v04 VBOX   VBOXFACP 00000001 ASL  00000061)
May 10 17:04:12 gchopin kernel: [    0.001480] ACPI: DSDT 0x00000000DFFF0640 002353 (v02 VBOX   VBOXBIOS 00000002 INTL 20100528)
May 10 17:04:12 gchopin kernel: [    0.001483] ACPI: FACS 0x00000000DFFF0200 000040
May 10 17:04:12 gchopin kernel: [    0.001485] ACPI: FACS 0x00000000DFFF0200 000040
May 10 17:04:12 gchopin kernel: [    0.001486] ACPI: APIC 0x00000000DFFF0240 00008C (v02 VBOX   VBOXAPIC 00000001 ASL  00000061)
May 10 17:04:12 gchopin kernel: [    0.001489] ACPI: SSDT 0x00000000DFFF02D0 00036C (v01 VBOX   VBOXCPUT 00000002 INTL 20100528)
May 10 17:04:12 gchopin kernel: [    0.001491] ACPI: Reserving FACP table memory at [mem 0xdfff00f0-0xdfff01e3]
May 10 17:04:12 gchopin kernel: [    0.001492] ACPI: Reserving DSDT table memory at [mem 0xdfff0640-0xdfff2992]
May 10 17:04:12 gchopin kernel: [    0.001493] ACPI: Reserving FACS table memory at [mem 0xdfff0200-0xdfff023f]
May 10 17:04:12 gchopin kernel: [    0.001494] ACPI: Reserving FACS table memory at [mem 0xdfff0200-0xdfff023f]
May 10 17:04:12 gchopin kernel: [    0.001495] ACPI: Reserving APIC table memory at [mem 0xdfff0240-0xdfff02cb]
May 10 17:04:12 gchopin kernel: [    0.001495] ACPI: Reserving SSDT table memory at [mem 0xdfff02d0-0xdfff063b]
May 10 17:04:12 gchopin kernel: [    0.001692] No NUMA configuration found
May 10 17:04:12 gchopin kernel: [    0.001693] Faking a node at [mem 0x0000000000000000-0x000000029fffffff]
May 10 17:04:12 gchopin kernel: [    0.001695] NODE_DATA(0) allocated [mem 0x29fff8000-0x29fffbfff]
May 10 17:04:12 gchopin kernel: [    0.001710] Zone ranges:
May 10 17:04:12 gchopin kernel: [    0.001711]   DMA      [mem 0x0000000000001000-0x0000000000ffffff]
May 10 17:04:12 gchopin kernel: [    0.001712]   DMA32    [mem 0x0000000001000000-0x00000000ffffffff]
May 10 17:04:12 gchopin kernel: [    0.001714]   Normal   [mem 0x0000000100000000-0x000000029fffffff]
May 10 17:04:12 gchopin kernel: [    0.001715] Movable zone start for each node
May 10 17:04:12 gchopin kernel: [    0.001716] Early memory node ranges
May 10 17:04:12 gchopin kernel: [    0.001716]   node   0: [mem 0x0000000000001000-0x000000000009efff]
May 10 17:04:12 gchopin kernel: [    0.001717]   node   0: [mem 0x0000000000100000-0x00000000dffeffff]
May 10 17:04:12 gchopin kernel: [    0.001719]   node   0: [mem 0x0000000100000000-0x000000029fffffff]
May 10 17:04:12 gchopin kernel: [    0.001720] Initmem setup node 0 [mem 0x0000000000001000-0x000000029fffffff]
May 10 17:04:12 gchopin kernel: [    0.001725] On node 0, zone DMA: 1 pages in unavailable ranges
May 10 17:04:12 gchopin kernel: [    0.001744] On node 0, zone DMA: 97 pages in unavailable ranges
May 10 17:04:12 gchopin kernel: [    0.014491] On node 0, zone Normal: 16 pages in unavailable ranges
May 10 17:04:12 gchopin kernel: [    0.014981] ACPI: PM-Timer IO Port: 0x4008
May 10 17:04:12 gchopin kernel: [    0.015034] IOAPIC[0]: apic_id 8, version 32, address 0xfec00000, GSI 0-23
May 10 17:04:12 gchopin kernel: [    0.015037] ACPI: INT_SRC_OVR (bus 0 bus_irq 0 global_irq 2 dfl dfl)
May 10 17:04:12 gchopin kernel: [    0.015038] ACPI: INT_SRC_OVR (bus 0 bus_irq 9 global_irq 9 low level)
May 10 17:04:12 gchopin kernel: [    0.015041] ACPI: Using ACPI (MADT) for SMP configuration information
May 10 17:04:12 gchopin kernel: [    0.015047] CPU topo: Max. logical packages:   1
May 10 17:04:12 gchopin kernel: [    0.015047] CPU topo: Max. logical dies:       1
May 10 17:04:12 gchopin kernel: [    0.015048] CPU topo: Max. dies per package:   1
May 10 17:04:12 gchopin kernel: [    0.015052] CPU topo: Max. threads per core:   1
May 10 17:04:12 gchopin kernel: [    0.015053] CPU topo: Num. cores per package:     8
May 10 17:04:12 gchopin kernel: [    0.015053] CPU topo: Num. threads per package:   8
May 10 17:04:12 gchopin kernel: [    0.015054] CPU topo: Allowing 8 present CPUs plus 0 hotplug CPUs
May 10 17:04:12 gchopin kernel: [    0.015071] PM: hibernation: Registered nosave memory: [mem 0x00000000-0x00000fff]
May 10 17:04:12 gchopin kernel: [    0.015073] PM: hibernation: Registered nosave memory: [mem 0x0009f000-0x0009ffff]
May 10 17:04:12 gchopin kernel: [    0.015074] PM: hibernation: Registered nosave memory: [mem 0x000a0000-0x000effff]
May 10 17:04:12 gchopin kernel: [    0.015074] PM: hibernation: Registered nosave memory: [mem 0x000f0000-0x000fffff]
May 10 17:04:12 gchopin kernel: [    0.015075] PM: hibernation: Registered nosave memory: [mem 0xdfff0000-0xdfffffff]
May 10 17:04:12 gchopin kernel: [    0.015076] PM: hibernation: Registered nosave memory: [mem 0xe0000000-0xfebfffff]
May 10 17:04:12 gchopin kernel: [    0.015077] PM: hibernation: Registered nosave memory: [mem 0xfec00000-0xfec00fff]
May 10 17:04:12 gchopin kernel: [    0.015078] PM: hibernation: Registered nosave memory: [mem 0xfec01000-0xfedfffff]
May 10 17:04:12 gchopin kernel: [    0.015078] PM: hibernation: Registered nosave memory: [mem 0xfee00000-0xfee00fff]
May 10 17:04:12 gchopin kernel: [    0.015079] PM: hibernation: Registered nosave memory: [mem 0xfee01000-0xfffbffff]
May 10 17:04:12 gchopin kernel: [    0.015079] PM: hibernation: Registered nosave memory: [mem 0xfffc0000-0xffffffff]
May 10 17:04:12 gchopin kernel: [    0.015081] [mem 0xe0000000-0xfebfffff] available for PCI devices
May 10 17:04:12 gchopin kernel: [    0.015082] Booting paravirtualized kernel on KVM
May 10 17:04:12 gchopin kernel: [    0.015083] clocksource: refined-jiffies: mask: 0xffffffff max_cycles: 0xffffffff, max_idle_ns: 1910969940391419 ns
May 10 17:04:12 gchopin kernel: [    0.021646] setup_percpu: NR_CPUS:64 nr_cpumask_bits:8 nr_cpu_ids:8 nr_node_ids:1
May 10 17:04:12 gchopin kernel: [    0.021904] percpu: Embedded 56 pages/cpu s191976 r8192 d29208 u262144
May 10 17:04:12 gchopin kernel: [    0.021909] pcpu-alloc: s191976 r8192 d29208 u262144 alloc=1*2097152
May 10 17:04:12 gchopin kernel: [    0.021912] pcpu-alloc: [0] 0 1 2 3 4 5 6 7 
May 10 17:04:12 gchopin kernel: [    0.021931] Kernel command line: BOOT_IMAGE=/vmlinuz-6.9-gchopin root=PARTUUID=643facfc-03 ro
May 10 17:04:12 gchopin kernel: [    0.021955] Unknown kernel command line parameters "BOOT_IMAGE=/vmlinuz-6.9-gchopin", will be passed to user space.
May 10 17:04:12 gchopin kernel: [    0.021978] random: crng init done
May 10 17:04:12 gchopin kernel: [    0.023261] Dentry cache hash table entries: 2097152 (order: 12, 16777216 bytes, linear)
May 10 17:04:12 gchopin kernel: [    0.023885] Inode-cache hash table entries: 1048576 (order: 11, 8388608 bytes, linear)
May 10 17:04:12 gchopin kernel: [    0.023966] Fallback order for Node 0: 0 
May 10 17:04:12 gchopin kernel: [    0.023969] Built 1 zonelists, mobility grouping on.  Total pages: 2580208
May 10 17:04:12 gchopin kernel: [    0.023970] Policy zone: Normal
May 10 17:04:12 gchopin kernel: [    0.023971] mem auto-init: stack:all(zero), heap alloc:off, heap free:off
May 10 17:04:12 gchopin kernel: [    0.023974] software IO TLB: area num 8.
May 10 17:04:12 gchopin kernel: [    0.049214] Memory: 10194924K/10485304K available (16384K kernel code, 2809K rwdata, 5108K rodata, 1440K init, 760K bss, 290120K reserved, 0K cma-reserved)
May 10 17:04:12 gchopin kernel: [    0.049252] SLUB: HWalign=64, Order=0-3, MinObjects=0, CPUs=8, Nodes=1
May 10 17:04:12 gchopin kernel: [    0.050391] Dynamic Preempt: voluntary
May 10 17:04:12 gchopin kernel: [    0.050429] rcu: Preemptible hierarchical RCU implementation.
May 10 17:04:12 gchopin kernel: [    0.050430] rcu: ^IRCU event tracing is enabled.
May 10 17:04:12 gchopin kernel: [    0.050431] rcu: ^IRCU restricting CPUs from NR_CPUS=64 to nr_cpu_ids=8.
May 10 17:04:12 gchopin kernel: [    0.050432] ^ITrampoline variant of Tasks RCU enabled.
May 10 17:04:12 gchopin kernel: [    0.050433] rcu: RCU calculated value of scheduler-enlistment delay is 100 jiffies.
May 10 17:04:12 gchopin kernel: [    0.050433] rcu: Adjusting geometry for rcu_fanout_leaf=16, nr_cpu_ids=8
May 10 17:04:12 gchopin kernel: [    0.050438] RCU Tasks: Setting shift to 3 and lim to 1 rcu_task_cb_adjust=1.
May 10 17:04:12 gchopin kernel: [    0.051777] NR_IRQS: 4352, nr_irqs: 488, preallocated irqs: 16
May 10 17:04:12 gchopin kernel: [    0.051963] rcu: srcu_init: Setting srcu_struct sizes based on contention.
May 10 17:04:12 gchopin kernel: [    0.057332] Console: colour VGA+ 80x25
May 10 17:04:12 gchopin kernel: [    0.057336] printk: legacy console [tty0] enabled
May 10 17:04:12 gchopin kernel: [    0.090306] ACPI: Core revision 20230628
May 10 17:04:12 gchopin kernel: [    0.090597] APIC: Switch to symmetric I/O mode setup
May 10 17:04:12 gchopin kernel: [    0.091081] x2apic enabled
May 10 17:04:12 gchopin kernel: [    0.091542] APIC: Switched APIC routing to: physical x2apic
May 10 17:04:12 gchopin kernel: [    0.092942] ..TIMER: vector=0x30 apic1=0 pin1=2 apic2=-1 pin2=-1
May 10 17:04:12 gchopin kernel: [    0.093223] clocksource: tsc-early: mask: 0xffffffffffffffff max_cycles: 0x23fa772cf26, max_idle_ns: 440795269835 ns
May 10 17:04:12 gchopin kernel: [    0.093710] Calibrating delay loop (skipped) preset value.. 4992.00 BogoMIPS (lpj=2496000)
May 10 17:04:12 gchopin kernel: [    0.094299] Last level iTLB entries: 4KB 0, 2MB 0, 4MB 0
May 10 17:04:12 gchopin kernel: [    0.094710] Last level dTLB entries: 4KB 0, 2MB 0, 4MB 0, 1GB 0
May 10 17:04:12 gchopin kernel: [    0.094968] Spectre V1 : Mitigation: usercopy/swapgs barriers and __user pointer sanitization
May 10 17:04:12 gchopin kernel: [    0.095335] Spectre V2 : Kernel not compiled with retpoline; no mitigation available!
May 10 17:04:12 gchopin kernel: [    0.095335] Spectre V2 : Vulnerable
May 10 17:04:12 gchopin kernel: [    0.095897] Spectre V2 : Spectre v2 / SpectreRSB mitigation: Filling RSB on context switch
May 10 17:04:12 gchopin kernel: [    0.096281] Speculative Store Bypass: Vulnerable
May 10 17:04:12 gchopin kernel: [    0.096548] Register File Data Sampling: Vulnerable
May 10 17:04:12 gchopin kernel: [    0.096723] x86/fpu: Supporting XSAVE feature 0x001: 'x87 floating point registers'
May 10 17:04:12 gchopin kernel: [    0.097127] x86/fpu: Supporting XSAVE feature 0x002: 'SSE registers'
May 10 17:04:12 gchopin kernel: [    0.097439] x86/fpu: Supporting XSAVE feature 0x004: 'AVX registers'
May 10 17:04:12 gchopin kernel: [    0.097706] x86/fpu: xstate_offset[2]:  576, xstate_sizes[2]:  256
May 10 17:04:12 gchopin kernel: [    0.097706] x86/fpu: Enabled xstate features 0x7, context size is 832 bytes, using 'standard' format.
May 10 17:04:12 gchopin kernel: [    0.100203] Freeing SMP alternatives memory: 48K
May 10 17:04:12 gchopin kernel: [    0.100447] pid_max: default: 32768 minimum: 301
May 10 17:04:12 gchopin kernel: [    0.100706] LSM: initializing lsm=capability,selinux
May 10 17:04:12 gchopin kernel: [    0.100706] SELinux:  Initializing.
May 10 17:04:12 gchopin kernel: [    0.100706] Mount-cache hash table entries: 32768 (order: 6, 262144 bytes, linear)
May 10 17:04:12 gchopin kernel: [    0.100706] Mountpoint-cache hash table entries: 32768 (order: 6, 262144 bytes, linear)
May 10 17:04:12 gchopin kernel: [    0.207330] smpboot: CPU0: 12th Gen Intel(R) Core(TM) i5-12400F (family: 0x6, model: 0x97, stepping: 0x2)
May 10 17:04:12 gchopin kernel: [    0.207706] Performance Events: unsupported p6 CPU model 151 no PMU driver, software events only.
May 10 17:04:12 gchopin kernel: [    0.207706] signal: max sigframe size: 1776
May 10 17:04:12 gchopin kernel: [    0.207706] rcu: Hierarchical SRCU implementation.
May 10 17:04:12 gchopin kernel: [    0.207707] rcu: ^IMax phase no-delay instances is 400.
May 10 17:04:12 gchopin kernel: [    0.208093] smp: Bringing up secondary CPUs ...
May 10 17:04:12 gchopin kernel: [    0.208369] smpboot: x86: Booting SMP configuration:
May 10 17:04:12 gchopin kernel: [    0.208710] .... node  #0, CPUs:      #1 #2 #3 #4 #5 #6 #7
May 10 17:04:12 gchopin kernel: [    0.220769] smp: Brought up 1 node, 8 CPUs
May 10 17:04:12 gchopin kernel: [    0.221257] smpboot: Total of 8 processors activated (39936.00 BogoMIPS)
May 10 17:04:12 gchopin kernel: [    0.221925] devtmpfs: initialized
May 10 17:04:12 gchopin kernel: [    0.222771] clocksource: jiffies: mask: 0xffffffff max_cycles: 0xffffffff, max_idle_ns: 1911260446275000 ns
May 10 17:04:12 gchopin kernel: [    0.223713] futex hash table entries: 2048 (order: 5, 131072 bytes, linear)
May 10 17:04:12 gchopin kernel: [    0.224132] PM: RTC time: 15:04:03, date: 2024-05-10
May 10 17:04:12 gchopin kernel: [    0.224784] NET: Registered PF_NETLINK/PF_ROUTE protocol family
May 10 17:04:12 gchopin kernel: [    0.225767] audit: initializing netlink subsys (disabled)
May 10 17:04:12 gchopin kernel: [    0.226046] audit: type=2000 audit(1715353453.595:1): state=initialized audit_enabled=0 res=1
May 10 17:04:12 gchopin kernel: [    0.226046] thermal_sys: Registered thermal governor 'step_wise'
May 10 17:04:12 gchopin kernel: [    0.226178] thermal_sys: Registered thermal governor 'user_space'
May 10 17:04:12 gchopin kernel: [    0.226487] cpuidle: using governor menu
May 10 17:04:12 gchopin kernel: [    0.226832] PCI: Using configuration type 1 for base access
May 10 17:04:12 gchopin kernel: [    0.227152] kprobes: kprobe jump-optimization is enabled. All kprobes are optimized if possible.
May 10 17:04:12 gchopin kernel: [    0.232784] HugeTLB: registered 2.00 MiB page size, pre-allocated 0 pages
May 10 17:04:12 gchopin kernel: [    0.233107] HugeTLB: 28 KiB vmemmap can be freed for a 2.00 MiB page
May 10 17:04:12 gchopin kernel: [    0.233480] Demotion targets for Node 0: null
May 10 17:04:12 gchopin kernel: [    0.233822] ACPI: Added _OSI(Module Device)
May 10 17:04:12 gchopin kernel: [    0.234157] ACPI: Added _OSI(Processor Device)
May 10 17:04:12 gchopin kernel: [    0.234560] ACPI: Added _OSI(3.0 _SCP Extensions)
May 10 17:04:12 gchopin kernel: [    0.234706] ACPI: Added _OSI(Processor Aggregator Device)
May 10 17:04:12 gchopin kernel: [    0.236795] ACPI: 2 ACPI AML tables successfully acquired and loaded
May 10 17:04:12 gchopin kernel: [    0.247741] ACPI: _OSC evaluation for CPUs failed, trying _PDC
May 10 17:04:12 gchopin kernel: [    0.248123] ACPI: Interpreter enabled
May 10 17:04:12 gchopin kernel: [    0.248340] ACPI: PM: (supports S0 S5)
May 10 17:04:12 gchopin kernel: [    0.248574] ACPI: Using IOAPIC for interrupt routing
May 10 17:04:12 gchopin kernel: [    0.248706] PCI: Using host bridge windows from ACPI; if necessary, use "pci=nocrs" and report a bug
May 10 17:04:12 gchopin kernel: [    0.248706] PCI: Using E820 reservations for host bridge windows
May 10 17:04:12 gchopin kernel: [    0.248739] ACPI: Enabled 2 GPEs in block 00 to 07
May 10 17:04:12 gchopin kernel: [    0.253495] ACPI: PCI Root Bridge [PCI0] (domain 0000 [bus 00-ff])
May 10 17:04:12 gchopin kernel: [    0.253706] acpi PNP0A03:00: _OSC: OS supports [ASPM ClockPM Segments MSI HPX-Type3]
May 10 17:04:12 gchopin kernel: [    0.253707] acpi PNP0A03:00: _OSC: not requesting OS control; OS requires [ExtendedConfig ASPM ClockPM MSI]
May 10 17:04:12 gchopin kernel: [    0.254327] acpi PNP0A03:00: fail to add MMCONFIG information, can't access extended configuration space under this bridge
May 10 17:04:12 gchopin kernel: [    0.254795] PCI host bridge to bus 0000:00
May 10 17:04:12 gchopin kernel: [    0.255022] pci_bus 0000:00: root bus resource [io  0x0000-0x0cf7 window]
May 10 17:04:12 gchopin kernel: [    0.255326] pci_bus 0000:00: root bus resource [io  0x0d00-0xffff window]
May 10 17:04:12 gchopin kernel: [    0.255710] pci_bus 0000:00: root bus resource [mem 0x000a0000-0x000bffff window]
May 10 17:04:12 gchopin kernel: [    0.256073] pci_bus 0000:00: root bus resource [mem 0xe0000000-0xfdffffff window]
May 10 17:04:12 gchopin kernel: [    0.256709] pci_bus 0000:00: root bus resource [bus 00-ff]
May 10 17:04:12 gchopin kernel: [    0.257871] pci 0000:00:00.0: [8086:1237] type 00 class 0x060000 conventional PCI endpoint
May 10 17:04:12 gchopin kernel: [    0.259110] pci 0000:00:01.0: [8086:7000] type 00 class 0x060100 conventional PCI endpoint
May 10 17:04:12 gchopin kernel: [    0.260817] pci 0000:00:01.1: [8086:7111] type 00 class 0x01018a conventional PCI endpoint
May 10 17:04:12 gchopin kernel: [    0.261691] pci 0000:00:01.1: BAR 4 [io  0xd000-0xd00f]
May 10 17:04:12 gchopin kernel: [    0.261869] pci 0000:00:01.1: BAR 0 [io  0x01f0-0x01f7]: legacy IDE quirk
May 10 17:04:12 gchopin kernel: [    0.262164] pci 0000:00:01.1: BAR 1 [io  0x03f6]: legacy IDE quirk
May 10 17:04:12 gchopin kernel: [    0.262434] pci 0000:00:01.1: BAR 2 [io  0x0170-0x0177]: legacy IDE quirk
May 10 17:04:12 gchopin kernel: [    0.262706] pci 0000:00:01.1: BAR 3 [io  0x0376]: legacy IDE quirk
May 10 17:04:12 gchopin kernel: [    0.262908] pci 0000:00:02.0: [15ad:0405] type 00 class 0x030000 conventional PCI endpoint
May 10 17:04:12 gchopin kernel: [    0.265726] pci 0000:00:02.0: BAR 0 [io  0xd010-0xd01f]
May 10 17:04:12 gchopin kernel: [    0.268925] pci 0000:00:02.0: BAR 1 [mem 0xe0000000-0xe0ffffff pref]
May 10 17:04:12 gchopin kernel: [    0.271942] pci 0000:00:02.0: BAR 2 [mem 0xf0000000-0xf01fffff]
May 10 17:04:12 gchopin kernel: [    0.286724] pci 0000:00:02.0: Video device with shadowed ROM at [mem 0x000c0000-0x000dffff]
May 10 17:04:12 gchopin kernel: [    0.290740] pci 0000:00:03.0: [8086:100e] type 00 class 0x020000 conventional PCI endpoint
May 10 17:04:12 gchopin kernel: [    0.293755] pci 0000:00:03.0: BAR 0 [mem 0xf0200000-0xf021ffff]
May 10 17:04:12 gchopin kernel: [    0.298754] pci 0000:00:03.0: BAR 2 [io  0xd020-0xd027]
May 10 17:04:12 gchopin kernel: [    0.318716] pci 0000:00:04.0: [80ee:cafe] type 00 class 0x088000 conventional PCI endpoint
May 10 17:04:12 gchopin kernel: [    0.322733] pci 0000:00:04.0: BAR 0 [io  0xd040-0xd05f]
May 10 17:04:12 gchopin kernel: [    0.325740] pci 0000:00:04.0: BAR 1 [mem 0xf0400000-0xf07fffff]
May 10 17:04:12 gchopin kernel: [    0.327709] pci 0000:00:04.0: BAR 2 [mem 0xf0800000-0xf0803fff pref]
May 10 17:04:12 gchopin kernel: [    0.343925] pci 0000:00:05.0: [8086:2415] type 00 class 0x040100 conventional PCI endpoint
May 10 17:04:12 gchopin kernel: [    0.349717] pci 0000:00:05.0: BAR 0 [io  0xd100-0xd1ff]
May 10 17:04:12 gchopin kernel: [    0.352710] pci 0000:00:05.0: BAR 1 [io  0xd200-0xd23f]
May 10 17:04:12 gchopin kernel: [    0.362236] pci 0000:00:06.0: [106b:003f] type 00 class 0x0c0310 conventional PCI endpoint
May 10 17:04:12 gchopin kernel: [    0.364762] pci 0000:00:06.0: BAR 0 [mem 0xf0804000-0xf0804fff]
May 10 17:04:12 gchopin kernel: [    0.393810] pci 0000:00:07.0: [8086:7113] type 00 class 0x068000 conventional PCI endpoint
May 10 17:04:12 gchopin kernel: [    0.408719] pci 0000:00:07.0: quirk: [io  0x4000-0x403f] claimed by PIIX4 ACPI
May 10 17:04:12 gchopin kernel: [    0.409735] pci 0000:00:07.0: quirk: [io  0x4100-0x410f] claimed by PIIX4 SMB
May 10 17:04:12 gchopin kernel: [    0.418779] pci 0000:00:0b.0: [8086:265c] type 00 class 0x0c0320 conventional PCI endpoint
May 10 17:04:12 gchopin kernel: [    0.426247] pci 0000:00:0b.0: BAR 0 [mem 0xf0805000-0xf0805fff]
May 10 17:04:12 gchopin kernel: [    0.455824] pci 0000:00:0d.0: [8086:2829] type 00 class 0x010601 conventional PCI endpoint
May 10 17:04:12 gchopin kernel: [    0.463713] pci 0000:00:0d.0: BAR 0 [io  0xd240-0xd247]
May 10 17:04:12 gchopin kernel: [    0.467732] pci 0000:00:0d.0: BAR 1 [io  0xd248-0xd24b]
May 10 17:04:12 gchopin kernel: [    0.471863] pci 0000:00:0d.0: BAR 2 [io  0xd250-0xd257]
May 10 17:04:12 gchopin kernel: [    0.475951] pci 0000:00:0d.0: BAR 3 [io  0xd258-0xd25b]
May 10 17:04:12 gchopin kernel: [    0.480893] pci 0000:00:0d.0: BAR 4 [io  0xd260-0xd26f]
May 10 17:04:12 gchopin kernel: [    0.484732] pci 0000:00:0d.0: BAR 5 [mem 0xf0806000-0xf0807fff]
May 10 17:04:12 gchopin kernel: [    0.535178] ACPI: PCI: Interrupt link LNKA configured for IRQ 11
May 10 17:04:12 gchopin kernel: [    0.542771] ACPI: PCI: Interrupt link LNKB configured for IRQ 10
May 10 17:04:12 gchopin kernel: [    0.545714] ACPI: PCI: Interrupt link LNKC configured for IRQ 9
May 10 17:04:12 gchopin kernel: [    0.549025] ACPI: PCI: Interrupt link LNKD configured for IRQ 11
May 10 17:04:12 gchopin kernel: [    0.552001] iommu: Default domain type: Translated
May 10 17:04:12 gchopin kernel: [    0.552707] iommu: DMA domain TLB invalidation policy: lazy mode
May 10 17:04:12 gchopin kernel: [    0.554165] SCSI subsystem initialized
May 10 17:04:12 gchopin kernel: [    0.556202] libata version 3.00 loaded.
May 10 17:04:12 gchopin kernel: [    0.556716] ACPI: bus type USB registered
May 10 17:04:12 gchopin kernel: [    0.557079] usbcore: registered new interface driver usbfs
May 10 17:04:12 gchopin kernel: [    0.557508] usbcore: registered new interface driver hub
May 10 17:04:12 gchopin kernel: [    0.557719] usbcore: registered new device driver usb
May 10 17:04:12 gchopin kernel: [    0.558107] pps_core: LinuxPPS API ver. 1 registered
May 10 17:04:12 gchopin kernel: [    0.558468] pps_core: Software ver. 5.3.6 - Copyright 2005-2007 Rodolfo Giometti <giometti@linux.it>
May 10 17:04:12 gchopin kernel: [    0.558709] PTP clock support registered
May 10 17:04:12 gchopin kernel: [    0.560782] Advanced Linux Sound Architecture Driver Initialized.
May 10 17:04:12 gchopin kernel: [    0.562842] NetLabel: Initializing
May 10 17:04:12 gchopin kernel: [    0.563708] NetLabel:  domain hash size = 128
May 10 17:04:12 gchopin kernel: [    0.564019] NetLabel:  protocols = UNLABELED CIPSOv4 CALIPSO
May 10 17:04:12 gchopin kernel: [    0.564360] NetLabel:  unlabeled traffic allowed by default
May 10 17:04:12 gchopin kernel: [    0.565744] PCI: Using ACPI for IRQ routing
May 10 17:04:12 gchopin kernel: [    0.566708] PCI: pci_cache_line_size set to 64 bytes
May 10 17:04:12 gchopin kernel: [    0.572712] e820: reserve RAM buffer [mem 0x0009fc00-0x0009ffff]
May 10 17:04:12 gchopin kernel: [    0.572722] e820: reserve RAM buffer [mem 0xdfff0000-0xdfffffff]
May 10 17:04:12 gchopin kernel: [    0.573845] pci 0000:00:02.0: vgaarb: setting as boot VGA device
May 10 17:04:12 gchopin kernel: [    0.574706] pci 0000:00:02.0: vgaarb: bridge control possible
May 10 17:04:12 gchopin kernel: [    0.574706] pci 0000:00:02.0: vgaarb: VGA device added: decodes=io+mem,owns=io+mem,locks=none
May 10 17:04:12 gchopin kernel: [    0.574734] vgaarb: loaded
May 10 17:04:12 gchopin kernel: [    0.586199] clocksource: Switched to clocksource kvm-clock
May 10 17:04:12 gchopin kernel: [    0.587992] VFS: Disk quotas dquot_6.6.0
May 10 17:04:12 gchopin kernel: [    0.589076] VFS: Dquot-cache hash table entries: 512 (order 0, 4096 bytes)
May 10 17:04:12 gchopin kernel: [    0.589841] pnp: PnP ACPI init
May 10 17:04:12 gchopin kernel: [    0.590691] pnp: PnP ACPI: found 2 devices
May 10 17:04:12 gchopin kernel: [    0.605691] clocksource: acpi_pm: mask: 0xffffff max_cycles: 0xffffff, max_idle_ns: 2085701024 ns
May 10 17:04:12 gchopin kernel: [    0.606146] NET: Registered PF_INET protocol family
May 10 17:04:12 gchopin kernel: [    0.606550] IP idents hash table entries: 262144 (order: 9, 2097152 bytes, linear)
May 10 17:04:12 gchopin kernel: [    0.610035] tcp_listen_portaddr_hash hash table entries: 8192 (order: 5, 131072 bytes, linear)
May 10 17:04:12 gchopin kernel: [    0.610528] Table-perturb hash table entries: 65536 (order: 6, 262144 bytes, linear)
May 10 17:04:12 gchopin kernel: [    0.610984] TCP established hash table entries: 131072 (order: 8, 1048576 bytes, linear)
May 10 17:04:12 gchopin kernel: [    0.611482] TCP bind hash table entries: 65536 (order: 9, 2097152 bytes, linear)
May 10 17:04:12 gchopin kernel: [    0.612051] TCP: Hash tables configured (established 131072 bind 65536)
May 10 17:04:12 gchopin kernel: [    0.612442] MPTCP token hash table entries: 16384 (order: 6, 393216 bytes, linear)
May 10 17:04:12 gchopin kernel: [    0.612835] UDP hash table entries: 8192 (order: 6, 262144 bytes, linear)
May 10 17:04:12 gchopin kernel: [    0.612865] UDP-Lite hash table entries: 8192 (order: 6, 262144 bytes, linear)
May 10 17:04:12 gchopin kernel: [    0.613579] NET: Registered PF_UNIX/PF_LOCAL protocol family
May 10 17:04:12 gchopin kernel: [    0.614054] RPC: Registered named UNIX socket transport module.
May 10 17:04:12 gchopin kernel: [    0.614320] RPC: Registered udp transport module.
May 10 17:04:12 gchopin kernel: [    0.614555] RPC: Registered tcp transport module.
May 10 17:04:12 gchopin kernel: [    0.614782] RPC: Registered tcp-with-tls transport module.
May 10 17:04:12 gchopin kernel: [    0.615015] RPC: Registered tcp NFSv4.1 backchannel transport module.
May 10 17:04:12 gchopin kernel: [    0.615932] pci_bus 0000:00: resource 4 [io  0x0000-0x0cf7 window]
May 10 17:04:12 gchopin kernel: [    0.616220] pci_bus 0000:00: resource 5 [io  0x0d00-0xffff window]
May 10 17:04:12 gchopin kernel: [    0.616522] pci_bus 0000:00: resource 6 [mem 0x000a0000-0x000bffff window]
May 10 17:04:12 gchopin kernel: [    0.616838] pci_bus 0000:00: resource 7 [mem 0xe0000000-0xfdffffff window]
May 10 17:04:12 gchopin kernel: [    0.617158] pci 0000:00:00.0: Limiting direct PCI/PCI transfers
May 10 17:04:12 gchopin kernel: [    0.618842] PCI: CLS 0 bytes, default 64
May 10 17:04:12 gchopin kernel: [    0.619086] PCI-DMA: Using software bounce buffering for IO (SWIOTLB)
May 10 17:04:12 gchopin kernel: [    0.619368] software IO TLB: mapped [mem 0x00000000dbff0000-0x00000000dfff0000] (64MB)
May 10 17:04:12 gchopin kernel: [    0.626424] RAPL PMU: API unit is 2^-32 Joules, 0 fixed counters, 10737418240 ms ovfl timer
May 10 17:04:12 gchopin kernel: [    0.626817] clocksource: tsc: mask: 0xffffffffffffffff max_cycles: 0x23fa772cf26, max_idle_ns: 440795269835 ns
May 10 17:04:12 gchopin kernel: [    0.627591] clocksource: Switched to clocksource tsc
May 10 17:04:12 gchopin kernel: [    0.627934] platform rtc_cmos: registered platform RTC device (no PNP device found)
May 10 17:04:12 gchopin kernel: [    0.638093] Initialise system trusted keyrings
May 10 17:04:12 gchopin kernel: [    0.638433] workingset: timestamp_bits=40 max_order=22 bucket_order=0
May 10 17:04:12 gchopin kernel: [    0.638882] NFS: Registering the id_resolver key type
May 10 17:04:12 gchopin kernel: [    0.639124] Key type id_resolver registered
May 10 17:04:12 gchopin kernel: [    0.639336] Key type id_legacy registered
May 10 17:04:12 gchopin kernel: [    0.639620] fuse: init (API version 7.40)
May 10 17:04:12 gchopin kernel: [    0.639921] 9p: Installing v9fs 9p2000 file system support
May 10 17:04:12 gchopin kernel: [    0.649136] NET: Registered PF_ALG protocol family
May 10 17:04:12 gchopin kernel: [    0.649373] Key type asymmetric registered
May 10 17:04:12 gchopin kernel: [    0.649585] Asymmetric key parser 'x509' registered
May 10 17:04:12 gchopin kernel: [    0.649611] Block layer SCSI generic (bsg) driver version 0.4 loaded (major 251)
May 10 17:04:12 gchopin kernel: [    0.649611] io scheduler mq-deadline registered
May 10 17:04:12 gchopin kernel: [    0.649611] io scheduler kyber registered
May 10 17:04:12 gchopin kernel: [    0.653705] ACPI: AC: AC Adapter [AC] (on-line)
May 10 17:04:12 gchopin kernel: [    0.653967] input: Power Button as /devices/LNXSYSTM:00/LNXPWRBN:00/input/input0
May 10 17:04:12 gchopin kernel: [    0.654373] ACPI: button: Power Button [PWRF]
May 10 17:04:12 gchopin kernel: [    0.654611] input: Sleep Button as /devices/LNXSYSTM:00/LNXSLPBN:00/input/input1
May 10 17:04:12 gchopin kernel: [    0.655013] ACPI: button: Sleep Button [SLPF]
May 10 17:04:12 gchopin kernel: [    0.655262] ACPI: video: Video Device [GFX0] (multi-head: yes  rom: no  post: no)
May 10 17:04:12 gchopin kernel: [    0.655644] input: Video Bus as /devices/LNXSYSTM:00/LNXSYBUS:00/PNP0A03:00/LNXVIDEO:00/input/input2
May 10 17:04:12 gchopin kernel: [    0.656311] Serial: 8250/16550 driver, 4 ports, IRQ sharing enabled
May 10 17:04:12 gchopin kernel: [    0.657050] Non-volatile memory driver v1.3
May 10 17:04:12 gchopin kernel: [    0.657265] Linux agpgart interface v0.103
May 10 17:04:12 gchopin kernel: [    0.657549] ACPI: bus type drm_connector registered
May 10 17:04:12 gchopin kernel: [    0.657790] vmwgfx 0000:00:02.0: vgaarb: deactivate vga console
May 10 17:04:12 gchopin kernel: [    0.659431] Console: switching to colour dummy device 80x25
May 10 17:04:12 gchopin kernel: [    0.659852] vmwgfx 0000:00:02.0: [drm] FIFO at 0x00000000f0000000 size is 2048 kiB
May 10 17:04:12 gchopin kernel: [    0.659863] vmwgfx 0000:00:02.0: [drm] VRAM at 0x00000000e0000000 size is 16384 kiB
May 10 17:04:12 gchopin kernel: [    0.659873] vmwgfx 0000:00:02.0: [drm] Running on SVGA version 2.
May 10 17:04:12 gchopin kernel: [    0.659880] vmwgfx 0000:00:02.0: [drm] Capabilities: rect copy, cursor, cursor bypass, cursor bypass 2, alpha cursor, extended fifo, pitchlock, irq mask, gmr, traces, gmr2, screen object 2, command buffers, 
May 10 17:04:12 gchopin kernel: [    0.659883] vmwgfx 0000:00:02.0: [drm] *ERROR* vmwgfx seems to be running on an unsupported hypervisor.
May 10 17:04:12 gchopin kernel: [    0.659886] vmwgfx 0000:00:02.0: [drm] *ERROR* This configuration is likely broken.
May 10 17:04:12 gchopin kernel: [    0.659888] vmwgfx 0000:00:02.0: [drm] *ERROR* Please switch to a supported graphics device to avoid problems.
May 10 17:04:12 gchopin kernel: [    0.659890] vmwgfx 0000:00:02.0: [drm] DMA map mode: Caching DMA mappings.
May 10 17:04:12 gchopin kernel: [    0.659931] vmwgfx 0000:00:02.0: [drm] Legacy memory limits: VRAM = 16384 kB, FIFO = 2048 kB, surface = 507904 kB
May 10 17:04:12 gchopin kernel: [    0.659934] vmwgfx 0000:00:02.0: [drm] MOB limits: max mob size = 0 kB, max mob pages = 0
May 10 17:04:12 gchopin kernel: [    0.659937] vmwgfx 0000:00:02.0: [drm] Max GMR ids is 8192
May 10 17:04:12 gchopin kernel: [    0.659939] vmwgfx 0000:00:02.0: [drm] Max number of GMR pages is 1048576
May 10 17:04:12 gchopin kernel: [    0.659941] vmwgfx 0000:00:02.0: [drm] Maximum display memory size is 16384 kiB
May 10 17:04:12 gchopin kernel: [    0.660952] vmwgfx 0000:00:02.0: [drm] Screen Object display unit initialized
May 10 17:04:12 gchopin kernel: [    0.661108] vmwgfx 0000:00:02.0: [drm] Fifo max 0x00200000 min 0x00001000 cap 0x00000355
May 10 17:04:12 gchopin kernel: [    0.661210] vmwgfx 0000:00:02.0: [drm] Using command buffers with DMA pool.
May 10 17:04:12 gchopin kernel: [    0.661230] vmwgfx 0000:00:02.0: [drm] Available shader model: Legacy.
May 10 17:04:12 gchopin kernel: [    0.661479] [drm] Initialized vmwgfx 2.20.0 20211206 for 0000:00:02.0 on minor 0
May 10 17:04:12 gchopin kernel: [    0.662184] fbcon: vmwgfxdrmfb (fb0) is primary device
May 10 17:04:12 gchopin kernel: [    0.663072] Console: switching to colour frame buffer device 160x50
May 10 17:04:12 gchopin kernel: [    0.664604] vmwgfx 0000:00:02.0: [drm] fb0: vmwgfxdrmfb frame buffer device
May 10 17:04:12 gchopin kernel: [    0.666807] brd: module loaded
May 10 17:04:12 gchopin kernel: [    0.668070] loop: module loaded
May 10 17:04:12 gchopin kernel: [    0.668132] ahci 0000:00:0d.0: version 3.0
May 10 17:04:12 gchopin kernel: [    0.668503] ahci 0000:00:0d.0: SSS flag set, parallel bus scan disabled
May 10 17:04:12 gchopin kernel: [    0.668707] ahci 0000:00:0d.0: AHCI vers 0001.0100, 32 command slots, 3 Gbps, SATA mode
May 10 17:04:12 gchopin kernel: [    0.668718] ahci 0000:00:0d.0: 2/2 ports implemented (port mask 0x3)
May 10 17:04:12 gchopin kernel: [    0.668726] ahci 0000:00:0d.0: flags: 64bit ncq stag only ccc 
May 10 17:04:12 gchopin kernel: [    0.669146] scsi host0: ahci
May 10 17:04:12 gchopin kernel: [    0.669344] scsi host1: ahci
May 10 17:04:12 gchopin kernel: [    0.669424] ata1: SATA max UDMA/133 abar m8192@0xf0806000 port 0xf0806100 irq 21 lpm-pol 0
May 10 17:04:12 gchopin kernel: [    0.669441] ata2: SATA max UDMA/133 abar m8192@0xf0806000 port 0xf0806180 irq 21 lpm-pol 0
May 10 17:04:12 gchopin kernel: [    0.669534] ata_piix 0000:00:01.1: version 2.13
May 10 17:04:12 gchopin kernel: [    0.669943] scsi host2: ata_piix
May 10 17:04:12 gchopin kernel: [    0.670152] scsi host3: ata_piix
May 10 17:04:12 gchopin kernel: [    0.670224] ata3: PATA max UDMA/33 cmd 0x1f0 ctl 0x3f6 bmdma 0xd000 irq 14 lpm-pol 0
May 10 17:04:12 gchopin kernel: [    0.670236] ata4: PATA max UDMA/33 cmd 0x170 ctl 0x376 bmdma 0xd008 irq 15 lpm-pol 0
May 10 17:04:12 gchopin kernel: [    0.671157] e100: Intel(R) PRO/100 Network Driver
May 10 17:04:12 gchopin kernel: [    0.671169] e100: Copyright(c) 1999-2006 Intel Corporation
May 10 17:04:12 gchopin kernel: [    0.671255] e1000: Intel(R) PRO/1000 Network Driver
May 10 17:04:12 gchopin kernel: [    0.671263] e1000: Copyright (c) 1999-2006 Intel Corporation.
May 10 17:04:12 gchopin kernel: [    0.834984] ata4.00: ATAPI: VBOX CD-ROM, 1.0, max UDMA/133
May 10 17:04:12 gchopin kernel: [    0.978757] ata1: SATA link down (SStatus 0 SControl 300)
May 10 17:04:12 gchopin kernel: [    1.142678] e1000 0000:00:03.0 eth0: (PCI:33MHz:32-bit) 08:00:27:ec:43:8d
May 10 17:04:12 gchopin kernel: [    1.142741] e1000 0000:00:03.0 eth0: Intel(R) PRO/1000 Network Connection
May 10 17:04:12 gchopin kernel: [    1.143137] e1000e: Intel(R) PRO/1000 Network Driver
May 10 17:04:12 gchopin kernel: [    1.144079] e1000e: Copyright(c) 1999 - 2015 Intel Corporation.
May 10 17:04:12 gchopin kernel: [    1.146786] sky2: driver version 1.30
May 10 17:04:12 gchopin kernel: [    1.153166] ohci-pci 0000:00:06.0: OHCI PCI host controller
May 10 17:04:12 gchopin kernel: [    1.158511] ohci-pci 0000:00:06.0: new USB bus registered, assigned bus number 1
May 10 17:04:12 gchopin kernel: [    1.162918] ohci-pci 0000:00:06.0: irq 22, io mem 0xf0804000
May 10 17:04:12 gchopin kernel: [    1.245553] usb usb1: New USB device found, idVendor=1d6b, idProduct=0001, bcdDevice= 6.09
May 10 17:04:12 gchopin kernel: [    1.247739] usb usb1: New USB device strings: Mfr=3, Product=2, SerialNumber=1
May 10 17:04:12 gchopin kernel: [    1.249707] usb usb1: Product: OHCI PCI host controller
May 10 17:04:12 gchopin kernel: [    1.251526] usb usb1: Manufacturer: Linux 6.9.0-thor-kernel-g053425d85a66 ohci_hcd
May 10 17:04:12 gchopin kernel: [    1.253503] usb usb1: SerialNumber: 0000:00:06.0
May 10 17:04:12 gchopin kernel: [    1.256967] hub 1-0:1.0: USB hub found
May 10 17:04:12 gchopin kernel: [    1.259106] hub 1-0:1.0: 12 ports detected
May 10 17:04:12 gchopin kernel: [    1.264159] ehci-pci 0000:00:0b.0: EHCI Host Controller
May 10 17:04:12 gchopin kernel: [    1.264311] usbcore: registered new interface driver usblp
May 10 17:04:12 gchopin kernel: [    1.266906] ehci-pci 0000:00:0b.0: new USB bus registered, assigned bus number 2
May 10 17:04:12 gchopin kernel: [    1.268479] usbcore: registered new interface driver usb-storage
May 10 17:04:12 gchopin kernel: [    1.272183] ehci-pci 0000:00:0b.0: irq 19, io mem 0xf0805000
May 10 17:04:12 gchopin kernel: [    1.273340] i8042: PNP: PS/2 Controller [PNP0303:PS2K,PNP0f03:PS2M] at 0x60,0x64 irq 1,12
May 10 17:04:12 gchopin kernel: [    1.280908] serio: i8042 KBD port at 0x60,0x64 irq 1
May 10 17:04:12 gchopin kernel: [    1.281881] ehci-pci 0000:00:0b.0: USB 2.0 started, EHCI 1.00
May 10 17:04:12 gchopin kernel: [    1.283332] serio: i8042 AUX port at 0x60,0x64 irq 12
May 10 17:04:12 gchopin kernel: [    1.286608] usb usb2: New USB device found, idVendor=1d6b, idProduct=0002, bcdDevice= 6.09
May 10 17:04:12 gchopin kernel: [    1.292164] mousedev: PS/2 mouse device common for all mice
May 10 17:04:12 gchopin kernel: [    1.293069] usb usb2: New USB device strings: Mfr=3, Product=2, SerialNumber=1
May 10 17:04:12 gchopin kernel: [    1.299544] usb usb2: Product: EHCI Host Controller
May 10 17:04:12 gchopin kernel: [    1.305210] usb usb2: Manufacturer: Linux 6.9.0-thor-kernel-g053425d85a66 ehci_hcd
May 10 17:04:12 gchopin kernel: [    1.305508] rtc_cmos rtc_cmos: registered as rtc0
May 10 17:04:12 gchopin kernel: [    1.307238] input: AT Translated Set 2 keyboard as /devices/platform/i8042/serio0/input/input3
May 10 17:04:12 gchopin kernel: [    1.309948] usb usb2: SerialNumber: 0000:00:0b.0
May 10 17:04:12 gchopin kernel: [    1.313918] rtc_cmos rtc_cmos: alarms up to one day, 114 bytes nvram
May 10 17:04:12 gchopin kernel: [    1.321735] fail to initialize ptp_kvm
May 10 17:04:12 gchopin kernel: [    1.322323] device-mapper: ioctl: 4.48.0-ioctl (2023-03-01) initialised: dm-devel@lists.linux.dev
May 10 17:04:12 gchopin kernel: [    1.326158] intel_pstate: CPU model not supported
May 10 17:04:12 gchopin kernel: [    1.328122] hid: raw HID events driver (C) Jiri Kosina
May 10 17:04:12 gchopin kernel: [    1.328310] hub 2-0:1.0: USB hub found
May 10 17:04:12 gchopin kernel: [    1.331073] usbcore: registered new interface driver usbhid
May 10 17:04:12 gchopin kernel: [    1.332418] hub 2-0:1.0: 12 ports detected
May 10 17:04:12 gchopin kernel: [    1.333237] usbhid: USB HID core driver
May 10 17:04:12 gchopin kernel: [    1.335572] ipip: IPv4 and MPLS over IPv4 tunneling driver
May 10 17:04:12 gchopin kernel: [    1.337779] gre: GRE over IPv4 demultiplexor driver
May 10 17:04:12 gchopin kernel: [    1.338881] ip_gre: GRE over IPv4 tunneling driver
May 10 17:04:12 gchopin kernel: [    1.340311] Initializing XFRM netlink socket
May 10 17:04:12 gchopin kernel: [    1.341213] NET: Registered PF_INET6 protocol family
May 10 17:04:12 gchopin kernel: [    1.343202] Segment Routing with IPv6
May 10 17:04:12 gchopin kernel: [    1.345195] In-situ OAM (IOAM) with IPv6
May 10 17:04:12 gchopin kernel: [    1.346806] sit: IPv6, IPv4 and MPLS over IPv4 tunneling driver
May 10 17:04:12 gchopin kernel: [    1.347486] ip6_gre: GRE over IPv6 tunneling driver
May 10 17:04:12 gchopin kernel: [    1.347743] NET: Registered PF_PACKET protocol family
May 10 17:04:12 gchopin kernel: [    1.348240] ata2: SATA link up 3.0 Gbps (SStatus 123 SControl 300)
May 10 17:04:12 gchopin kernel: [    1.347743] 8021q: 802.1Q VLAN Support v1.8
May 10 17:04:12 gchopin kernel: [    1.348728] ata2.00: ATA-6: VBOX HARDDISK, 1.0, max UDMA/133
May 10 17:04:12 gchopin kernel: [    1.349225] ata2.00: 83886080 sectors, multi 128: LBA48 NCQ (depth 32)
May 10 17:04:12 gchopin kernel: [    1.349622] 9pnet: Installing 9P2000 support
May 10 17:04:12 gchopin kernel: [    1.350008] Key type dns_resolver registered
May 10 17:04:12 gchopin kernel: [    1.350358] ata2.00: configured for UDMA/133
May 10 17:04:12 gchopin kernel: [    1.350711] scsi 1:0:0:0: Direct-Access     ATA      VBOX HARDDISK    1.0  PQ: 0 ANSI: 5
May 10 17:04:12 gchopin kernel: [    1.351230] scsi 1:0:0:0: Attached scsi generic sg0 type 0
May 10 17:04:12 gchopin kernel: [    1.351720] sd 1:0:0:0: [sda] 83886080 512-byte logical blocks: (42.9 GB/40.0 GiB)
May 10 17:04:12 gchopin kernel: [    1.351999] sd 1:0:0:0: [sda] Write Protect is off
May 10 17:04:12 gchopin kernel: [    1.352574] sd 1:0:0:0: [sda] Mode Sense: 00 3a 00 00
May 10 17:04:12 gchopin kernel: [    1.352615] sd 1:0:0:0: [sda] Write cache: enabled, read cache: enabled, doesn't support DPO or FUA
May 10 17:04:12 gchopin kernel: [    1.353586] IPI shorthand broadcast: enabled
May 10 17:04:12 gchopin kernel: [    1.359174] sd 1:0:0:0: [sda] Preferred minimum I/O size 512 bytes
May 10 17:04:12 gchopin kernel: [    1.359250] sched_clock: Marking stable (1317052241, 41588236)->(1476062906, -117422429)
May 10 17:04:12 gchopin kernel: [    1.360728] scsi 3:0:0:0: CD-ROM            VBOX     CD-ROM           1.0  PQ: 0 ANSI: 5
May 10 17:04:12 gchopin kernel: [    1.362489] Timer migration: 1 hierarchy levels; 8 children per group; 1 crossnode level
May 10 17:04:12 gchopin kernel: [    1.362830]  sda: sda1 sda2 sda3
May 10 17:04:12 gchopin kernel: [    1.365421] sd 1:0:0:0: [sda] Attached SCSI disk
May 10 17:04:12 gchopin kernel: [    1.367102] registered taskstats version 1
May 10 17:04:12 gchopin kernel: [    1.367729] Loading compiled-in X.509 certificates
May 10 17:04:12 gchopin kernel: [    1.371679] PM:   Magic number: 8:847:82
May 10 17:04:12 gchopin kernel: [    1.372165] printk: legacy console [netcon0] enabled
May 10 17:04:12 gchopin kernel: [    1.372501] netconsole: network logging started
May 10 17:04:12 gchopin kernel: [    1.372790] cfg80211: Loading compiled-in X.509 certificates for regulatory database
May 10 17:04:12 gchopin kernel: [    1.373754] kworker/u35:1 (124) used greatest stack depth: 14424 bytes left
May 10 17:04:12 gchopin kernel: [    1.375036] Loaded X.509 cert 'sforshee: 00b28ddf47aef9cea7'
May 10 17:04:12 gchopin kernel: [    1.375956] Loaded X.509 cert 'wens: 61c038651aabdcf94bd0ac7ff06c7248db18c600'
May 10 17:04:12 gchopin kernel: [    1.376653] ALSA device list:
May 10 17:04:12 gchopin kernel: [    1.377058]   No soundcards found.
May 10 17:04:12 gchopin kernel: [    1.377246] sr 3:0:0:0: [sr0] scsi3-mmc drive: 32x/32x xa/form2 tray
May 10 17:04:12 gchopin kernel: [    1.378010] platform regulatory.0: Direct firmware load for regulatory.db failed with error -2
May 10 17:04:12 gchopin kernel: [    1.378936] cdrom: Uniform CD-ROM driver Revision: 3.20
May 10 17:04:12 gchopin kernel: [    1.381277] cfg80211: failed to load regulatory.db
May 10 17:04:12 gchopin kernel: [    1.859484] sr 3:0:0:0: Attached scsi CD-ROM sr0
May 10 17:04:12 gchopin kernel: [    1.861142] sr 3:0:0:0: Attached scsi generic sg1 type 5
May 10 17:04:12 gchopin kernel: [    1.878837] input: ImExPS/2 Generic Explorer Mouse as /devices/platform/i8042/serio1/input/input5
May 10 17:04:12 gchopin kernel: [    1.883272] md: Waiting for all devices to be available before autodetect
May 10 17:04:12 gchopin kernel: [    1.883717] md: If you don't use raid, use raid=noautodetect
May 10 17:04:12 gchopin kernel: [    1.884808] md: Autodetecting RAID arrays.
May 10 17:04:12 gchopin kernel: [    1.885185] md: autorun ...
May 10 17:04:12 gchopin kernel: [    1.885755] md: ... autorun DONE.
May 10 17:04:12 gchopin kernel: [    1.896657] EXT4-fs (sda3): mounted filesystem 849c14f9-1af6-4c59-be69-708f5a0ca971 ro with ordered data mode. Quota mode: none.
May 10 17:04:12 gchopin kernel: [    1.897034] VFS: Mounted root (ext4 filesystem) readonly on device 8:3.
May 10 17:04:12 gchopin kernel: [    1.900622] devtmpfs: mounted
May 10 17:04:12 gchopin kernel: [    1.901872] Freeing unused kernel image (initmem) memory: 1440K
May 10 17:04:12 gchopin kernel: [    1.902607] Write protecting the kernel read-only data: 22528k
May 10 17:04:12 gchopin kernel: [    1.906496] Freeing unused kernel image (rodata/data gap) memory: 1036K
May 10 17:04:12 gchopin kernel: [    1.921431] x86/mm: Checked W+X mappings: passed, no W+X pages found.
May 10 17:04:12 gchopin kernel: [    1.921774] Run /sbin/init as init process
May 10 17:04:12 gchopin kernel: [    1.922024]   with arguments:
May 10 17:04:12 gchopin kernel: [    1.922025]     /sbin/init
May 10 17:04:12 gchopin kernel: [    1.922026]   with environment:
May 10 17:04:12 gchopin kernel: [    1.922027]     HOME=/
May 10 17:04:12 gchopin kernel: [    1.922027]     TERM=linux
May 10 17:04:12 gchopin kernel: [    1.922028]     BOOT_IMAGE=/vmlinuz-6.9-gchopin
May 10 17:04:12 gchopin kernel: [    1.964096] usb 1-1: new full-speed USB device number 2 using ohci-pci
May 10 17:04:12 gchopin kernel: [    2.024717] stty (135) used greatest stack depth: 13080 bytes left
May 10 17:04:12 gchopin kernel: [    2.194183] usb 1-1: New USB device found, idVendor=80ee, idProduct=0021, bcdDevice= 1.00
May 10 17:04:12 gchopin kernel: [    2.195857] usb 1-1: New USB device strings: Mfr=1, Product=3, SerialNumber=0
May 10 17:04:12 gchopin kernel: [    2.197088] usb 1-1: Product: USB Tablet
May 10 17:04:12 gchopin kernel: [    2.198402] usb 1-1: Manufacturer: VirtualBox
May 10 17:04:12 gchopin kernel: [    2.218999] input: VirtualBox USB Tablet as /devices/pci0000:00/0000:00:06.0/usb1/1-1/1-1:1.0/0003:80EE:0021.0001/input/input6
May 10 17:04:12 gchopin kernel: [    2.228917] hid-generic 0003:80EE:0021.0001: input,hidraw0: USB HID v1.10 Mouse [VirtualBox USB Tablet] on usb-0000:00:06.0-1/input0
May 10 17:04:12 gchopin kernel: [    2.390145] ip (237) used greatest stack depth: 12920 bytes left
May 10 17:04:12 gchopin kernel: [    2.450838] usb 1-2: new full-speed USB device number 3 using ohci-pci
May 10 17:04:12 gchopin kernel: <30>[    2.500675] udevd[262]: Starting systemd-udevd version 254
May 10 17:04:12 gchopin kernel: <30>[    2.532932] udevd[263]: Using default interface naming scheme 'v253'.
May 10 17:04:12 gchopin kernel: [    2.710078] usb 1-2: New USB device found, idVendor=06f3, idProduct=0309, bcdDevice= 1.07
May 10 17:04:12 gchopin kernel: [    2.710493] usb 1-2: New USB device strings: Mfr=0, Product=0, SerialNumber=0
May 10 17:04:12 gchopin kernel: [    2.729799] input: HID 06f3:0309 as /devices/pci0000:00/0000:00:06.0/usb1/1-2/1-2:1.0/0003:06F3:0309.0002/input/input7
May 10 17:04:12 gchopin kernel: [    2.783216] hid-generic 0003:06F3:0309.0002: input,hidraw1: USB HID v1.11 Keyboard [HID 06f3:0309] on usb-0000:00:06.0-2/input0
May 10 17:04:12 gchopin kernel: [    2.797606] input: HID 06f3:0309 Keyboard as /devices/pci0000:00/0000:00:06.0/usb1/1-2/1-2:1.1/0003:06F3:0309.0003/input/input8
May 10 17:04:12 gchopin kernel: [    2.856080] hid-generic 0003:06F3:0309.0003: input,hidraw2: USB HID v1.11 Keyboard [HID 06f3:0309] on usb-0000:00:06.0-2/input1
May 10 17:04:12 gchopin kernel: [    3.073948] main: loading out-of-tree module taints kernel.
May 10 17:04:12 gchopin kernel: [    3.075881] main: module license '42' taints kernel.
May 10 17:04:12 gchopin kernel: [    3.077522] Disabling lock debugging due to kernel taint
May 10 17:04:12 gchopin kernel: [    3.079164] main: module license taints kernel.
May 10 17:04:12 gchopin kernel: [    3.080868] Hello world !
May 10 17:04:12 gchopin kernel: [    6.906928] Adding 2097148k swap on /dev/sda2.  Priority:1 extents:1 across:2097148k 
May 10 17:04:12 gchopin kernel: [    7.766135] EXT4-fs (sda3): re-mounted 849c14f9-1af6-4c59-be69-708f5a0ca971 ro. Quota mode: none.
May 10 17:04:12 gchopin kernel: [    8.521081] EXT4-fs (sda3): re-mounted 849c14f9-1af6-4c59-be69-708f5a0ca971 r/w. Quota mode: none.
May 10 17:04:12 gchopin kernel: [    9.236466] rc (134) used greatest stack depth: 12568 bytes left
May 10 17:04:12 gchopin kernel: [    9.531103] 8021q: adding VLAN 0 to HW filter on device eth0
May 10 17:04:12 gchopin kernel: [    9.531508] e1000: eth0 NIC Link is Up 1000 Mbps Full Duplex, Flow Control: RX
May 10 17:04:12 gchopin ntpd[642]: ntpd 4.2.8p17@1.4004-o Mon Apr  8 15:11:44 UTC 2024 (1): Starting
May 10 17:04:12 gchopin ntpd[642]: Command line: /usr/sbin/ntpd -g -u ntp:ntp
May 10 17:04:12 gchopin ntpd[642]: ----------------------------------------------------
May 10 17:04:12 gchopin ntpd[642]: ntp-4 is maintained by Network Time Foundation,
May 10 17:04:12 gchopin ntpd[642]: Inc. (NTF), a non-profit 501(c)(3) public-benefit
May 10 17:04:12 gchopin ntpd[642]: corporation.  Support and training for ntp-4 are
May 10 17:04:12 gchopin ntpd[642]: available at https://www.nwtime.org/support
May 10 17:04:12 gchopin ntpd[642]: ----------------------------------------------------
May 10 17:04:12 gchopin ntpd[642]: DEBUG behavior is enabled - a violation of any
May 10 17:04:12 gchopin ntpd[642]: diagnostic assertion will cause ntpd to abort
May 10 17:04:12 gchopin ntpd[644]: proto: precision = 0.406 usec (-21)
May 10 17:04:12 gchopin ntpd[644]: basedate set to 2024-03-27
May 10 17:04:12 gchopin ntpd[644]: gps base set to 2024-03-31 (week 2308)
May 10 17:04:12 gchopin ntpd[644]: initial drift restored to 38.944000
May 10 17:04:12 gchopin ntpd[644]: leapsecond file ('/var/lib/ntp/ntp.leapseconds'): stat failed: No such file or directory
May 10 17:04:12 gchopin ntpd[644]: Listen and drop on 0 v6wildcard [::]:123
May 10 17:04:12 gchopin ntpd[644]: Listen and drop on 1 v4wildcard 0.0.0.0:123
May 10 17:04:12 gchopin ntpd[644]: Listen normally on 2 lo 127.0.0.1:123
May 10 17:04:12 gchopin ntpd[644]: Listen normally on 3 eth0 10.0.2.15:123
May 10 17:04:12 gchopin ntpd[644]: Listen normally on 4 lo [::1]:123
May 10 17:04:12 gchopin ntpd[644]: bind(21) AF_INET6 fe80::a00:27ff:feec:438d%4#123 flags 0x11 failed: Cannot assign requested address
May 10 17:04:12 gchopin ntpd[644]: unable to create socket on eth0 (5) for fe80::a00:27ff:feec:438d%4#123
May 10 17:04:12 gchopin ntpd[644]: failed to init interface for address fe80::a00:27ff:feec:438d%4
May 10 17:04:12 gchopin ntpd[644]: Listening on routing socket on fd #21 for interface updates
May 10 17:04:12 gchopin ntpd[644]: kernel reports TIME_ERROR: 0x41: Clock Unsynchronized
May 10 17:04:12 gchopin ntpd[644]: kernel reports TIME_ERROR: 0x41: Clock Unsynchronized
May 10 17:04:13 gchopin NetworkManager[692]: <info>  [1715353453.2052] NetworkManager (version 1.44.0) is starting... (boot:69076080-07f2-4b63-9281-ad5412b8eeb9)
May 10 17:04:13 gchopin NetworkManager[692]: <info>  [1715353453.2056] Read config: /etc/NetworkManager/NetworkManager.conf (etc: no-dns-update.conf, polkit.conf)
May 10 17:04:13 gchopin NetworkManager[692]: <info>  [1715353453.2772] manager[0x55b0aace60a0]: monitoring kernel firmware directory '/lib/firmware'.
May 10 17:04:13 gchopin NetworkManager[692]: <info>  [1715353453.2811] hostname: hostname: couldn't get property from hostnamed
May 10 17:04:13 gchopin NetworkManager[692]: <info>  [1715353453.2812] hostname: static hostname changed from (none) to "gchopin"
May 10 17:04:13 gchopin NetworkManager[692]: <info>  [1715353453.2815] dns-mgr: init: dns=none,systemd-resolved rc-manager=unmanaged
May 10 17:04:13 gchopin NetworkManager[692]: <info>  [1715353453.2835] manager[0x55b0aace60a0]: rfkill: Wi-Fi hardware radio set enabled
May 10 17:04:13 gchopin NetworkManager[692]: <info>  [1715353453.2835] manager[0x55b0aace60a0]: rfkill: WWAN hardware radio set enabled
May 10 17:04:13 gchopin NetworkManager[692]: <info>  [1715353453.2950] Loaded device plugin: NMAtmManager (/usr/lib/NetworkManager/1.44.0/libnm-device-plugin-adsl.so)
May 10 17:04:13 gchopin NetworkManager[692]: <info>  [1715353453.3016] Loaded device plugin: NMWifiFactory (/usr/lib/NetworkManager/1.44.0/libnm-device-plugin-wifi.so)
May 10 17:04:13 gchopin NetworkManager[692]: <info>  [1715353453.3019] manager: rfkill: Wi-Fi enabled by radio killswitch; enabled by state file
May 10 17:04:13 gchopin NetworkManager[692]: <info>  [1715353453.3021] manager: rfkill: WWAN enabled by radio killswitch; enabled by state file
May 10 17:04:13 gchopin NetworkManager[692]: <info>  [1715353453.3022] manager: Networking is enabled by state file
May 10 17:04:13 gchopin dbus-daemon[669]: [system] Activating service name='org.freedesktop.nm_dispatcher' requested by ':1.0' (uid=0 pid=692 comm="/usr/sbin/NetworkManager" label="kernel") (using servicehelper)
May 10 17:04:13 gchopin NetworkManager[692]: <info>  [1715353453.3042] settings: Loaded settings plugin: keyfile (internal)
May 10 17:04:13 gchopin NetworkManager[692]: <info>  [1715353453.3140] dhcp: init: Using DHCP client 'internal'
May 10 17:04:13 gchopin NetworkManager[692]: <info>  [1715353453.3152] manager: (lo): new Loopback device (/org/freedesktop/NetworkManager/Devices/1)
May 10 17:04:13 gchopin dbus-daemon[669]: [system] Activating service name='org.freedesktop.login1' requested by ':1.1' (uid=0 pid=707 comm="/usr/sbin/gdm" label="kernel") (using servicehelper)
May 10 17:04:13 gchopin NetworkManager[692]: <info>  [1715353453.3250] device (lo): state change: unmanaged -> unavailable (reason 'connection-assumed', sys-iface-state: 'external')
May 10 17:04:13 gchopin NetworkManager[692]: <info>  [1715353453.3287] device (lo): state change: unavailable -> disconnected (reason 'connection-assumed', sys-iface-state: 'external')
May 10 17:04:13 gchopin NetworkManager[692]: <info>  [1715353453.3335] device (lo): Activation: starting connection 'lo' (ba408f5e-bc9f-4e4d-a150-43b7e0e70783)
May 10 17:04:13 gchopin NetworkManager[692]: <info>  [1715353453.3383] manager: (bond0): new Bond device (/org/freedesktop/NetworkManager/Devices/2)
May 10 17:04:13 gchopin NetworkManager[692]: <info>  [1715353453.3514] manager: (dummy0): new Dummy device (/org/freedesktop/NetworkManager/Devices/3)
May 10 17:04:13 gchopin NetworkManager[692]: <info>  [1715353453.3547] manager: (erspan0): new Generic device (/org/freedesktop/NetworkManager/Devices/4)
May 10 17:04:13 gchopin NetworkManager[692]: <info>  [1715353453.3557] device (eth0): carrier: link connected
May 10 17:04:13 gchopin dbus-daemon[669]: [system] Successfully activated service 'org.freedesktop.nm_dispatcher'
May 10 17:04:13 gchopin NetworkManager[692]: <info>  [1715353453.3565] manager: (eth0): new Ethernet device (/org/freedesktop/NetworkManager/Devices/5)
May 10 17:04:13 gchopin NetworkManager[692]: <info>  [1715353453.3587] settings: (eth0): created default wired connection 'Wired connection 1'
May 10 17:04:13 gchopin NetworkManager[692]: <info>  [1715353453.3606] device (eth0): state change: unmanaged -> unavailable (reason 'connection-assumed', sys-iface-state: 'external')
May 10 17:04:13 gchopin NetworkManager[692]: <info>  [1715353453.3610] device (eth0): state change: unavailable -> disconnected (reason 'connection-assumed', sys-iface-state: 'external')
May 10 17:04:13 gchopin NetworkManager[692]: <info>  [1715353453.3617] device (eth0): Activation: starting connection 'eth0' (da10ee28-c9a0-46b1-a0d5-de44ec0dee39)
May 10 17:04:13 gchopin NetworkManager[692]: <info>  [1715353453.3624] manager: (gre0): new IPTunnel device (/org/freedesktop/NetworkManager/Devices/6)
May 10 17:04:13 gchopin NetworkManager[692]: <info>  [1715353453.3633] manager: (gretap0): new IPTunnel device (/org/freedesktop/NetworkManager/Devices/7)
May 10 17:04:13 gchopin dbus-daemon[669]: [system] Successfully activated service 'org.freedesktop.login1'
May 10 17:04:13 gchopin NetworkManager[692]: <info>  [1715353453.3642] manager: (ip6gre0): new IPTunnel device (/org/freedesktop/NetworkManager/Devices/8)
May 10 17:04:13 gchopin NetworkManager[692]: <info>  [1715353453.3647] manager: (ip6tnl0): new IPTunnel device (/org/freedesktop/NetworkManager/Devices/9)
May 10 17:04:13 gchopin NetworkManager[692]: <info>  [1715353453.3653] manager: (sit0): new IPTunnel device (/org/freedesktop/NetworkManager/Devices/10)
May 10 17:04:13 gchopin NetworkManager[692]: <info>  [1715353453.3669] manager: (tunl0): new IPTunnel device (/org/freedesktop/NetworkManager/Devices/11)
May 10 17:04:13 gchopin NetworkManager[692]: <info>  [1715353453.3698] bus-manager: acquired D-Bus service "org.freedesktop.NetworkManager"
May 10 17:04:13 gchopin NetworkManager[692]: <info>  [1715353453.3718] device (lo): state change: disconnected -> prepare (reason 'none', sys-iface-state: 'external')
May 10 17:04:13 gchopin NetworkManager[692]: <info>  [1715353453.3723] device (lo): state change: prepare -> config (reason 'none', sys-iface-state: 'external')
May 10 17:04:13 gchopin dbus-daemon[669]: [system] Activating service name='org.freedesktop.Accounts' requested by ':1.1' (uid=0 pid=707 comm="/usr/sbin/gdm" label="kernel") (using servicehelper)
May 10 17:04:13 gchopin NetworkManager[692]: <info>  [1715353453.3726] device (lo): state change: config -> ip-config (reason 'none', sys-iface-state: 'external')
May 10 17:04:13 gchopin NetworkManager[692]: <info>  [1715353453.3729] device (eth0): state change: disconnected -> prepare (reason 'none', sys-iface-state: 'external')
May 10 17:04:13 gchopin NetworkManager[692]: <info>  [1715353453.3732] device (eth0): state change: prepare -> config (reason 'none', sys-iface-state: 'external')
May 10 17:04:13 gchopin NetworkManager[692]: <info>  [1715353453.3736] device (eth0): state change: config -> ip-config (reason 'none', sys-iface-state: 'external')
May 10 17:04:13 gchopin NetworkManager[692]: <info>  [1715353453.3739] device (lo): state change: ip-config -> ip-check (reason 'none', sys-iface-state: 'external')
May 10 17:04:13 gchopin NetworkManager[692]: <info>  [1715353453.3759] device (eth0): state change: ip-config -> ip-check (reason 'none', sys-iface-state: 'external')
May 10 17:04:13 gchopin NetworkManager[692]: <info>  [1715353453.3822] device (lo): state change: ip-check -> secondaries (reason 'none', sys-iface-state: 'external')
May 10 17:04:13 gchopin NetworkManager[692]: <info>  [1715353453.3831] device (lo): state change: secondaries -> activated (reason 'none', sys-iface-state: 'external')
May 10 17:04:13 gchopin NetworkManager[692]: <info>  [1715353453.3841] device (lo): Activation: successful, device activated.
May 10 17:04:13 gchopin NetworkManager[692]: <info>  [1715353453.3851] device (eth0): state change: ip-check -> secondaries (reason 'none', sys-iface-state: 'external')
May 10 17:04:13 gchopin NetworkManager[692]: <info>  [1715353453.3855] device (eth0): state change: secondaries -> activated (reason 'none', sys-iface-state: 'external')
May 10 17:04:13 gchopin NetworkManager[692]: <info>  [1715353453.3859] manager: NetworkManager state is now CONNECTED_LOCAL
May 10 17:04:13 gchopin NetworkManager[692]: <info>  [1715353453.3863] device (eth0): Activation: successful, device activated.
May 10 17:04:13 gchopin NetworkManager[692]: <info>  [1715353453.3872] manager: startup complete
May 10 17:04:13 gchopin dbus-daemon[669]: [system] Activating service name='org.freedesktop.PolicyKit1' requested by ':1.4' (uid=0 pid=724 comm="/usr/libexec/accounts-daemon" label="kernel") (using servicehelper)
May 10 17:04:13 gchopin polkitd[730]: Started polkitd version 123
May 10 17:04:13 gchopin dbus-daemon[669]: [system] Successfully activated service 'org.freedesktop.PolicyKit1'
May 10 17:04:13 gchopin accounts-daemon[724]: started daemon version 23.13.9
May 10 17:04:13 gchopin dbus-daemon[669]: [system] Successfully activated service 'org.freedesktop.Accounts'
May 10 17:04:13 gchopin ntpd[644]: bind(24) AF_INET6 fe80::a00:27ff:feec:438d%4#123 flags 0x11 failed: Cannot assign requested address
May 10 17:04:13 gchopin ntpd[644]: unable to create socket on eth0 (6) for fe80::a00:27ff:feec:438d%4#123
May 10 17:04:13 gchopin ntpd[644]: failed to init interface for address fe80::a00:27ff:feec:438d%4
May 10 17:04:14 gchopin gnome-session-binary[752]: WARNING: Desktop file /usr/share/gdm/greeter/autostart/orca-autostart.desktop for application orca-autostart.desktop could not be parsed or references a missing TryExec binary 
May 10 17:04:14 gchopin gnome-session-binary[752]: GnomeDesktop-WARNING: Error fetching user unit for own pid: 3  
May 10 17:04:16 gchopin ntpd[644]: Listen normally on 7 eth0 [fe80::a00:27ff:feec:438d%4]:123
May 10 17:04:16 gchopin ntpd[644]: new interface(s) found: waking up resolver
May 10 17:04:17 gchopin dbus-daemon[669]: [system] Activating service name='org.freedesktop.locale1' requested by ':1.9' (uid=21 pid=765 comm="/usr/bin/gnome-shell" label="kernel") (using servicehelper)
May 10 17:04:17 gchopin dbus-daemon[669]: [system] Successfully activated service 'org.freedesktop.locale1'
May 10 17:04:17 gchopin dbus-daemon[669]: [system] Activating service name='org.freedesktop.UPower' requested by ':1.9' (uid=21 pid=765 comm="/usr/bin/gnome-shell" label="kernel") (using servicehelper)
May 10 17:04:17 gchopin dbus-daemon[669]: [system] Successfully activated service 'org.freedesktop.UPower'
May 10 17:04:17 gchopin pulseaudio[846]: [pulseaudio] cli-command.c: stat('/etc/pulse/default.pa.d'): No such file or directory
May 10 17:04:17 gchopin dbus-daemon[669]: [system] Activating service name='org.freedesktop.GeoClue2' requested by ':1.9' (uid=21 pid=765 comm="/usr/bin/gnome-shell" label="kernel") (using servicehelper)
May 10 17:04:17 gchopin dbus-daemon[669]: [system] Successfully activated service 'org.freedesktop.GeoClue2'
May 10 17:04:17 gchopin dbus-daemon[669]: [system] Activating service name='org.freedesktop.ModemManager1' requested by ':1.28' (uid=0 pid=849 comm="/usr/libexec/geoclue" label="kernel") (using servicehelper)
May 10 17:04:17 gchopin ModemManager[860]: <info>  ModemManager (version 1.18.12) starting in system bus... 
May 10 17:04:17 gchopin dbus-daemon[669]: [system] Activating service name='org.freedesktop.ColorManager' requested by ':1.9' (uid=21 pid=765 comm="/usr/bin/gnome-shell" label="kernel") (using servicehelper)
May 10 17:04:17 gchopin gnome-session-binary[752]: GnomeDesktop-WARNING: Error fetching user unit for own pid: 3  
May 10 17:04:17 gchopin last message repeated 13 times
May 10 17:04:17 gchopin kernel: [   14.815313] rfkill: input handler disabled
May 10 17:04:17 gchopin NetworkManager[692]: <info>  [1715353457.9505] agent-manager: agent[b7cf658061b08dd5,:1.9/org.gnome.Shell.NetworkAgent/21]: agent registered
May 10 17:04:17 gchopin dbus-daemon[669]: [system] Successfully activated service 'org.freedesktop.ColorManager'
May 10 17:04:18 gchopin dbus-daemon[669]: [system] Successfully activated service 'org.freedesktop.ModemManager1'
May 10 17:04:20 gchopin ModemManager[860]: <info>  [base-manager] couldn't check support for device '/sys/devices/pci0000:00/0000:00:03.0': not supported by any plugin 
May 10 17:04:21 gchopin kernel: [   18.504463] rfkill: input handler enabled
May 10 17:04:22 gchopin gnome-session-binary[1207]: WARNING: Failed to upload environment to systemd: GDBus.Error:org.freedesktop.DBus.Error.NameHasNoOwner: Name "org.freedesktop.systemd1" does not exist 
May 10 17:04:22 gchopin gnome-session-binary[1207]: WARNING: Failed to reset failed state of units: GDBus.Error:org.freedesktop.DBus.Error.NameHasNoOwner: Name "org.freedesktop.systemd1" does not exist 
May 10 17:04:22 gchopin gnome-session-binary[1207]: WARNING: Falling back to non-systemd startup procedure due to error: GDBus.Error:org.freedesktop.DBus.Error.NameHasNoOwner: Name "org.freedesktop.systemd1" does not exist 
May 10 17:04:22 gchopin gnome-session-binary[1207]: GnomeDesktop-WARNING: Error fetching user unit for own pid: 3  
May 10 17:04:23 gchopin pulseaudio[1368]: [pulseaudio] cli-command.c: stat('/etc/pulse/default.pa.d'): No such file or directory
May 10 17:04:23 gchopin gnome-session-binary[1207]: GnomeDesktop-WARNING: Error fetching user unit for own pid: 3  
May 10 17:04:23 gchopin last message repeated 17 times
May 10 17:04:23 gchopin kernel: [   20.184663] rfkill: input handler disabled
May 10 17:04:23 gchopin NetworkManager[692]: <info>  [1715353463.3343] agent-manager: agent[2ee194ca6e50855e,:1.48/org.gnome.Shell.NetworkAgent/1000]: agent registered
May 10 17:04:23 gchopin gnome-session-binary[1207]: GnomeDesktop-WARNING: Error fetching user unit for own pid: 3  
May 10 17:04:23 gchopin last message repeated 2 times
May 10 17:04:23 gchopin dbus-daemon[669]: [system] Activating service name='org.freedesktop.UDisks2' requested by ':1.78' (uid=1000 pid=1605 comm="/usr/libexec/gsd-disk-utility-notify" label="kernel") (using servicehelper)
May 10 17:04:23 gchopin dbus-daemon[669]: [system] Successfully activated service 'org.freedesktop.UDisks2'
May 10 17:04:24 gchopin pulseaudio[846]: [pulseaudio] core-util.c: Failed to create secure directory (/run/user/21/pulse): No such file or directory
May 10 17:04:24 gchopin gdm: Gdm: Child process -745 was already dead. 
May 10 17:05:26 gchopin kernel: [   83.558995] Cleaning up module.
May 10 17:05:32 gchopin kernel: [   88.990309] usb 1-2: USB disconnect, device number 3
May 10 17:05:37 gchopin kernel: [   93.885220] usb 1-2: new low-speed USB device number 4 using ohci-pci
May 10 17:05:37 gchopin kernel: [   94.284854] usb 1-2: New USB device found, idVendor=06f3, idProduct=0309, bcdDevice= 1.07
May 10 17:05:37 gchopin kernel: [   94.284893] usb 1-2: New USB device strings: Mfr=0, Product=0, SerialNumber=0
May 10 17:05:37 gchopin kernel: [   94.301697] input: HID 06f3:0309 as /devices/pci0000:00/0000:00:06.0/usb1/1-2/1-2:1.0/0003:06F3:0309.0004/input/input9
May 10 17:05:37 gchopin kernel: [   94.342540] Hello world !
May 10 17:05:37 gchopin kernel: [   94.356773] hid-generic 0003:06F3:0309.0004: input,hidraw1: USB HID v1.11 Keyboard [HID 06f3:0309] on usb-0000:00:06.0-2/input0
May 10 17:05:37 gchopin kernel: [   94.376580] input: HID 06f3:0309 Keyboard as /devices/pci0000:00/0000:00:06.0/usb1/1-2/1-2:1.1/0003:06F3:0309.0005/input/input10
May 10 17:05:37 gchopin kernel: [   94.484484] hid-generic 0003:06F3:0309.0005: input,hidraw2: USB HID v1.11 Keyboard [HID 06f3:0309] on usb-0000:00:06.0-2/input1
