Oct 10 09:56:24 gchopin kernel: klogd 1.5.1, log source = /proc/kmsg started.
Oct 10 09:56:24 gchopin kernel: Inspecting /boot/System.map-6.12.0-rc2-gchopin-thor_kernel-g55b2e94972be
Oct 10 09:56:24 gchopin kernel: Cannot find map file.
Oct 10 09:56:24 gchopin kernel: Loaded 158012 symbols from 4 modules.
Oct 10 09:56:24 gchopin kernel: [    0.000000] Linux version 6.12.0-rc2-gchopin-thor_kernel-g55b2e94972be (root@gchopin) (gcc (GCC) 13.2.0, GNU ld (GNU Binutils) 2.41) #1 SMP PREEMPT_DYNAMIC Thu Oct 10 09:51:40 CEST 2024
Oct 10 09:56:24 gchopin kernel: [    0.000000] Command line: BOOT_IMAGE=/vmlinuz-6.12.0-rc2-gchopin-thor_kernel root=PARTUUID=643facfc-03 ro
Oct 10 09:56:24 gchopin kernel: [    0.000000] BIOS-provided physical RAM map:
Oct 10 09:56:24 gchopin kernel: [    0.000000] BIOS-e820: [mem 0x0000000000000000-0x000000000009fbff] usable
Oct 10 09:56:24 gchopin kernel: [    0.000000] BIOS-e820: [mem 0x000000000009fc00-0x000000000009ffff] reserved
Oct 10 09:56:24 gchopin kernel: [    0.000000] BIOS-e820: [mem 0x00000000000f0000-0x00000000000fffff] reserved
Oct 10 09:56:24 gchopin kernel: [    0.000000] BIOS-e820: [mem 0x0000000000100000-0x000000007ffdbfff] usable
Oct 10 09:56:24 gchopin kernel: [    0.000000] BIOS-e820: [mem 0x000000007ffdc000-0x000000007fffffff] reserved
Oct 10 09:56:24 gchopin kernel: [    0.000000] BIOS-e820: [mem 0x00000000b0000000-0x00000000bfffffff] reserved
Oct 10 09:56:24 gchopin kernel: [    0.000000] BIOS-e820: [mem 0x00000000fed1c000-0x00000000fed1ffff] reserved
Oct 10 09:56:24 gchopin kernel: [    0.000000] BIOS-e820: [mem 0x00000000feffc000-0x00000000feffffff] reserved
Oct 10 09:56:24 gchopin kernel: [    0.000000] BIOS-e820: [mem 0x00000000fffc0000-0x00000000ffffffff] reserved
Oct 10 09:56:24 gchopin kernel: [    0.000000] BIOS-e820: [mem 0x0000000100000000-0x00000002ffffffff] usable
Oct 10 09:56:24 gchopin kernel: [    0.000000] NX (Execute Disable) protection: active
Oct 10 09:56:24 gchopin kernel: [    0.000000] APIC: Static calls initialized
Oct 10 09:56:24 gchopin kernel: [    0.000000] SMBIOS 2.8 present.
Oct 10 09:56:24 gchopin kernel: [    0.000000] DMI: QEMU Standard PC (Q35 + ICH9, 2009), BIOS 1.15.0-1 04/01/2014
Oct 10 09:56:24 gchopin kernel: [    0.000000] DMI: Memory slots populated: 1/1
Oct 10 09:56:24 gchopin kernel: [    0.000000] Hypervisor detected: KVM
Oct 10 09:56:24 gchopin kernel: [    0.000000] kvm-clock: Using msrs 4b564d01 and 4b564d00
Oct 10 09:56:24 gchopin kernel: [    0.000000] kvm-clock: using sched offset of 3331106934697 cycles
Oct 10 09:56:24 gchopin kernel: [    0.000001] clocksource: kvm-clock: mask: 0xffffffffffffffff max_cycles: 0x1cd42e4dffb, max_idle_ns: 881590591483 ns
Oct 10 09:56:24 gchopin kernel: [    0.000002] tsc: Detected 2112.000 MHz processor
Oct 10 09:56:24 gchopin kernel: [    0.000426] e820: update [mem 0x00000000-0x00000fff] usable ==> reserved
Oct 10 09:56:24 gchopin kernel: [    0.000427] e820: remove [mem 0x000a0000-0x000fffff] usable
Oct 10 09:56:24 gchopin kernel: [    0.000430] last_pfn = 0x300000 max_arch_pfn = 0x400000000
Oct 10 09:56:24 gchopin kernel: [    0.000448] MTRR map: 4 entries (3 fixed + 1 variable; max 19), built from 8 variable MTRRs
Oct 10 09:56:24 gchopin kernel: [    0.000449] x86/PAT: Configuration [0-7]: WB  WC  UC- UC  WB  WP  UC- WT  
Oct 10 09:56:24 gchopin kernel: [    0.000472] last_pfn = 0x7ffdc max_arch_pfn = 0x400000000
Oct 10 09:56:24 gchopin kernel: [    0.002395] found SMP MP-table at [mem 0x000f5b40-0x000f5b4f]
Oct 10 09:56:24 gchopin kernel: [    0.002400] Using GB pages for direct mapping
Oct 10 09:56:24 gchopin kernel: [    0.002400] Incomplete global flushes, disabling PCID
Oct 10 09:56:24 gchopin kernel: [    0.002446] ACPI: Early table checksum verification disabled
Oct 10 09:56:24 gchopin kernel: [    0.002447] ACPI: RSDP 0x00000000000F58B0 000014 (v00 BOCHS )
Oct 10 09:56:24 gchopin kernel: [    0.002452] ACPI: RSDT 0x000000007FFE2B0A 000034 (v01 BOCHS  BXPC     00000001 BXPC 00000001)
Oct 10 09:56:24 gchopin kernel: [    0.002455] ACPI: FACP 0x000000007FFE2922 0000F4 (v03 BOCHS  BXPC     00000001 BXPC 00000001)
Oct 10 09:56:24 gchopin kernel: [    0.002457] ACPI: DSDT 0x000000007FFE0040 0028E2 (v01 BOCHS  BXPC     00000001 BXPC 00000001)
Oct 10 09:56:24 gchopin kernel: [    0.002458] ACPI: FACS 0x000000007FFE0000 000040
Oct 10 09:56:24 gchopin kernel: [    0.002459] ACPI: APIC 0x000000007FFE2A16 000090 (v01 BOCHS  BXPC     00000001 BXPC 00000001)
Oct 10 09:56:24 gchopin kernel: [    0.002460] ACPI: MCFG 0x000000007FFE2AA6 00003C (v01 BOCHS  BXPC     00000001 BXPC 00000001)
Oct 10 09:56:24 gchopin kernel: [    0.002461] ACPI: WAET 0x000000007FFE2AE2 000028 (v01 BOCHS  BXPC     00000001 BXPC 00000001)
Oct 10 09:56:24 gchopin kernel: [    0.002462] ACPI: Reserving FACP table memory at [mem 0x7ffe2922-0x7ffe2a15]
Oct 10 09:56:24 gchopin kernel: [    0.002463] ACPI: Reserving DSDT table memory at [mem 0x7ffe0040-0x7ffe2921]
Oct 10 09:56:24 gchopin kernel: [    0.002463] ACPI: Reserving FACS table memory at [mem 0x7ffe0000-0x7ffe003f]
Oct 10 09:56:24 gchopin kernel: [    0.002464] ACPI: Reserving APIC table memory at [mem 0x7ffe2a16-0x7ffe2aa5]
Oct 10 09:56:24 gchopin kernel: [    0.002464] ACPI: Reserving MCFG table memory at [mem 0x7ffe2aa6-0x7ffe2ae1]
Oct 10 09:56:24 gchopin kernel: [    0.002464] ACPI: Reserving WAET table memory at [mem 0x7ffe2ae2-0x7ffe2b09]
Oct 10 09:56:24 gchopin kernel: [    0.002588] No NUMA configuration found
Oct 10 09:56:24 gchopin kernel: [    0.002588] Faking a node at [mem 0x0000000000000000-0x00000002ffffffff]
Oct 10 09:56:24 gchopin kernel: [    0.002589] NODE_DATA(0) allocated [mem 0x2ffffc940-0x2ffffffff]
Oct 10 09:56:24 gchopin kernel: [    0.002601] Zone ranges:
Oct 10 09:56:24 gchopin kernel: [    0.002601]   DMA      [mem 0x0000000000001000-0x0000000000ffffff]
Oct 10 09:56:24 gchopin kernel: [    0.002602]   DMA32    [mem 0x0000000001000000-0x00000000ffffffff]
Oct 10 09:56:24 gchopin kernel: [    0.002603]   Normal   [mem 0x0000000100000000-0x00000002ffffffff]
Oct 10 09:56:24 gchopin kernel: [    0.002603] Movable zone start for each node
Oct 10 09:56:24 gchopin kernel: [    0.002604] Early memory node ranges
Oct 10 09:56:24 gchopin kernel: [    0.002604]   node   0: [mem 0x0000000000001000-0x000000000009efff]
Oct 10 09:56:24 gchopin kernel: [    0.002605]   node   0: [mem 0x0000000000100000-0x000000007ffdbfff]
Oct 10 09:56:24 gchopin kernel: [    0.002605]   node   0: [mem 0x0000000100000000-0x00000002ffffffff]
Oct 10 09:56:24 gchopin kernel: [    0.002606] Initmem setup node 0 [mem 0x0000000000001000-0x00000002ffffffff]
Oct 10 09:56:24 gchopin kernel: [    0.002609] On node 0, zone DMA: 1 pages in unavailable ranges
Oct 10 09:56:24 gchopin kernel: [    0.002633] On node 0, zone DMA: 97 pages in unavailable ranges
Oct 10 09:56:24 gchopin kernel: [    0.021538] On node 0, zone Normal: 36 pages in unavailable ranges
Oct 10 09:56:24 gchopin kernel: [    0.022208] ACPI: PM-Timer IO Port: 0x608
Oct 10 09:56:24 gchopin kernel: [    0.022214] ACPI: LAPIC_NMI (acpi_id[0xff] dfl dfl lint[0x1])
Oct 10 09:56:24 gchopin kernel: [    0.022234] IOAPIC[0]: apic_id 0, version 17, address 0xfec00000, GSI 0-23
Oct 10 09:56:24 gchopin kernel: [    0.022235] ACPI: INT_SRC_OVR (bus 0 bus_irq 0 global_irq 2 dfl dfl)
Oct 10 09:56:24 gchopin kernel: [    0.022236] ACPI: INT_SRC_OVR (bus 0 bus_irq 5 global_irq 5 high level)
Oct 10 09:56:24 gchopin kernel: [    0.022236] ACPI: INT_SRC_OVR (bus 0 bus_irq 9 global_irq 9 high level)
Oct 10 09:56:24 gchopin kernel: [    0.022237] ACPI: INT_SRC_OVR (bus 0 bus_irq 10 global_irq 10 high level)
Oct 10 09:56:24 gchopin kernel: [    0.022237] ACPI: INT_SRC_OVR (bus 0 bus_irq 11 global_irq 11 high level)
Oct 10 09:56:24 gchopin kernel: [    0.022239] ACPI: Using ACPI (MADT) for SMP configuration information
Oct 10 09:56:24 gchopin kernel: [    0.022240] TSC deadline timer available
Oct 10 09:56:24 gchopin kernel: [    0.022242] CPU topo: Max. logical packages:   4
Oct 10 09:56:24 gchopin kernel: [    0.022243] CPU topo: Max. logical dies:       4
Oct 10 09:56:24 gchopin kernel: [    0.022243] CPU topo: Max. dies per package:   1
Oct 10 09:56:24 gchopin kernel: [    0.022245] CPU topo: Max. threads per core:   1
Oct 10 09:56:24 gchopin kernel: [    0.022246] CPU topo: Num. cores per package:     1
Oct 10 09:56:24 gchopin kernel: [    0.022246] CPU topo: Num. threads per package:   1
Oct 10 09:56:24 gchopin kernel: [    0.022246] CPU topo: Allowing 4 present CPUs plus 0 hotplug CPUs
Oct 10 09:56:24 gchopin kernel: [    0.022253] kvm-guest: APIC: eoi() replaced with kvm_guest_apic_eoi_write()
Oct 10 09:56:24 gchopin kernel: [    0.022262] kvm-guest: KVM setup pv remote TLB flush
Oct 10 09:56:24 gchopin kernel: [    0.022264] kvm-guest: setup PV sched yield
Oct 10 09:56:24 gchopin kernel: [    0.022268] PM: hibernation: Registered nosave memory: [mem 0x00000000-0x00000fff]
Oct 10 09:56:24 gchopin kernel: [    0.022268] PM: hibernation: Registered nosave memory: [mem 0x0009f000-0x0009ffff]
Oct 10 09:56:24 gchopin kernel: [    0.022269] PM: hibernation: Registered nosave memory: [mem 0x000a0000-0x000effff]
Oct 10 09:56:24 gchopin kernel: [    0.022269] PM: hibernation: Registered nosave memory: [mem 0x000f0000-0x000fffff]
Oct 10 09:56:24 gchopin kernel: [    0.022270] PM: hibernation: Registered nosave memory: [mem 0x7ffdc000-0x7fffffff]
Oct 10 09:56:24 gchopin kernel: [    0.022270] PM: hibernation: Registered nosave memory: [mem 0x80000000-0xafffffff]
Oct 10 09:56:24 gchopin kernel: [    0.022270] PM: hibernation: Registered nosave memory: [mem 0xb0000000-0xbfffffff]
Oct 10 09:56:24 gchopin kernel: [    0.022271] PM: hibernation: Registered nosave memory: [mem 0xc0000000-0xfed1bfff]
Oct 10 09:56:24 gchopin kernel: [    0.022271] PM: hibernation: Registered nosave memory: [mem 0xfed1c000-0xfed1ffff]
Oct 10 09:56:24 gchopin kernel: [    0.022271] PM: hibernation: Registered nosave memory: [mem 0xfed20000-0xfeffbfff]
Oct 10 09:56:24 gchopin kernel: [    0.022272] PM: hibernation: Registered nosave memory: [mem 0xfeffc000-0xfeffffff]
Oct 10 09:56:24 gchopin kernel: [    0.022272] PM: hibernation: Registered nosave memory: [mem 0xff000000-0xfffbffff]
Oct 10 09:56:24 gchopin kernel: [    0.022272] PM: hibernation: Registered nosave memory: [mem 0xfffc0000-0xffffffff]
Oct 10 09:56:24 gchopin kernel: [    0.022273] [mem 0xc0000000-0xfed1bfff] available for PCI devices
Oct 10 09:56:24 gchopin kernel: [    0.022274] Booting paravirtualized kernel on KVM
Oct 10 09:56:24 gchopin kernel: [    0.022274] clocksource: refined-jiffies: mask: 0xffffffff max_cycles: 0xffffffff, max_idle_ns: 1910969940391419 ns
Oct 10 09:56:24 gchopin kernel: [    0.025629] setup_percpu: NR_CPUS:64 nr_cpumask_bits:4 nr_cpu_ids:4 nr_node_ids:1
Oct 10 09:56:24 gchopin kernel: [    0.026225] percpu: Embedded 56 pages/cpu s192472 r8192 d28712 u524288
Oct 10 09:56:24 gchopin kernel: [    0.026227] pcpu-alloc: s192472 r8192 d28712 u524288 alloc=1*2097152
Oct 10 09:56:24 gchopin kernel: [    0.026229] pcpu-alloc: [0] 0 1 2 3 
Oct 10 09:56:24 gchopin kernel: [    0.026245] Kernel command line: BOOT_IMAGE=/vmlinuz-6.12.0-rc2-gchopin-thor_kernel root=PARTUUID=643facfc-03 ro
Oct 10 09:56:24 gchopin kernel: [    0.026257] Unknown kernel command line parameters "BOOT_IMAGE=/vmlinuz-6.12.0-rc2-gchopin-thor_kernel", will be passed to user space.
Oct 10 09:56:24 gchopin kernel: [    0.026264] random: crng init done
Oct 10 09:56:24 gchopin kernel: [    0.027958] Dentry cache hash table entries: 2097152 (order: 12, 16777216 bytes, linear)
Oct 10 09:56:24 gchopin kernel: [    0.028824] Inode-cache hash table entries: 1048576 (order: 11, 8388608 bytes, linear)
Oct 10 09:56:24 gchopin kernel: [    0.028863] Fallback order for Node 0: 0 
Oct 10 09:56:24 gchopin kernel: [    0.028864] Built 1 zonelists, mobility grouping on.  Total pages: 2621306
Oct 10 09:56:24 gchopin kernel: [    0.028865] Policy zone: Normal
Oct 10 09:56:24 gchopin kernel: [    0.028865] mem auto-init: stack:all(zero), heap alloc:off, heap free:off
Oct 10 09:56:24 gchopin kernel: [    0.028867] software IO TLB: area num 4.
Oct 10 09:56:24 gchopin kernel: [    0.073442] SLUB: HWalign=64, Order=0-3, MinObjects=0, CPUs=4, Nodes=1
Oct 10 09:56:24 gchopin kernel: [    0.073973] Dynamic Preempt: voluntary
Oct 10 09:56:24 gchopin kernel: [    0.074001] rcu: Preemptible hierarchical RCU implementation.
Oct 10 09:56:24 gchopin kernel: [    0.074001] rcu: ^IRCU event tracing is enabled.
Oct 10 09:56:24 gchopin kernel: [    0.074002] rcu: ^IRCU restricting CPUs from NR_CPUS=64 to nr_cpu_ids=4.
Oct 10 09:56:24 gchopin kernel: [    0.074002] ^ITrampoline variant of Tasks RCU enabled.
Oct 10 09:56:24 gchopin kernel: [    0.074003] rcu: RCU calculated value of scheduler-enlistment delay is 100 jiffies.
Oct 10 09:56:24 gchopin kernel: [    0.074003] rcu: Adjusting geometry for rcu_fanout_leaf=16, nr_cpu_ids=4
Oct 10 09:56:24 gchopin kernel: [    0.074006] RCU Tasks: Setting shift to 2 and lim to 1 rcu_task_cb_adjust=1 rcu_task_cpu_ids=4.
Oct 10 09:56:24 gchopin kernel: [    0.074660] NR_IRQS: 4352, nr_irqs: 456, preallocated irqs: 16
Oct 10 09:56:24 gchopin kernel: [    0.074830] rcu: srcu_init: Setting srcu_struct sizes based on contention.
Oct 10 09:56:24 gchopin kernel: [    0.078837] Console: colour VGA+ 80x25
Oct 10 09:56:24 gchopin kernel: [    0.078839] printk: legacy console [tty0] enabled
Oct 10 09:56:24 gchopin kernel: [    0.095595] ACPI: Core revision 20240827
Oct 10 09:56:24 gchopin kernel: [    0.095718] APIC: Switch to symmetric I/O mode setup
Oct 10 09:56:24 gchopin kernel: [    0.095943] x2apic enabled
Oct 10 09:56:24 gchopin kernel: [    0.096173] APIC: Switched APIC routing to: physical x2apic
Oct 10 09:56:24 gchopin kernel: [    0.096296] kvm-guest: APIC: send_IPI_mask() replaced with kvm_send_ipi_mask()
Oct 10 09:56:24 gchopin kernel: [    0.096465] kvm-guest: APIC: send_IPI_mask_allbutself() replaced with kvm_send_ipi_mask_allbutself()
Oct 10 09:56:24 gchopin kernel: [    0.096654] kvm-guest: setup PV IPIs
Oct 10 09:56:24 gchopin kernel: [    0.097203] clocksource: tsc-early: mask: 0xffffffffffffffff max_cycles: 0x1e71785e5dd, max_idle_ns: 440795244814 ns
Oct 10 09:56:24 gchopin kernel: [    0.097429] Calibrating delay loop (skipped) preset value.. 4224.00 BogoMIPS (lpj=2112000)
Oct 10 09:56:24 gchopin kernel: [    0.097673] x86/cpu: User Mode Instruction Prevention (UMIP) activated
Oct 10 09:56:24 gchopin kernel: [    0.097847] Last level iTLB entries: 4KB 0, 2MB 0, 4MB 0
Oct 10 09:56:24 gchopin kernel: [    0.097969] Last level dTLB entries: 4KB 0, 2MB 0, 4MB 0, 1GB 0
Oct 10 09:56:24 gchopin kernel: [    0.098097] Spectre V1 : Mitigation: usercopy/swapgs barriers and __user pointer sanitization
Oct 10 09:56:24 gchopin kernel: [    0.098280] Spectre V2 : Spectre BHI mitigation: SW BHB clearing on syscall and VM exit
Oct 10 09:56:24 gchopin kernel: [    0.098428] Spectre V2 : Mitigation: Enhanced / Automatic IBRS
Oct 10 09:56:24 gchopin kernel: [    0.098428] Spectre V2 : Spectre v2 / SpectreRSB mitigation: Filling RSB on context switch
Oct 10 09:56:24 gchopin kernel: [    0.098428] Spectre V2 : Spectre v2 / PBRSB-eIBRS: Retire a single CALL on VMEXIT
Oct 10 09:56:24 gchopin kernel: [    0.098428] Spectre V2 : mitigation: Enabling conditional Indirect Branch Prediction Barrier
Oct 10 09:56:24 gchopin kernel: [    0.098428] Speculative Store Bypass: Mitigation: Speculative Store Bypass disabled via prctl
Oct 10 09:56:24 gchopin kernel: [    0.098428] Register File Data Sampling: Vulnerable: No microcode
Oct 10 09:56:24 gchopin kernel: [    0.098428] x86/fpu: Supporting XSAVE feature 0x001: 'x87 floating point registers'
Oct 10 09:56:24 gchopin kernel: [    0.098428] x86/fpu: Supporting XSAVE feature 0x002: 'SSE registers'
Oct 10 09:56:24 gchopin kernel: [    0.098428] x86/fpu: Supporting XSAVE feature 0x004: 'AVX registers'
Oct 10 09:56:24 gchopin kernel: [    0.098428] x86/fpu: Supporting XSAVE feature 0x200: 'Protection Keys User registers'
Oct 10 09:56:24 gchopin kernel: [    0.098428] x86/fpu: xstate_offset[2]:  576, xstate_sizes[2]:  256
Oct 10 09:56:24 gchopin kernel: [    0.098428] x86/fpu: xstate_offset[9]:  832, xstate_sizes[9]:    8
Oct 10 09:56:24 gchopin kernel: [    0.098428] x86/fpu: Enabled xstate features 0x207, context size is 840 bytes, using 'compacted' format.
Oct 10 09:56:24 gchopin kernel: [    0.098428] Freeing SMP alternatives memory: 44K
Oct 10 09:56:24 gchopin kernel: [    0.098428] pid_max: default: 32768 minimum: 301
Oct 10 09:56:24 gchopin kernel: [    0.098428] LSM: initializing lsm=capability,selinux
Oct 10 09:56:24 gchopin kernel: [    0.098428] SELinux:  Initializing.
Oct 10 09:56:24 gchopin kernel: [    0.098428] Mount-cache hash table entries: 32768 (order: 6, 262144 bytes, linear)
Oct 10 09:56:24 gchopin kernel: [    0.098428] Mountpoint-cache hash table entries: 32768 (order: 6, 262144 bytes, linear)
Oct 10 09:56:24 gchopin kernel: [    0.098428] smpboot: CPU0: 12th Gen Intel(R) Core(TM) i7-12700 (family: 0x6, model: 0x97, stepping: 0x2)
Oct 10 09:56:24 gchopin kernel: [    0.098428] Performance Events: Alderlake Hybrid events, full-width counters, Intel PMU driver.
Oct 10 09:56:24 gchopin kernel: [    0.098428] core: cpu_core PMU driver: 
Oct 10 09:56:24 gchopin kernel: [    0.098428] ... version:                2
Oct 10 09:56:24 gchopin kernel: [    0.098430] ... bit width:              48
Oct 10 09:56:24 gchopin kernel: [    0.098542] ... generic registers:      6
Oct 10 09:56:24 gchopin kernel: [    0.098654] ... value mask:             0000ffffffffffff
Oct 10 09:56:24 gchopin kernel: [    0.098785] ... max period:             00007fffffffffff
Oct 10 09:56:24 gchopin kernel: [    0.098912] ... fixed-purpose events:   3
Oct 10 09:56:24 gchopin kernel: [    0.099022] ... event mask:             000100070000003f
Oct 10 09:56:24 gchopin kernel: [    0.099167] signal: max sigframe size: 3632
Oct 10 09:56:24 gchopin kernel: [    0.099303] rcu: Hierarchical SRCU implementation.
Oct 10 09:56:24 gchopin kernel: [    0.099425] rcu: ^IMax phase no-delay instances is 400.
Oct 10 09:56:24 gchopin kernel: [    0.099473] Timer migration: 1 hierarchy levels; 8 children per group; 1 crossnode level
Oct 10 09:56:24 gchopin kernel: [    0.099774] smp: Bringing up secondary CPUs ...
Oct 10 09:56:24 gchopin kernel: [    0.099968] smpboot: x86: Booting SMP configuration:
Oct 10 09:56:24 gchopin kernel: [    0.100091] .... node  #0, CPUs:      #1 #2 #3
Oct 10 09:56:24 gchopin kernel: [    0.103644] smp: Brought up 1 node, 4 CPUs
Oct 10 09:56:24 gchopin kernel: [    0.103914] smpboot: Total of 4 processors activated (16896.00 BogoMIPS)
Oct 10 09:56:24 gchopin kernel: [    0.104473] Memory: 10188688K/10485224K available (16384K kernel code, 2630K rwdata, 6092K rodata, 2628K init, 2100K bss, 291180K reserved, 0K cma-reserved)
Oct 10 09:56:24 gchopin kernel: [    0.104853] devtmpfs: initialized
Oct 10 09:56:24 gchopin kernel: [    0.105452] clocksource: jiffies: mask: 0xffffffff max_cycles: 0xffffffff, max_idle_ns: 1911260446275000 ns
Oct 10 09:56:24 gchopin kernel: [    0.105669] futex hash table entries: 1024 (order: 4, 65536 bytes, linear)
Oct 10 09:56:24 gchopin kernel: [    0.105886] PM: RTC time: 07:56:22, date: 2024-10-10
Oct 10 09:56:24 gchopin kernel: [    0.106160] NET: Registered PF_NETLINK/PF_ROUTE protocol family
Oct 10 09:56:24 gchopin kernel: [    0.106474] audit: initializing netlink subsys (disabled)
Oct 10 09:56:24 gchopin kernel: [    0.106635] audit: type=2000 audit(1728546981.904:1): state=initialized audit_enabled=0 res=1
Oct 10 09:56:24 gchopin kernel: [    0.106635] thermal_sys: Registered thermal governor 'step_wise'
Oct 10 09:56:24 gchopin kernel: [    0.106668] thermal_sys: Registered thermal governor 'user_space'
Oct 10 09:56:24 gchopin kernel: [    0.106815] cpuidle: using governor menu
Oct 10 09:56:24 gchopin kernel: [    0.107497] PCI: ECAM [mem 0xb0000000-0xbfffffff] (base 0xb0000000) for domain 0000 [bus 00-ff]
Oct 10 09:56:24 gchopin kernel: [    0.107697] PCI: ECAM [mem 0xb0000000-0xbfffffff] reserved as E820 entry
Oct 10 09:56:24 gchopin kernel: [    0.107847] PCI: Using configuration type 1 for base access
Oct 10 09:56:24 gchopin kernel: [    0.108011] kprobes: kprobe jump-optimization is enabled. All kprobes are optimized if possible.
Oct 10 09:56:24 gchopin kernel: [    0.111573] HugeTLB: registered 2.00 MiB page size, pre-allocated 0 pages
Oct 10 09:56:24 gchopin kernel: [    0.111731] HugeTLB: 28 KiB vmemmap can be freed for a 2.00 MiB page
Oct 10 09:56:24 gchopin kernel: [    0.111983] ACPI: Added _OSI(Module Device)
Oct 10 09:56:24 gchopin kernel: [    0.112112] ACPI: Added _OSI(Processor Device)
Oct 10 09:56:24 gchopin kernel: [    0.112236] ACPI: Added _OSI(3.0 _SCP Extensions)
Oct 10 09:56:24 gchopin kernel: [    0.112358] ACPI: Added _OSI(Processor Aggregator Device)
Oct 10 09:56:24 gchopin kernel: [    0.112857] ACPI: 1 ACPI AML tables successfully acquired and loaded
Oct 10 09:56:24 gchopin kernel: [    0.113467] ACPI: Interpreter enabled
Oct 10 09:56:24 gchopin kernel: [    0.113583] ACPI: PM: (supports S0 S5)
Oct 10 09:56:24 gchopin kernel: [    0.113692] ACPI: Using IOAPIC for interrupt routing
Oct 10 09:56:24 gchopin kernel: [    0.113826] PCI: Using host bridge windows from ACPI; if necessary, use "pci=nocrs" and report a bug
Oct 10 09:56:24 gchopin kernel: [    0.114038] PCI: Using E820 reservations for host bridge windows
Oct 10 09:56:24 gchopin kernel: [    0.114209] ACPI: Enabled 2 GPEs in block 00 to 3F
Oct 10 09:56:24 gchopin kernel: [    0.115261] ACPI: PCI Root Bridge [PCI0] (domain 0000 [bus 00-ff])
Oct 10 09:56:24 gchopin kernel: [    0.115410] acpi PNP0A08:00: _OSC: OS supports [ExtendedConfig ASPM ClockPM Segments MSI HPX-Type3]
Oct 10 09:56:24 gchopin kernel: [    0.115442] acpi PNP0A08:00: _OSC: platform does not support [LTR]
Oct 10 09:56:24 gchopin kernel: [    0.115601] acpi PNP0A08:00: _OSC: OS now controls [PME PCIeCapability]
Oct 10 09:56:24 gchopin kernel: [    0.115799] PCI host bridge to bus 0000:00
Oct 10 09:56:24 gchopin kernel: [    0.115921] pci_bus 0000:00: root bus resource [io  0x0000-0x0cf7 window]
Oct 10 09:56:24 gchopin kernel: [    0.116075] pci_bus 0000:00: root bus resource [io  0x0d00-0xffff window]
Oct 10 09:56:24 gchopin kernel: [    0.116229] pci_bus 0000:00: root bus resource [mem 0x000a0000-0x000bffff window]
Oct 10 09:56:24 gchopin kernel: [    0.116416] pci_bus 0000:00: root bus resource [mem 0x80000000-0xafffffff window]
Oct 10 09:56:24 gchopin kernel: [    0.116429] pci_bus 0000:00: root bus resource [mem 0xc0000000-0xfebfffff window]
Oct 10 09:56:24 gchopin kernel: [    0.116616] pci_bus 0000:00: root bus resource [mem 0x300000000-0xaffffffff window]
Oct 10 09:56:24 gchopin kernel: [    0.116805] pci_bus 0000:00: root bus resource [bus 00-ff]
Oct 10 09:56:24 gchopin kernel: [    0.116961] pci 0000:00:00.0: [8086:29c0] type 00 class 0x060000 conventional PCI endpoint
Oct 10 09:56:24 gchopin kernel: [    0.117406] pci 0000:00:01.0: [1af4:1050] type 00 class 0x030000 conventional PCI endpoint
Oct 10 09:56:24 gchopin kernel: [    0.119290] pci 0000:00:01.0: BAR 0 [mem 0xfa800000-0xfaffffff pref]
Oct 10 09:56:24 gchopin kernel: [    0.121433] pci 0000:00:01.0: BAR 2 [mem 0xfcc00000-0xfcc03fff 64bit pref]
Oct 10 09:56:24 gchopin kernel: [    0.123270] pci 0000:00:01.0: BAR 4 [mem 0xfea14000-0xfea14fff]
Oct 10 09:56:24 gchopin kernel: [    0.125436] pci 0000:00:01.0: ROM [mem 0xfea00000-0xfea0ffff pref]
Oct 10 09:56:24 gchopin kernel: [    0.126310] pci 0000:00:01.0: Video device with shadowed ROM at [mem 0x000c0000-0x000dffff]
Oct 10 09:56:24 gchopin kernel: [    0.126757] pci 0000:00:02.0: [1b36:000c] type 01 class 0x060400 PCIe Root Port
Oct 10 09:56:24 gchopin kernel: [    0.127748] pci 0000:00:02.0: BAR 0 [mem 0xfea15000-0xfea15fff]
Oct 10 09:56:24 gchopin kernel: [    0.129061] pci 0000:00:02.0: PCI bridge to [bus 01]
Oct 10 09:56:24 gchopin kernel: [    0.129201] pci 0000:00:02.0:   bridge window [mem 0xfe800000-0xfe9fffff]
Oct 10 09:56:24 gchopin kernel: [    0.129608] pci 0000:00:02.0:   bridge window [mem 0xfca00000-0xfcbfffff 64bit pref]
Oct 10 09:56:24 gchopin kernel: [    0.130112] pci 0000:00:02.1: [1b36:000c] type 01 class 0x060400 PCIe Root Port
Oct 10 09:56:24 gchopin kernel: [    0.131168] pci 0000:00:02.1: BAR 0 [mem 0xfea16000-0xfea16fff]
Oct 10 09:56:24 gchopin kernel: [    0.132375] pci 0000:00:02.1: PCI bridge to [bus 02]
Oct 10 09:56:24 gchopin kernel: [    0.132445] pci 0000:00:02.1:   bridge window [mem 0xfe600000-0xfe7fffff]
Oct 10 09:56:24 gchopin kernel: [    0.133135] pci 0000:00:02.1:   bridge window [mem 0xfc800000-0xfc9fffff 64bit pref]
Oct 10 09:56:24 gchopin kernel: [    0.133640] pci 0000:00:02.2: [1b36:000c] type 01 class 0x060400 PCIe Root Port
Oct 10 09:56:24 gchopin kernel: [    0.135043] pci 0000:00:02.2: BAR 0 [mem 0xfea17000-0xfea17fff]
Oct 10 09:56:24 gchopin kernel: [    0.136433] pci 0000:00:02.2: PCI bridge to [bus 03]
Oct 10 09:56:24 gchopin kernel: [    0.136573] pci 0000:00:02.2:   bridge window [mem 0xfe400000-0xfe5fffff]
Oct 10 09:56:24 gchopin kernel: [    0.137026] pci 0000:00:02.2:   bridge window [mem 0xfc600000-0xfc7fffff 64bit pref]
Oct 10 09:56:24 gchopin kernel: [    0.137593] pci 0000:00:02.3: [1b36:000c] type 01 class 0x060400 PCIe Root Port
Oct 10 09:56:24 gchopin kernel: [    0.138431] pci 0000:00:02.3: BAR 0 [mem 0xfea18000-0xfea18fff]
Oct 10 09:56:24 gchopin kernel: [    0.139722] pci 0000:00:02.3: PCI bridge to [bus 04]
Oct 10 09:56:24 gchopin kernel: [    0.139870] pci 0000:00:02.3:   bridge window [mem 0xfe200000-0xfe3fffff]
Oct 10 09:56:24 gchopin kernel: [    0.140375] pci 0000:00:02.3:   bridge window [mem 0xfc400000-0xfc5fffff 64bit pref]
Oct 10 09:56:24 gchopin kernel: [    0.140772] pci 0000:00:02.4: [1b36:000c] type 01 class 0x060400 PCIe Root Port
Oct 10 09:56:24 gchopin kernel: [    0.141742] pci 0000:00:02.4: BAR 0 [mem 0xfea19000-0xfea19fff]
Oct 10 09:56:24 gchopin kernel: [    0.143083] pci 0000:00:02.4: PCI bridge to [bus 05]
Oct 10 09:56:24 gchopin kernel: [    0.143448] pci 0000:00:02.4:   bridge window [mem 0xfe000000-0xfe1fffff]
Oct 10 09:56:24 gchopin kernel: [    0.144452] pci 0000:00:02.4:   bridge window [mem 0xfc200000-0xfc3fffff 64bit pref]
Oct 10 09:56:24 gchopin kernel: [    0.145018] pci 0000:00:02.5: [1b36:000c] type 01 class 0x060400 PCIe Root Port
Oct 10 09:56:24 gchopin kernel: [    0.146146] pci 0000:00:02.5: BAR 0 [mem 0xfea1a000-0xfea1afff]
Oct 10 09:56:24 gchopin kernel: [    0.147434] pci 0000:00:02.5: PCI bridge to [bus 06]
Oct 10 09:56:24 gchopin kernel: [    0.147603] pci 0000:00:02.5:   bridge window [mem 0xfde00000-0xfdffffff]
Oct 10 09:56:24 gchopin kernel: [    0.148118] pci 0000:00:02.5:   bridge window [mem 0xfc000000-0xfc1fffff 64bit pref]
Oct 10 09:56:24 gchopin kernel: [    0.148651] pci 0000:00:02.6: [1b36:000c] type 01 class 0x060400 PCIe Root Port
Oct 10 09:56:24 gchopin kernel: [    0.149754] pci 0000:00:02.6: BAR 0 [mem 0xfea1b000-0xfea1bfff]
Oct 10 09:56:24 gchopin kernel: [    0.151164] pci 0000:00:02.6: PCI bridge to [bus 07]
Oct 10 09:56:24 gchopin kernel: [    0.151317] pci 0000:00:02.6:   bridge window [mem 0xfdc00000-0xfddfffff]
Oct 10 09:56:24 gchopin kernel: [    0.151765] pci 0000:00:02.6:   bridge window [mem 0xfbe00000-0xfbffffff 64bit pref]
Oct 10 09:56:24 gchopin kernel: [    0.152337] pci 0000:00:02.7: [1b36:000c] type 01 class 0x060400 PCIe Root Port
Oct 10 09:56:24 gchopin kernel: [    0.153411] pci 0000:00:02.7: BAR 0 [mem 0xfea1c000-0xfea1cfff]
Oct 10 09:56:24 gchopin kernel: [    0.155433] pci 0000:00:02.7: PCI bridge to [bus 08]
Oct 10 09:56:24 gchopin kernel: [    0.155590] pci 0000:00:02.7:   bridge window [mem 0xfda00000-0xfdbfffff]
Oct 10 09:56:24 gchopin kernel: [    0.156063] pci 0000:00:02.7:   bridge window [mem 0xfbc00000-0xfbdfffff 64bit pref]
Oct 10 09:56:24 gchopin kernel: [    0.156597] pci 0000:00:03.0: [1b36:000c] type 01 class 0x060400 PCIe Root Port
Oct 10 09:56:24 gchopin kernel: [    0.157429] pci 0000:00:03.0: BAR 0 [mem 0xfea1d000-0xfea1dfff]
Oct 10 09:56:24 gchopin kernel: [    0.158712] pci 0000:00:03.0: PCI bridge to [bus 09]
Oct 10 09:56:24 gchopin kernel: [    0.158861] pci 0000:00:03.0:   bridge window [mem 0xfd800000-0xfd9fffff]
Oct 10 09:56:24 gchopin kernel: [    0.159344] pci 0000:00:03.0:   bridge window [mem 0xfba00000-0xfbbfffff 64bit pref]
Oct 10 09:56:24 gchopin kernel: [    0.159762] pci 0000:00:03.1: [1b36:000c] type 01 class 0x060400 PCIe Root Port
Oct 10 09:56:24 gchopin kernel: [    0.160751] pci 0000:00:03.1: BAR 0 [mem 0xfea1e000-0xfea1efff]
Oct 10 09:56:24 gchopin kernel: [    0.162064] pci 0000:00:03.1: PCI bridge to [bus 0a]
Oct 10 09:56:24 gchopin kernel: [    0.162246] pci 0000:00:03.1:   bridge window [mem 0xfd600000-0xfd7fffff]
Oct 10 09:56:24 gchopin kernel: [    0.162586] pci 0000:00:03.1:   bridge window [mem 0xfb800000-0xfb9fffff 64bit pref]
Oct 10 09:56:24 gchopin kernel: [    0.163109] pci 0000:00:03.2: [1b36:000c] type 01 class 0x060400 PCIe Root Port
Oct 10 09:56:24 gchopin kernel: [    0.164429] pci 0000:00:03.2: BAR 0 [mem 0xfea1f000-0xfea1ffff]
Oct 10 09:56:24 gchopin kernel: [    0.166434] pci 0000:00:03.2: PCI bridge to [bus 0b]
Oct 10 09:56:24 gchopin kernel: [    0.166585] pci 0000:00:03.2:   bridge window [mem 0xfd400000-0xfd5fffff]
Oct 10 09:56:24 gchopin kernel: [    0.167053] pci 0000:00:03.2:   bridge window [mem 0xfb600000-0xfb7fffff 64bit pref]
Oct 10 09:56:24 gchopin kernel: [    0.167790] pci 0000:00:03.3: [1b36:000c] type 01 class 0x060400 PCIe Root Port
Oct 10 09:56:24 gchopin kernel: [    0.168724] pci 0000:00:03.3: BAR 0 [mem 0xfea20000-0xfea20fff]
Oct 10 09:56:24 gchopin kernel: [    0.169994] pci 0000:00:03.3: PCI bridge to [bus 0c]
Oct 10 09:56:24 gchopin kernel: [    0.170141] pci 0000:00:03.3:   bridge window [mem 0xfd200000-0xfd3fffff]
Oct 10 09:56:24 gchopin kernel: [    0.170601] pci 0000:00:03.3:   bridge window [mem 0xfb400000-0xfb5fffff 64bit pref]
Oct 10 09:56:24 gchopin kernel: [    0.172430] pci 0000:00:03.4: [1b36:000c] type 01 class 0x060400 PCIe Root Port
Oct 10 09:56:24 gchopin kernel: [    0.173430] pci 0000:00:03.4: BAR 0 [mem 0xfea21000-0xfea21fff]
Oct 10 09:56:24 gchopin kernel: [    0.174726] pci 0000:00:03.4: PCI bridge to [bus 0d]
Oct 10 09:56:24 gchopin kernel: [    0.174876] pci 0000:00:03.4:   bridge window [mem 0xfd000000-0xfd1fffff]
Oct 10 09:56:24 gchopin kernel: [    0.175361] pci 0000:00:03.4:   bridge window [mem 0xfb200000-0xfb3fffff 64bit pref]
Oct 10 09:56:24 gchopin kernel: [    0.175772] pci 0000:00:03.5: [1b36:000c] type 01 class 0x060400 PCIe Root Port
Oct 10 09:56:24 gchopin kernel: [    0.176740] pci 0000:00:03.5: BAR 0 [mem 0xfea22000-0xfea22fff]
Oct 10 09:56:24 gchopin kernel: [    0.178021] pci 0000:00:03.5: PCI bridge to [bus 0e]
Oct 10 09:56:24 gchopin kernel: [    0.178169] pci 0000:00:03.5:   bridge window [mem 0xfce00000-0xfcffffff]
Oct 10 09:56:24 gchopin kernel: [    0.178596] pci 0000:00:03.5:   bridge window [mem 0xfb000000-0xfb1fffff 64bit pref]
Oct 10 09:56:24 gchopin kernel: [    0.179203] pci 0000:00:1b.0: [8086:293e] type 00 class 0x040300 conventional PCI endpoint
Oct 10 09:56:24 gchopin kernel: [    0.179758] pci 0000:00:1b.0: BAR 0 [mem 0xfea10000-0xfea13fff]
Oct 10 09:56:24 gchopin kernel: [    0.182322] pci 0000:00:1f.0: [8086:2918] type 00 class 0x060100 conventional PCI endpoint
Oct 10 09:56:24 gchopin kernel: [    0.182623] pci 0000:00:1f.0: quirk: [io  0x0600-0x067f] claimed by ICH6 ACPI/GPIO/TCO
Oct 10 09:56:24 gchopin kernel: [    0.182918] pci 0000:00:1f.2: [8086:2922] type 00 class 0x010601 conventional PCI endpoint
Oct 10 09:56:24 gchopin kernel: [    0.185195] pci 0000:00:1f.2: BAR 4 [io  0xc040-0xc05f]
Oct 10 09:56:24 gchopin kernel: [    0.185698] pci 0000:00:1f.2: BAR 5 [mem 0xfea23000-0xfea23fff]
Oct 10 09:56:24 gchopin kernel: [    0.186514] pci 0000:00:1f.3: [8086:2930] type 00 class 0x0c0500 conventional PCI endpoint
Oct 10 09:56:24 gchopin kernel: [    0.188105] pci 0000:00:1f.3: BAR 4 [io  0x0700-0x073f]
Oct 10 09:56:24 gchopin kernel: [    0.189114] pci 0000:01:00.0: [1af4:1041] type 00 class 0x020000 PCIe Endpoint
Oct 10 09:56:24 gchopin kernel: [    0.190429] pci 0000:01:00.0: BAR 1 [mem 0xfe880000-0xfe880fff]
Oct 10 09:56:24 gchopin kernel: [    0.193002] pci 0000:01:00.0: BAR 4 [mem 0xfca00000-0xfca03fff 64bit pref]
Oct 10 09:56:24 gchopin kernel: [    0.193706] pci 0000:01:00.0: ROM [mem 0xfe800000-0xfe87ffff pref]
Oct 10 09:56:24 gchopin kernel: [    0.194497] pci 0000:00:02.0: PCI bridge to [bus 01]
Oct 10 09:56:24 gchopin kernel: [    0.195097] pci 0000:02:00.0: [1b36:000d] type 00 class 0x0c0330 PCIe Endpoint
Oct 10 09:56:24 gchopin kernel: [    0.195571] pci 0000:02:00.0: BAR 0 [mem 0xfe600000-0xfe603fff 64bit]
Oct 10 09:56:24 gchopin kernel: [    0.197389] pci 0000:00:02.1: PCI bridge to [bus 02]
Oct 10 09:56:24 gchopin kernel: [    0.197906] pci 0000:03:00.0: [1af4:1043] type 00 class 0x078000 PCIe Endpoint
Oct 10 09:56:24 gchopin kernel: [    0.198976] pci 0000:03:00.0: BAR 1 [mem 0xfe400000-0xfe400fff]
Oct 10 09:56:24 gchopin kernel: [    0.201986] pci 0000:03:00.0: BAR 4 [mem 0xfc600000-0xfc603fff 64bit pref]
Oct 10 09:56:24 gchopin kernel: [    0.203365] pci 0000:00:02.2: PCI bridge to [bus 03]
Oct 10 09:56:24 gchopin kernel: [    0.203928] pci 0000:04:00.0: [1af4:1042] type 00 class 0x010000 PCIe Endpoint
Oct 10 09:56:24 gchopin kernel: [    0.205296] pci 0000:04:00.0: BAR 1 [mem 0xfe200000-0xfe200fff]
Oct 10 09:56:24 gchopin kernel: [    0.207006] pci 0000:04:00.0: BAR 4 [mem 0xfc400000-0xfc403fff 64bit pref]
Oct 10 09:56:24 gchopin kernel: [    0.208333] pci 0000:00:02.3: PCI bridge to [bus 04]
Oct 10 09:56:24 gchopin kernel: [    0.208911] pci 0000:05:00.0: [1af4:1045] type 00 class 0x00ff00 PCIe Endpoint
Oct 10 09:56:24 gchopin kernel: [    0.210429] pci 0000:05:00.0: BAR 4 [mem 0xfc200000-0xfc203fff 64bit pref]
Oct 10 09:56:24 gchopin kernel: [    0.212345] pci 0000:00:02.4: PCI bridge to [bus 05]
Oct 10 09:56:24 gchopin kernel: [    0.212909] pci 0000:06:00.0: [1af4:1044] type 00 class 0x00ff00 PCIe Endpoint
Oct 10 09:56:24 gchopin kernel: [    0.214441] pci 0000:06:00.0: BAR 4 [mem 0xfc000000-0xfc003fff 64bit pref]
Oct 10 09:56:24 gchopin kernel: [    0.215447] pci 0000:00:02.5: PCI bridge to [bus 06]
Oct 10 09:56:24 gchopin kernel: [    0.215981] pci 0000:00:02.6: PCI bridge to [bus 07]
Oct 10 09:56:24 gchopin kernel: [    0.216500] pci 0000:00:02.7: PCI bridge to [bus 08]
Oct 10 09:56:24 gchopin kernel: [    0.217024] pci 0000:00:03.0: PCI bridge to [bus 09]
Oct 10 09:56:24 gchopin kernel: [    0.217497] pci 0000:00:03.1: PCI bridge to [bus 0a]
Oct 10 09:56:24 gchopin kernel: [    0.218508] pci 0000:00:03.2: PCI bridge to [bus 0b]
Oct 10 09:56:24 gchopin kernel: [    0.219088] pci 0000:00:03.3: PCI bridge to [bus 0c]
Oct 10 09:56:24 gchopin kernel: [    0.219501] pci 0000:00:03.4: PCI bridge to [bus 0d]
Oct 10 09:56:24 gchopin kernel: [    0.220042] pci 0000:00:03.5: PCI bridge to [bus 0e]
Oct 10 09:56:24 gchopin kernel: [    0.225171] ACPI: PCI: Interrupt link LNKA configured for IRQ 10
Oct 10 09:56:24 gchopin kernel: [    0.225352] ACPI: PCI: Interrupt link LNKB configured for IRQ 10
Oct 10 09:56:24 gchopin kernel: [    0.225458] ACPI: PCI: Interrupt link LNKC configured for IRQ 11
Oct 10 09:56:24 gchopin kernel: [    0.225626] ACPI: PCI: Interrupt link LNKD configured for IRQ 11
Oct 10 09:56:24 gchopin kernel: [    0.225791] ACPI: PCI: Interrupt link LNKE configured for IRQ 10
Oct 10 09:56:24 gchopin kernel: [    0.225956] ACPI: PCI: Interrupt link LNKF configured for IRQ 10
Oct 10 09:56:24 gchopin kernel: [    0.226119] ACPI: PCI: Interrupt link LNKG configured for IRQ 11
Oct 10 09:56:24 gchopin kernel: [    0.226283] ACPI: PCI: Interrupt link LNKH configured for IRQ 11
Oct 10 09:56:24 gchopin kernel: [    0.226437] ACPI: PCI: Interrupt link GSIA configured for IRQ 16
Oct 10 09:56:24 gchopin kernel: [    0.226581] ACPI: PCI: Interrupt link GSIB configured for IRQ 17
Oct 10 09:56:24 gchopin kernel: [    0.226723] ACPI: PCI: Interrupt link GSIC configured for IRQ 18
Oct 10 09:56:24 gchopin kernel: [    0.226867] ACPI: PCI: Interrupt link GSID configured for IRQ 19
Oct 10 09:56:24 gchopin kernel: [    0.227009] ACPI: PCI: Interrupt link GSIE configured for IRQ 20
Oct 10 09:56:24 gchopin kernel: [    0.227149] ACPI: PCI: Interrupt link GSIF configured for IRQ 21
Oct 10 09:56:24 gchopin kernel: [    0.227290] ACPI: PCI: Interrupt link GSIG configured for IRQ 22
Oct 10 09:56:24 gchopin kernel: [    0.227431] ACPI: PCI: Interrupt link GSIH configured for IRQ 23
Oct 10 09:56:24 gchopin kernel: [    0.227705] iommu: Default domain type: Translated
Oct 10 09:56:24 gchopin kernel: [    0.227831] iommu: DMA domain TLB invalidation policy: lazy mode
Oct 10 09:56:24 gchopin kernel: [    0.228015] SCSI subsystem initialized
Oct 10 09:56:24 gchopin kernel: [    0.228136] libata version 3.00 loaded.
Oct 10 09:56:24 gchopin kernel: [    0.228136] ACPI: bus type USB registered
Oct 10 09:56:24 gchopin kernel: [    0.228432] usbcore: registered new interface driver usbfs
Oct 10 09:56:24 gchopin kernel: [    0.228567] usbcore: registered new interface driver hub
Oct 10 09:56:24 gchopin kernel: [    0.228702] usbcore: registered new device driver usb
Oct 10 09:56:24 gchopin kernel: [    0.228838] pps_core: LinuxPPS API ver. 1 registered
Oct 10 09:56:24 gchopin kernel: [    0.228962] pps_core: Software ver. 5.3.6 - Copyright 2005-2007 Rodolfo Giometti <giometti@linux.it>
Oct 10 09:56:24 gchopin kernel: [    0.229174] PTP clock support registered
Oct 10 09:56:24 gchopin kernel: [    0.229455] Advanced Linux Sound Architecture Driver Initialized.
Oct 10 09:56:24 gchopin kernel: [    0.229726] NetLabel: Initializing
Oct 10 09:56:24 gchopin kernel: [    0.229828] NetLabel:  domain hash size = 128
Oct 10 09:56:24 gchopin kernel: [    0.229946] NetLabel:  protocols = UNLABELED CIPSOv4 CALIPSO
Oct 10 09:56:24 gchopin kernel: [    0.230089] NetLabel:  unlabeled traffic allowed by default
Oct 10 09:56:24 gchopin kernel: [    0.230235] PCI: Using ACPI for IRQ routing
Oct 10 09:56:24 gchopin kernel: [    0.256186] PCI: pci_cache_line_size set to 64 bytes
Oct 10 09:56:24 gchopin kernel: [    0.256368] e820: reserve RAM buffer [mem 0x0009fc00-0x0009ffff]
Oct 10 09:56:24 gchopin kernel: [    0.256370] e820: reserve RAM buffer [mem 0x7ffdc000-0x7fffffff]
Oct 10 09:56:24 gchopin kernel: [    0.256391] pci 0000:00:01.0: vgaarb: setting as boot VGA device
Oct 10 09:56:24 gchopin kernel: [    0.256391] pci 0000:00:01.0: vgaarb: bridge control possible
Oct 10 09:56:24 gchopin kernel: [    0.256391] pci 0000:00:01.0: vgaarb: VGA device added: decodes=io+mem,owns=io+mem,locks=none
Oct 10 09:56:24 gchopin kernel: [    0.256431] vgaarb: loaded
Oct 10 09:56:24 gchopin kernel: [    0.256601] clocksource: Switched to clocksource kvm-clock
Oct 10 09:56:24 gchopin kernel: [    0.256833] VFS: Disk quotas dquot_6.6.0
Oct 10 09:56:24 gchopin kernel: [    0.256948] VFS: Dquot-cache hash table entries: 512 (order 0, 4096 bytes)
Oct 10 09:56:24 gchopin kernel: [    0.257145] pnp: PnP ACPI init
Oct 10 09:56:24 gchopin kernel: [    0.257316] system 00:04: [mem 0xb0000000-0xbfffffff window] has been reserved
Oct 10 09:56:24 gchopin kernel: [    0.257404] pnp: PnP ACPI: found 5 devices
Oct 10 09:56:24 gchopin kernel: [    0.263778] clocksource: acpi_pm: mask: 0xffffff max_cycles: 0xffffff, max_idle_ns: 2085701024 ns
Oct 10 09:56:24 gchopin kernel: [    0.263994] NET: Registered PF_INET protocol family
Oct 10 09:56:24 gchopin kernel: [    0.264798] IP idents hash table entries: 262144 (order: 9, 2097152 bytes, linear)
Oct 10 09:56:24 gchopin kernel: [    0.266244] psi: inconsistent task state! task=10:kworker/0:1 cpu=0 psi_flags=4 clear=0 set=4
Oct 10 09:56:24 gchopin kernel: [    0.266294] tcp_listen_portaddr_hash hash table entries: 8192 (order: 5, 131072 bytes, linear)
Oct 10 09:56:24 gchopin kernel: [    0.266726] Table-perturb hash table entries: 65536 (order: 6, 262144 bytes, linear)
Oct 10 09:56:24 gchopin kernel: [    0.266920] TCP established hash table entries: 131072 (order: 8, 1048576 bytes, linear)
Oct 10 09:56:24 gchopin kernel: [    0.317792] TCP bind hash table entries: 65536 (order: 9, 2097152 bytes, linear)
Oct 10 09:56:24 gchopin kernel: [    0.318599] TCP: Hash tables configured (established 131072 bind 65536)
Oct 10 09:56:24 gchopin kernel: [    0.318978] MPTCP token hash table entries: 16384 (order: 6, 393216 bytes, linear)
Oct 10 09:56:24 gchopin kernel: [    0.319174] UDP hash table entries: 8192 (order: 6, 262144 bytes, linear)
Oct 10 09:56:24 gchopin kernel: [    0.319402] UDP-Lite hash table entries: 8192 (order: 6, 262144 bytes, linear)
Oct 10 09:56:24 gchopin kernel: [    0.319695] NET: Registered PF_UNIX/PF_LOCAL protocol family
Oct 10 09:56:24 gchopin kernel: [    0.320622] RPC: Registered named UNIX socket transport module.
Oct 10 09:56:24 gchopin kernel: [    0.320764] RPC: Registered udp transport module.
Oct 10 09:56:24 gchopin kernel: [    0.320884] RPC: Registered tcp transport module.
Oct 10 09:56:24 gchopin kernel: [    0.321001] RPC: Registered tcp-with-tls transport module.
Oct 10 09:56:24 gchopin kernel: [    0.321130] RPC: Registered tcp NFSv4.1 backchannel transport module.
Oct 10 09:56:24 gchopin kernel: [    0.321275] pci 0000:00:02.0: bridge window [io  0x1000-0x0fff] to [bus 01] add_size 1000
Oct 10 09:56:24 gchopin kernel: [    0.321469] pci 0000:00:02.1: bridge window [io  0x1000-0x0fff] to [bus 02] add_size 1000
Oct 10 09:56:24 gchopin kernel: [    0.321661] pci 0000:00:02.2: bridge window [io  0x1000-0x0fff] to [bus 03] add_size 1000
Oct 10 09:56:24 gchopin kernel: [    0.321854] pci 0000:00:02.3: bridge window [io  0x1000-0x0fff] to [bus 04] add_size 1000
Oct 10 09:56:24 gchopin kernel: [    0.322042] pci 0000:00:02.4: bridge window [io  0x1000-0x0fff] to [bus 05] add_size 1000
Oct 10 09:56:24 gchopin kernel: [    0.322235] pci 0000:00:02.5: bridge window [io  0x1000-0x0fff] to [bus 06] add_size 1000
Oct 10 09:56:24 gchopin kernel: [    0.322423] pci 0000:00:02.6: bridge window [io  0x1000-0x0fff] to [bus 07] add_size 1000
Oct 10 09:56:24 gchopin kernel: [    0.322631] pci 0000:00:02.7: bridge window [io  0x1000-0x0fff] to [bus 08] add_size 1000
Oct 10 09:56:24 gchopin kernel: [    0.322819] pci 0000:00:03.0: bridge window [io  0x1000-0x0fff] to [bus 09] add_size 1000
Oct 10 09:56:24 gchopin kernel: [    0.323012] pci 0000:00:03.1: bridge window [io  0x1000-0x0fff] to [bus 0a] add_size 1000
Oct 10 09:56:24 gchopin kernel: [    0.323200] pci 0000:00:03.2: bridge window [io  0x1000-0x0fff] to [bus 0b] add_size 1000
Oct 10 09:56:24 gchopin kernel: [    0.323401] pci 0000:00:03.3: bridge window [io  0x1000-0x0fff] to [bus 0c] add_size 1000
Oct 10 09:56:24 gchopin kernel: [    0.323598] pci 0000:00:03.4: bridge window [io  0x1000-0x0fff] to [bus 0d] add_size 1000
Oct 10 09:56:24 gchopin kernel: [    0.323795] pci 0000:00:03.5: bridge window [io  0x1000-0x0fff] to [bus 0e] add_size 1000
Oct 10 09:56:24 gchopin kernel: [    0.323988] pci 0000:00:02.0: bridge window [io  0x1000-0x1fff]: assigned
Oct 10 09:56:24 gchopin kernel: [    0.324143] pci 0000:00:02.1: bridge window [io  0x2000-0x2fff]: assigned
Oct 10 09:56:24 gchopin kernel: [    0.324296] pci 0000:00:02.2: bridge window [io  0x3000-0x3fff]: assigned
Oct 10 09:56:24 gchopin kernel: [    0.324447] pci 0000:00:02.3: bridge window [io  0x4000-0x4fff]: assigned
Oct 10 09:56:24 gchopin kernel: [    0.324597] pci 0000:00:02.4: bridge window [io  0x5000-0x5fff]: assigned
Oct 10 09:56:24 gchopin kernel: [    0.324743] pci 0000:00:02.5: bridge window [io  0x6000-0x6fff]: assigned
Oct 10 09:56:24 gchopin kernel: [    0.324889] pci 0000:00:02.6: bridge window [io  0x7000-0x7fff]: assigned
Oct 10 09:56:24 gchopin kernel: [    0.325036] pci 0000:00:02.7: bridge window [io  0x8000-0x8fff]: assigned
Oct 10 09:56:24 gchopin kernel: [    0.325181] pci 0000:00:03.0: bridge window [io  0x9000-0x9fff]: assigned
Oct 10 09:56:24 gchopin kernel: [    0.325330] pci 0000:00:03.1: bridge window [io  0xa000-0xafff]: assigned
Oct 10 09:56:24 gchopin kernel: [    0.325478] pci 0000:00:03.2: bridge window [io  0xb000-0xbfff]: assigned
Oct 10 09:56:24 gchopin kernel: [    0.325628] pci 0000:00:03.3: bridge window [io  0xd000-0xdfff]: assigned
Oct 10 09:56:24 gchopin kernel: [    0.325777] pci 0000:00:03.4: bridge window [io  0xe000-0xefff]: assigned
Oct 10 09:56:24 gchopin kernel: [    0.325925] pci 0000:00:03.5: bridge window [io  0xf000-0xffff]: assigned
Oct 10 09:56:24 gchopin kernel: [    0.326073] pci 0000:00:02.0: PCI bridge to [bus 01]
Oct 10 09:56:24 gchopin kernel: [    0.326199] pci 0000:00:02.0:   bridge window [io  0x1000-0x1fff]
Oct 10 09:56:24 gchopin kernel: [    0.330578] pci 0000:00:02.0:   bridge window [mem 0xfe800000-0xfe9fffff]
Oct 10 09:56:24 gchopin kernel: [    0.331256] pci 0000:00:02.0:   bridge window [mem 0xfca00000-0xfcbfffff 64bit pref]
Oct 10 09:56:24 gchopin kernel: [    0.332490] pci 0000:00:02.1: PCI bridge to [bus 02]
Oct 10 09:56:24 gchopin kernel: [    0.332622] pci 0000:00:02.1:   bridge window [io  0x2000-0x2fff]
Oct 10 09:56:24 gchopin kernel: [    0.333549] pci 0000:00:02.1:   bridge window [mem 0xfe600000-0xfe7fffff]
Oct 10 09:56:24 gchopin kernel: [    0.334230] pci 0000:00:02.1:   bridge window [mem 0xfc800000-0xfc9fffff 64bit pref]
Oct 10 09:56:24 gchopin kernel: [    0.335445] pci 0000:00:02.2: PCI bridge to [bus 03]
Oct 10 09:56:24 gchopin kernel: [    0.336039] pci 0000:00:02.2:   bridge window [io  0x3000-0x3fff]
Oct 10 09:56:24 gchopin kernel: [    0.337066] pci 0000:00:02.2:   bridge window [mem 0xfe400000-0xfe5fffff]
Oct 10 09:56:24 gchopin kernel: [    0.337750] pci 0000:00:02.2:   bridge window [mem 0xfc600000-0xfc7fffff 64bit pref]
Oct 10 09:56:24 gchopin kernel: [    0.339065] pci 0000:00:02.3: PCI bridge to [bus 04]
Oct 10 09:56:24 gchopin kernel: [    0.339206] pci 0000:00:02.3:   bridge window [io  0x4000-0x4fff]
Oct 10 09:56:24 gchopin kernel: [    0.340148] pci 0000:00:02.3:   bridge window [mem 0xfe200000-0xfe3fffff]
Oct 10 09:56:24 gchopin kernel: [    0.341930] pci 0000:00:02.3:   bridge window [mem 0xfc400000-0xfc5fffff 64bit pref]
Oct 10 09:56:24 gchopin kernel: [    0.342749] pci 0000:00:02.4: PCI bridge to [bus 05]
Oct 10 09:56:24 gchopin kernel: [    0.342877] pci 0000:00:02.4:   bridge window [io  0x5000-0x5fff]
Oct 10 09:56:24 gchopin kernel: [    0.343514] pci 0000:00:02.4:   bridge window [mem 0xfe000000-0xfe1fffff]
Oct 10 09:56:24 gchopin kernel: [    0.343963] pci 0000:00:02.4:   bridge window [mem 0xfc200000-0xfc3fffff 64bit pref]
Oct 10 09:56:24 gchopin kernel: [    0.344803] pci 0000:00:02.5: PCI bridge to [bus 06]
Oct 10 09:56:24 gchopin kernel: [    0.344932] pci 0000:00:02.5:   bridge window [io  0x6000-0x6fff]
Oct 10 09:56:24 gchopin kernel: [    0.345669] pci 0000:00:02.5:   bridge window [mem 0xfde00000-0xfdffffff]
Oct 10 09:56:24 gchopin kernel: [    0.346168] pci 0000:00:02.5:   bridge window [mem 0xfc000000-0xfc1fffff 64bit pref]
Oct 10 09:56:24 gchopin kernel: [    0.347126] pci 0000:00:02.6: PCI bridge to [bus 07]
Oct 10 09:56:24 gchopin kernel: [    0.347256] pci 0000:00:02.6:   bridge window [io  0x7000-0x7fff]
Oct 10 09:56:24 gchopin kernel: [    0.347879] pci 0000:00:02.6:   bridge window [mem 0xfdc00000-0xfddfffff]
Oct 10 09:56:24 gchopin kernel: [    0.348371] pci 0000:00:02.6:   bridge window [mem 0xfbe00000-0xfbffffff 64bit pref]
Oct 10 09:56:24 gchopin kernel: [    0.349528] pci 0000:00:02.7: PCI bridge to [bus 08]
Oct 10 09:56:24 gchopin kernel: [    0.349658] pci 0000:00:02.7:   bridge window [io  0x8000-0x8fff]
Oct 10 09:56:24 gchopin kernel: [    0.350605] pci 0000:00:02.7:   bridge window [mem 0xfda00000-0xfdbfffff]
Oct 10 09:56:24 gchopin kernel: [    0.351292] pci 0000:00:02.7:   bridge window [mem 0xfbc00000-0xfbdfffff 64bit pref]
Oct 10 09:56:24 gchopin kernel: [    0.353729] pci 0000:00:03.0: PCI bridge to [bus 09]
Oct 10 09:56:24 gchopin kernel: [    0.353862] pci 0000:00:03.0:   bridge window [io  0x9000-0x9fff]
Oct 10 09:56:24 gchopin kernel: [    0.354437] pci 0000:00:03.0:   bridge window [mem 0xfd800000-0xfd9fffff]
Oct 10 09:56:24 gchopin kernel: [    0.354898] pci 0000:00:03.0:   bridge window [mem 0xfba00000-0xfbbfffff 64bit pref]
Oct 10 09:56:24 gchopin kernel: [    0.355686] pci 0000:00:03.1: PCI bridge to [bus 0a]
Oct 10 09:56:24 gchopin kernel: [    0.355813] pci 0000:00:03.1:   bridge window [io  0xa000-0xafff]
Oct 10 09:56:24 gchopin kernel: [    0.356417] pci 0000:00:03.1:   bridge window [mem 0xfd600000-0xfd7fffff]
Oct 10 09:56:24 gchopin kernel: [    0.356857] pci 0000:00:03.1:   bridge window [mem 0xfb800000-0xfb9fffff 64bit pref]
Oct 10 09:56:24 gchopin kernel: [    0.357632] pci 0000:00:03.2: PCI bridge to [bus 0b]
Oct 10 09:56:24 gchopin kernel: [    0.357767] pci 0000:00:03.2:   bridge window [io  0xb000-0xbfff]
Oct 10 09:56:24 gchopin kernel: [    0.358327] pci 0000:00:03.2:   bridge window [mem 0xfd400000-0xfd5fffff]
Oct 10 09:56:24 gchopin kernel: [    0.358795] pci 0000:00:03.2:   bridge window [mem 0xfb600000-0xfb7fffff 64bit pref]
Oct 10 09:56:24 gchopin kernel: [    0.359558] pci 0000:00:03.3: PCI bridge to [bus 0c]
Oct 10 09:56:24 gchopin kernel: [    0.359689] pci 0000:00:03.3:   bridge window [io  0xd000-0xdfff]
Oct 10 09:56:24 gchopin kernel: [    0.360310] pci 0000:00:03.3:   bridge window [mem 0xfd200000-0xfd3fffff]
Oct 10 09:56:24 gchopin kernel: [    0.360777] pci 0000:00:03.3:   bridge window [mem 0xfb400000-0xfb5fffff 64bit pref]
Oct 10 09:56:24 gchopin kernel: [    0.361645] pci 0000:00:03.4: PCI bridge to [bus 0d]
Oct 10 09:56:24 gchopin kernel: [    0.361779] pci 0000:00:03.4:   bridge window [io  0xe000-0xefff]
Oct 10 09:56:24 gchopin kernel: [    0.362692] pci 0000:00:03.4:   bridge window [mem 0xfd000000-0xfd1fffff]
Oct 10 09:56:24 gchopin kernel: [    0.363363] pci 0000:00:03.4:   bridge window [mem 0xfb200000-0xfb3fffff 64bit pref]
Oct 10 09:56:24 gchopin kernel: [    0.365813] pci 0000:00:03.5: PCI bridge to [bus 0e]
Oct 10 09:56:24 gchopin kernel: [    0.366466] pci 0000:00:03.5:   bridge window [io  0xf000-0xffff]
Oct 10 09:56:24 gchopin kernel: [    0.367158] pci 0000:00:03.5:   bridge window [mem 0xfce00000-0xfcffffff]
Oct 10 09:56:24 gchopin kernel: [    0.367629] pci 0000:00:03.5:   bridge window [mem 0xfb000000-0xfb1fffff 64bit pref]
Oct 10 09:56:24 gchopin kernel: [    0.368417] pci_bus 0000:00: resource 4 [io  0x0000-0x0cf7 window]
Oct 10 09:56:24 gchopin kernel: [    0.368559] pci_bus 0000:00: resource 5 [io  0x0d00-0xffff window]
Oct 10 09:56:24 gchopin kernel: [    0.368703] pci_bus 0000:00: resource 6 [mem 0x000a0000-0x000bffff window]
Oct 10 09:56:24 gchopin kernel: [    0.368853] pci_bus 0000:00: resource 7 [mem 0x80000000-0xafffffff window]
Oct 10 09:56:24 gchopin kernel: [    0.369002] pci_bus 0000:00: resource 8 [mem 0xc0000000-0xfebfffff window]
Oct 10 09:56:24 gchopin kernel: [    0.369152] pci_bus 0000:00: resource 9 [mem 0x300000000-0xaffffffff window]
Oct 10 09:56:24 gchopin kernel: [    0.369304] pci_bus 0000:01: resource 0 [io  0x1000-0x1fff]
Oct 10 09:56:24 gchopin kernel: [    0.369435] pci_bus 0000:01: resource 1 [mem 0xfe800000-0xfe9fffff]
Oct 10 09:56:24 gchopin kernel: [    0.369574] pci_bus 0000:01: resource 2 [mem 0xfca00000-0xfcbfffff 64bit pref]
Oct 10 09:56:24 gchopin kernel: [    0.369753] pci_bus 0000:02: resource 0 [io  0x2000-0x2fff]
Oct 10 09:56:24 gchopin kernel: [    0.369885] pci_bus 0000:02: resource 1 [mem 0xfe600000-0xfe7fffff]
Oct 10 09:56:24 gchopin kernel: [    0.370027] pci_bus 0000:02: resource 2 [mem 0xfc800000-0xfc9fffff 64bit pref]
Oct 10 09:56:24 gchopin kernel: [    0.370201] pci_bus 0000:03: resource 0 [io  0x3000-0x3fff]
Oct 10 09:56:24 gchopin kernel: [    0.370333] pci_bus 0000:03: resource 1 [mem 0xfe400000-0xfe5fffff]
Oct 10 09:56:24 gchopin kernel: [    0.370475] pci_bus 0000:03: resource 2 [mem 0xfc600000-0xfc7fffff 64bit pref]
Oct 10 09:56:24 gchopin kernel: [    0.370656] pci_bus 0000:04: resource 0 [io  0x4000-0x4fff]
Oct 10 09:56:24 gchopin kernel: [    0.370788] pci_bus 0000:04: resource 1 [mem 0xfe200000-0xfe3fffff]
Oct 10 09:56:24 gchopin kernel: [    0.370929] pci_bus 0000:04: resource 2 [mem 0xfc400000-0xfc5fffff 64bit pref]
Oct 10 09:56:24 gchopin kernel: [    0.371106] pci_bus 0000:05: resource 0 [io  0x5000-0x5fff]
Oct 10 09:56:24 gchopin kernel: [    0.371236] pci_bus 0000:05: resource 1 [mem 0xfe000000-0xfe1fffff]
Oct 10 09:56:24 gchopin kernel: [    0.371377] pci_bus 0000:05: resource 2 [mem 0xfc200000-0xfc3fffff 64bit pref]
Oct 10 09:56:24 gchopin kernel: [    0.371556] pci_bus 0000:06: resource 0 [io  0x6000-0x6fff]
Oct 10 09:56:24 gchopin kernel: [    0.371688] pci_bus 0000:06: resource 1 [mem 0xfde00000-0xfdffffff]
Oct 10 09:56:24 gchopin kernel: [    0.371829] pci_bus 0000:06: resource 2 [mem 0xfc000000-0xfc1fffff 64bit pref]
Oct 10 09:56:24 gchopin kernel: [    0.372007] pci_bus 0000:07: resource 0 [io  0x7000-0x7fff]
Oct 10 09:56:24 gchopin kernel: [    0.372141] pci_bus 0000:07: resource 1 [mem 0xfdc00000-0xfddfffff]
Oct 10 09:56:24 gchopin kernel: [    0.372283] pci_bus 0000:07: resource 2 [mem 0xfbe00000-0xfbffffff 64bit pref]
Oct 10 09:56:24 gchopin kernel: [    0.372462] pci_bus 0000:08: resource 0 [io  0x8000-0x8fff]
Oct 10 09:56:24 gchopin kernel: [    0.372593] pci_bus 0000:08: resource 1 [mem 0xfda00000-0xfdbfffff]
Oct 10 09:56:24 gchopin kernel: [    0.372735] pci_bus 0000:08: resource 2 [mem 0xfbc00000-0xfbdfffff 64bit pref]
Oct 10 09:56:24 gchopin kernel: [    0.372909] pci_bus 0000:09: resource 0 [io  0x9000-0x9fff]
Oct 10 09:56:24 gchopin kernel: [    0.373041] pci_bus 0000:09: resource 1 [mem 0xfd800000-0xfd9fffff]
Oct 10 09:56:24 gchopin kernel: [    0.373180] pci_bus 0000:09: resource 2 [mem 0xfba00000-0xfbbfffff 64bit pref]
Oct 10 09:56:24 gchopin kernel: [    0.373354] pci_bus 0000:0a: resource 0 [io  0xa000-0xafff]
Oct 10 09:56:24 gchopin kernel: [    0.373486] pci_bus 0000:0a: resource 1 [mem 0xfd600000-0xfd7fffff]
Oct 10 09:56:24 gchopin kernel: [    0.373629] pci_bus 0000:0a: resource 2 [mem 0xfb800000-0xfb9fffff 64bit pref]
Oct 10 09:56:24 gchopin kernel: [    0.373803] pci_bus 0000:0b: resource 0 [io  0xb000-0xbfff]
Oct 10 09:56:24 gchopin kernel: [    0.373935] pci_bus 0000:0b: resource 1 [mem 0xfd400000-0xfd5fffff]
Oct 10 09:56:24 gchopin kernel: [    0.374076] pci_bus 0000:0b: resource 2 [mem 0xfb600000-0xfb7fffff 64bit pref]
Oct 10 09:56:24 gchopin kernel: [    0.374253] pci_bus 0000:0c: resource 0 [io  0xd000-0xdfff]
Oct 10 09:56:24 gchopin kernel: [    0.374393] pci_bus 0000:0c: resource 1 [mem 0xfd200000-0xfd3fffff]
Oct 10 09:56:24 gchopin kernel: [    0.374534] pci_bus 0000:0c: resource 2 [mem 0xfb400000-0xfb5fffff 64bit pref]
Oct 10 09:56:24 gchopin kernel: [    0.374714] pci_bus 0000:0d: resource 0 [io  0xe000-0xefff]
Oct 10 09:56:24 gchopin kernel: [    0.374844] pci_bus 0000:0d: resource 1 [mem 0xfd000000-0xfd1fffff]
Oct 10 09:56:24 gchopin kernel: [    0.375245] pci_bus 0000:0d: resource 2 [mem 0xfb200000-0xfb3fffff 64bit pref]
Oct 10 09:56:24 gchopin kernel: [    0.375422] pci_bus 0000:0e: resource 0 [io  0xf000-0xffff]
Oct 10 09:56:24 gchopin kernel: [    0.375552] pci_bus 0000:0e: resource 1 [mem 0xfce00000-0xfcffffff]
Oct 10 09:56:24 gchopin kernel: [    0.375693] pci_bus 0000:0e: resource 2 [mem 0xfb000000-0xfb1fffff 64bit pref]
Oct 10 09:56:24 gchopin kernel: [    0.376084] ACPI: \_SB_.GSIG: Enabled at IRQ 22
Oct 10 09:56:24 gchopin kernel: [    0.376890] PCI: CLS 0 bytes, default 64
Oct 10 09:56:24 gchopin kernel: [    0.377024] PCI-DMA: Using software bounce buffering for IO (SWIOTLB)
Oct 10 09:56:24 gchopin kernel: [    0.377167] software IO TLB: mapped [mem 0x000000007bfdc000-0x000000007ffdc000] (64MB)
Oct 10 09:56:24 gchopin kernel: [    0.377788] RAPL PMU: API unit is 2^-32 Joules, 0 fixed counters, 10737418240 ms ovfl timer
Oct 10 09:56:24 gchopin kernel: [    0.377998] clocksource: tsc: mask: 0xffffffffffffffff max_cycles: 0x1e71785e5dd, max_idle_ns: 440795244814 ns
Oct 10 09:56:24 gchopin kernel: [    0.379724] Initialise system trusted keyrings
Oct 10 09:56:24 gchopin kernel: [    0.379942] workingset: timestamp_bits=40 max_order=22 bucket_order=0
Oct 10 09:56:24 gchopin kernel: [    0.380235] NFS: Registering the id_resolver key type
Oct 10 09:56:24 gchopin kernel: [    0.380363] Key type id_resolver registered
Oct 10 09:56:24 gchopin kernel: [    0.380476] Key type id_legacy registered
Oct 10 09:56:24 gchopin kernel: [    0.380613] fuse: init (API version 7.41)
Oct 10 09:56:24 gchopin kernel: [    0.380754] 9p: Installing v9fs 9p2000 file system support
Oct 10 09:56:24 gchopin kernel: [    0.385631] NET: Registered PF_ALG protocol family
Oct 10 09:56:24 gchopin kernel: [    0.385779] Key type asymmetric registered
Oct 10 09:56:24 gchopin kernel: [    0.385894] Asymmetric key parser 'x509' registered
Oct 10 09:56:24 gchopin kernel: [    0.386019] Block layer SCSI generic (bsg) driver version 0.4 loaded (major 251)
Oct 10 09:56:24 gchopin kernel: [    0.386201] io scheduler mq-deadline registered
Oct 10 09:56:24 gchopin kernel: [    0.386317] io scheduler kyber registered
Oct 10 09:56:24 gchopin kernel: [    0.387328] pcieport 0000:00:02.0: PME: Signaling with IRQ 24
Oct 10 09:56:24 gchopin kernel: [    0.387872] pcieport 0000:00:02.1: PME: Signaling with IRQ 25
Oct 10 09:56:24 gchopin kernel: [    0.388809] pcieport 0000:00:02.2: PME: Signaling with IRQ 26
Oct 10 09:56:24 gchopin kernel: [    0.389725] pcieport 0000:00:02.3: PME: Signaling with IRQ 27
Oct 10 09:56:24 gchopin kernel: [    0.390621] pcieport 0000:00:02.4: PME: Signaling with IRQ 28
Oct 10 09:56:24 gchopin kernel: [    0.391548] pcieport 0000:00:02.5: PME: Signaling with IRQ 29
Oct 10 09:56:24 gchopin kernel: [    0.392450] pcieport 0000:00:02.6: PME: Signaling with IRQ 30
Oct 10 09:56:24 gchopin kernel: [    0.393333] pcieport 0000:00:02.7: PME: Signaling with IRQ 31
Oct 10 09:56:24 gchopin kernel: [    0.393667] ACPI: \_SB_.GSIH: Enabled at IRQ 23
Oct 10 09:56:24 gchopin kernel: [    0.394382] pcieport 0000:00:03.0: PME: Signaling with IRQ 32
Oct 10 09:56:24 gchopin kernel: [    0.396249] pcieport 0000:00:03.1: PME: Signaling with IRQ 33
Oct 10 09:56:24 gchopin kernel: [    0.398410] pcieport 0000:00:03.2: PME: Signaling with IRQ 34
Oct 10 09:56:24 gchopin kernel: [    0.399325] pcieport 0000:00:03.3: PME: Signaling with IRQ 35
Oct 10 09:56:24 gchopin kernel: [    0.400241] pcieport 0000:00:03.4: PME: Signaling with IRQ 36
Oct 10 09:56:24 gchopin kernel: [    0.401150] pcieport 0000:00:03.5: PME: Signaling with IRQ 37
Oct 10 09:56:24 gchopin kernel: [    0.401464] input: Power Button as /devices/LNXSYSTM:00/LNXPWRBN:00/input/input0
Oct 10 09:56:24 gchopin kernel: [    0.401689] ACPI: button: Power Button [PWRF]
Oct 10 09:56:24 gchopin kernel: [    0.402210] ACPI: \_SB_.GSIF: Enabled at IRQ 21
Oct 10 09:56:24 gchopin kernel: [    0.405546] Serial: 8250/16550 driver, 4 ports, IRQ sharing enabled
Oct 10 09:56:24 gchopin kernel: [    0.405764] 00:00: ttyS0 at I/O 0x3f8 (irq = 4, base_baud = 115200) is a 16550A
Oct 10 09:56:24 gchopin kernel: [    0.410848] Non-volatile memory driver v1.3
Oct 10 09:56:24 gchopin kernel: [    0.410979] Linux agpgart interface v0.103
Oct 10 09:56:24 gchopin kernel: [    0.411158] ACPI: bus type drm_connector registered
Oct 10 09:56:24 gchopin kernel: [    0.412415] brd: module loaded
Oct 10 09:56:24 gchopin kernel: [    0.413695] loop: module loaded
Oct 10 09:56:24 gchopin kernel: [    0.417416] virtio_blk virtio3: 4/0/0 default/read/poll queues
Oct 10 09:56:24 gchopin kernel: [    0.418303] virtio_blk virtio3: [vda] 83886080 512-byte logical blocks (42.9 GB/40.0 GiB)
Oct 10 09:56:24 gchopin kernel: [    0.418972]  vda: vda1 vda2 vda3
Oct 10 09:56:24 gchopin kernel: [    0.419195] ahci 0000:00:1f.2: version 3.0
Oct 10 09:56:24 gchopin kernel: [    0.419287] ACPI: \_SB_.GSIA: Enabled at IRQ 16
Oct 10 09:56:24 gchopin kernel: [    0.419750] ahci 0000:00:1f.2: AHCI vers 0001.0000, 32 command slots, 1.5 Gbps, SATA mode
Oct 10 09:56:24 gchopin kernel: [    0.419957] ahci 0000:00:1f.2: 6/6 ports implemented (port mask 0x3f)
Oct 10 09:56:24 gchopin kernel: [    0.420119] ahci 0000:00:1f.2: flags: 64bit ncq only 
Oct 10 09:56:24 gchopin kernel: [    0.420944] scsi host0: ahci
Oct 10 09:56:24 gchopin kernel: [    0.421162] scsi host1: ahci
Oct 10 09:56:24 gchopin kernel: [    0.421404] scsi host2: ahci
Oct 10 09:56:24 gchopin kernel: [    0.421617] scsi host3: ahci
Oct 10 09:56:24 gchopin kernel: [    0.421825] scsi host4: ahci
Oct 10 09:56:24 gchopin kernel: [    0.422029] scsi host5: ahci
Oct 10 09:56:24 gchopin kernel: [    0.422157] ata1: SATA max UDMA/133 abar m4096@0xfea23000 port 0xfea23100 irq 45 lpm-pol 0
Oct 10 09:56:24 gchopin kernel: [    0.422365] ata2: SATA max UDMA/133 abar m4096@0xfea23000 port 0xfea23180 irq 45 lpm-pol 0
Oct 10 09:56:24 gchopin kernel: [    0.422568] ata3: SATA max UDMA/133 abar m4096@0xfea23000 port 0xfea23200 irq 45 lpm-pol 0
Oct 10 09:56:24 gchopin kernel: [    0.422780] ata4: SATA max UDMA/133 abar m4096@0xfea23000 port 0xfea23280 irq 45 lpm-pol 0
Oct 10 09:56:24 gchopin kernel: [    0.422983] ata5: SATA max UDMA/133 abar m4096@0xfea23000 port 0xfea23300 irq 45 lpm-pol 0
Oct 10 09:56:24 gchopin kernel: [    0.423190] ata6: SATA max UDMA/133 abar m4096@0xfea23000 port 0xfea23380 irq 45 lpm-pol 0
Oct 10 09:56:24 gchopin kernel: [    0.424938] e100: Intel(R) PRO/100 Network Driver
Oct 10 09:56:24 gchopin kernel: [    0.425072] e100: Copyright(c) 1999-2006 Intel Corporation
Oct 10 09:56:24 gchopin kernel: [    0.425215] e1000: Intel(R) PRO/1000 Network Driver
Oct 10 09:56:24 gchopin kernel: [    0.425345] e1000: Copyright (c) 1999-2006 Intel Corporation.
Oct 10 09:56:24 gchopin kernel: [    0.425490] e1000e: Intel(R) PRO/1000 Network Driver
Oct 10 09:56:24 gchopin kernel: [    0.425633] e1000e: Copyright(c) 1999 - 2015 Intel Corporation.
Oct 10 09:56:24 gchopin kernel: [    0.425786] sky2: driver version 1.30
Oct 10 09:56:24 gchopin kernel: [    0.426479] xhci_hcd 0000:02:00.0: xHCI Host Controller
Oct 10 09:56:24 gchopin kernel: [    0.426674] xhci_hcd 0000:02:00.0: new USB bus registered, assigned bus number 1
Oct 10 09:56:24 gchopin kernel: [    0.427007] xhci_hcd 0000:02:00.0: hcc params 0x00087001 hci version 0x100 quirks 0x0000000000000010
Oct 10 09:56:24 gchopin kernel: [    0.428657] xhci_hcd 0000:02:00.0: xHCI Host Controller
Oct 10 09:56:24 gchopin kernel: [    0.428857] xhci_hcd 0000:02:00.0: new USB bus registered, assigned bus number 2
Oct 10 09:56:24 gchopin kernel: [    0.429057] xhci_hcd 0000:02:00.0: Host supports USB 3.0 SuperSpeed
Oct 10 09:56:24 gchopin kernel: [    0.429240] usb usb1: New USB device found, idVendor=1d6b, idProduct=0002, bcdDevice= 6.12
Oct 10 09:56:24 gchopin kernel: [    0.429444] usb usb1: New USB device strings: Mfr=3, Product=2, SerialNumber=1
Oct 10 09:56:24 gchopin kernel: [    0.429638] usb usb1: Product: xHCI Host Controller
Oct 10 09:56:24 gchopin kernel: [    0.429767] usb usb1: Manufacturer: Linux 6.12.0-rc2-gchopin-thor_kernel-g55b2e94972be xhci-hcd
Oct 10 09:56:24 gchopin kernel: [    0.429978] usb usb1: SerialNumber: 0000:02:00.0
Oct 10 09:56:24 gchopin kernel: [    0.430199] hub 1-0:1.0: USB hub found
Oct 10 09:56:24 gchopin kernel: [    0.430349] hub 1-0:1.0: 15 ports detected
Oct 10 09:56:24 gchopin kernel: [    0.430743] usb usb2: We don't know the algorithms for LPM for this host, disabling LPM.
Oct 10 09:56:24 gchopin kernel: [    0.430956] usb usb2: New USB device found, idVendor=1d6b, idProduct=0003, bcdDevice= 6.12
Oct 10 09:56:24 gchopin kernel: [    0.431163] usb usb2: New USB device strings: Mfr=3, Product=2, SerialNumber=1
Oct 10 09:56:24 gchopin kernel: [    0.431351] usb usb2: Product: xHCI Host Controller
Oct 10 09:56:24 gchopin kernel: [    0.431481] usb usb2: Manufacturer: Linux 6.12.0-rc2-gchopin-thor_kernel-g55b2e94972be xhci-hcd
Oct 10 09:56:24 gchopin kernel: [    0.431696] usb usb2: SerialNumber: 0000:02:00.0
Oct 10 09:56:24 gchopin kernel: [    0.431857] hub 2-0:1.0: USB hub found
Oct 10 09:56:24 gchopin kernel: [    0.432007] hub 2-0:1.0: 15 ports detected
Oct 10 09:56:24 gchopin kernel: [    0.432424] usbcore: registered new interface driver usblp
Oct 10 09:56:24 gchopin kernel: [    0.432566] usbcore: registered new interface driver usb-storage
Oct 10 09:56:24 gchopin kernel: [    0.432727] i8042: PNP: PS/2 Controller [PNP0303:KBD,PNP0f13:MOU] at 0x60,0x64 irq 1,12
Oct 10 09:56:24 gchopin kernel: [    0.433359] serio: i8042 KBD port at 0x60,0x64 irq 1
Oct 10 09:56:24 gchopin kernel: [    0.433492] serio: i8042 AUX port at 0x60,0x64 irq 12
Oct 10 09:56:24 gchopin kernel: [    0.433673] mousedev: PS/2 mouse device common for all mice
Oct 10 09:56:24 gchopin kernel: [    0.433861] rtc_cmos 00:03: RTC can wake from S4
Oct 10 09:56:24 gchopin kernel: [    0.434216] input: AT Translated Set 2 keyboard as /devices/platform/i8042/serio0/input/input1
Oct 10 09:56:24 gchopin kernel: [    0.434564] rtc_cmos 00:03: registered as rtc0
Oct 10 09:56:24 gchopin kernel: [    0.434719] rtc_cmos 00:03: alarms up to one day, y3k, 242 bytes nvram
Oct 10 09:56:24 gchopin kernel: [    0.435126] i801_smbus 0000:00:1f.3: SMBus using PCI interrupt
Oct 10 09:56:24 gchopin kernel: [    0.435298] i2c i2c-0: Memory type 0x07 not supported yet, not instantiating SPD
Oct 10 09:56:24 gchopin kernel: [    0.435559] device-mapper: ioctl: 4.48.0-ioctl (2023-03-01) initialised: dm-devel@lists.linux.dev
Oct 10 09:56:24 gchopin kernel: [    0.435848] intel_pstate: CPU model not supported
Oct 10 09:56:24 gchopin kernel: [    0.435984] hid: raw HID events driver (C) Jiri Kosina
Oct 10 09:56:24 gchopin kernel: [    0.436176] usbcore: registered new interface driver usbhid
Oct 10 09:56:24 gchopin kernel: [    0.436320] usbhid: USB HID core driver
Oct 10 09:56:24 gchopin kernel: [    0.438098] ipip: IPv4 and MPLS over IPv4 tunneling driver
Oct 10 09:56:24 gchopin kernel: [    0.438353] gre: GRE over IPv4 demultiplexor driver
Oct 10 09:56:24 gchopin kernel: [    0.438486] ip_gre: GRE over IPv4 tunneling driver
Oct 10 09:56:24 gchopin kernel: [    0.438721] Initializing XFRM netlink socket
Oct 10 09:56:24 gchopin kernel: [    0.438851] NET: Registered PF_INET6 protocol family
Oct 10 09:56:24 gchopin kernel: [    0.439321] Segment Routing with IPv6
Oct 10 09:56:24 gchopin kernel: [    0.439438] In-situ OAM (IOAM) with IPv6
Oct 10 09:56:24 gchopin kernel: [    0.439569] sit: IPv6, IPv4 and MPLS over IPv4 tunneling driver
Oct 10 09:56:24 gchopin kernel: [    0.439822] ip6_gre: GRE over IPv6 tunneling driver
Oct 10 09:56:24 gchopin kernel: [    0.440004] NET: Registered PF_PACKET protocol family
Oct 10 09:56:24 gchopin kernel: [    0.440153] 8021q: 802.1Q VLAN Support v1.8
Oct 10 09:56:24 gchopin kernel: [    0.440427] 9pnet: Installing 9P2000 support
Oct 10 09:56:24 gchopin kernel: [    0.440707] Key type dns_resolver registered
Oct 10 09:56:24 gchopin kernel: [    0.441229] snd_hda_intel 0000:00:1b.0: Cannot probe codecs, giving up
Oct 10 09:56:24 gchopin kernel: [    0.441706] IPI shorthand broadcast: enabled
Oct 10 09:56:24 gchopin kernel: [    0.442775] sched_clock: Marking stable (420001625, 22595138)->(547756854, -105160091)
Oct 10 09:56:24 gchopin kernel: [    0.443084] registered taskstats version 1
Oct 10 09:56:24 gchopin kernel: [    0.443210] Loading compiled-in X.509 certificates
Oct 10 09:56:24 gchopin kernel: [    0.444362] Demotion targets for Node 0: null
Oct 10 09:56:24 gchopin kernel: [    0.444530] PM:   Magic number: 12:407:925
Oct 10 09:56:24 gchopin kernel: [    0.444691] printk: legacy console [netcon0] enabled
Oct 10 09:56:24 gchopin kernel: [    0.444827] netconsole: network logging started
Oct 10 09:56:24 gchopin kernel: [    0.445044] ALSA device list:
Oct 10 09:56:24 gchopin kernel: [    0.445149]   No soundcards found.
Oct 10 09:56:24 gchopin kernel: [    0.664604] usb 1-1: new high-speed USB device number 2 using xhci_hcd
Oct 10 09:56:24 gchopin kernel: [    0.737773] ata5: SATA link down (SStatus 0 SControl 300)
Oct 10 09:56:24 gchopin kernel: [    0.738034] ata3: SATA link down (SStatus 0 SControl 300)
Oct 10 09:56:24 gchopin kernel: [    0.738388] ata2: SATA link down (SStatus 0 SControl 300)
Oct 10 09:56:24 gchopin kernel: [    0.738585] ata1: SATA link down (SStatus 0 SControl 300)
Oct 10 09:56:24 gchopin kernel: [    0.738833] ata4: SATA link down (SStatus 0 SControl 300)
Oct 10 09:56:24 gchopin kernel: [    0.739173] ata6: SATA link down (SStatus 0 SControl 300)
Oct 10 09:56:24 gchopin kernel: [    0.788816] usb 1-1: New USB device found, idVendor=0627, idProduct=0001, bcdDevice= 0.00
Oct 10 09:56:24 gchopin kernel: [    0.789019] usb 1-1: New USB device strings: Mfr=1, Product=3, SerialNumber=10
Oct 10 09:56:24 gchopin kernel: [    0.789194] usb 1-1: Product: QEMU USB Tablet
Oct 10 09:56:24 gchopin kernel: [    0.789309] usb 1-1: Manufacturer: QEMU
Oct 10 09:56:24 gchopin kernel: [    0.789417] usb 1-1: SerialNumber: 28754-0000:00:02.1:00.0-1
Oct 10 09:56:24 gchopin kernel: [    0.789981] input: QEMU QEMU USB Tablet as /devices/pci0000:00/0000:00:02.1/0000:02:00.0/usb1/1-1/1-1:1.0/0003:0627:0001.0001/input/input4
Oct 10 09:56:24 gchopin kernel: [    0.790255] hid-generic 0003:0627:0001.0001: input,hidraw0: USB HID v0.01 Mouse [QEMU QEMU USB Tablet] on usb-0000:02:00.0-1/input0
Oct 10 09:56:24 gchopin kernel: [    0.857431] input: ImExPS/2 Generic Explorer Mouse as /devices/platform/i8042/serio1/input/input3
Oct 10 09:56:24 gchopin kernel: [    0.858067] md: Waiting for all devices to be available before autodetect
Oct 10 09:56:24 gchopin kernel: [    0.858221] md: If you don't use raid, use raid=noautodetect
Oct 10 09:56:24 gchopin kernel: [    0.858350] md: Autodetecting RAID arrays.
Oct 10 09:56:24 gchopin kernel: [    0.858459] md: autorun ...
Oct 10 09:56:24 gchopin kernel: [    0.858551] md: ... autorun DONE.
Oct 10 09:56:24 gchopin kernel: [    0.860338] EXT4-fs (vda3): mounted filesystem 849c14f9-1af6-4c59-be69-708f5a0ca971 ro with ordered data mode. Quota mode: none.
Oct 10 09:56:24 gchopin kernel: [    0.860607] VFS: Mounted root (ext4 filesystem) readonly on device 253:3.
Oct 10 09:56:24 gchopin kernel: [    0.861004] devtmpfs: mounted
Oct 10 09:56:24 gchopin kernel: [    0.861501] Freeing unused kernel image (initmem) memory: 2628K
Oct 10 09:56:24 gchopin kernel: [    0.861653] Write protecting the kernel read-only data: 22528k
Oct 10 09:56:24 gchopin kernel: [    0.861943] Freeing unused kernel image (rodata/data gap) memory: 52K
Oct 10 09:56:24 gchopin kernel: [    0.866376] x86/mm: Checked W+X mappings: passed, no W+X pages found.
Oct 10 09:56:24 gchopin kernel: [    0.866526] Run /sbin/init as init process
Oct 10 09:56:24 gchopin kernel: [    0.866642]   with arguments:
Oct 10 09:56:24 gchopin kernel: [    0.866642]     /sbin/init
Oct 10 09:56:24 gchopin kernel: [    0.866643]   with environment:
Oct 10 09:56:24 gchopin kernel: [    0.866643]     HOME=/
Oct 10 09:56:24 gchopin kernel: [    0.866644]     TERM=linux
Oct 10 09:56:24 gchopin kernel: [    0.866644]     BOOT_IMAGE=/vmlinuz-6.12.0-rc2-gchopin-thor_kernel
Oct 10 09:56:24 gchopin kernel: [    0.919603] stty (95) used greatest stack depth: 13016 bytes left
Oct 10 09:56:24 gchopin kernel: [    0.970658] ip (196) used greatest stack depth: 12600 bytes left
Oct 10 09:56:24 gchopin kernel: <30>[    0.996536] udevd[221]: Starting systemd-udevd version 254
Oct 10 09:56:24 gchopin kernel: <30>[    0.999915] udevd[222]: Using default interface naming scheme 'v253'.
Oct 10 09:56:24 gchopin kernel: [    1.036527] [drm] pci: virtio-vga detected at 0000:00:01.0
Oct 10 09:56:24 gchopin kernel: [    1.036704] virtio-pci 0000:00:01.0: vgaarb: deactivate vga console
Oct 10 09:56:24 gchopin kernel: [    1.040440] Console: switching to colour dummy device 80x25
Oct 10 09:56:24 gchopin kernel: [    1.040550] [drm] features: -virgl +edid -resource_blob -host_visible
Oct 10 09:56:24 gchopin kernel: [    1.040551] [drm] features: -context_init
Oct 10 09:56:24 gchopin kernel: [    1.040969] [drm] number of scanouts: 1
Oct 10 09:56:24 gchopin kernel: [    1.040972] [drm] number of cap sets: 0
Oct 10 09:56:24 gchopin kernel: [    1.041195] [drm] Initialized virtio_gpu 0.1.0 for 0000:00:01.0 on minor 0
Oct 10 09:56:24 gchopin kernel: [    1.042290] fbcon: virtio_gpudrmfb (fb0) is primary device
Oct 10 09:56:24 gchopin kernel: [    1.042413] Console: switching to colour frame buffer device 128x48
Oct 10 09:56:24 gchopin kernel: [    1.045958] virtio-pci 0000:00:01.0: [drm] fb0: virtio_gpudrmfb frame buffer device
Oct 10 09:56:24 gchopin kernel: [    1.250010] Adding 2097148k swap on /dev/vda2.  Priority:1 extents:1 across:2097148k 
Oct 10 09:56:24 gchopin kernel: [    1.262725] EXT4-fs (vda3): re-mounted 849c14f9-1af6-4c59-be69-708f5a0ca971 ro. Quota mode: none.
Oct 10 09:56:24 gchopin kernel: [    1.293773] EXT4-fs (vda3): re-mounted 849c14f9-1af6-4c59-be69-708f5a0ca971 r/w. Quota mode: none.
Oct 10 09:56:24 gchopin kernel: [    1.299612] EXT4-fs (vda1): mounting ext2 file system using the ext4 subsystem
Oct 10 09:56:24 gchopin kernel: [    1.304534] EXT4-fs (vda1): mounted filesystem 69efa423-e957-4dc9-9f2f-ed43e5d4ecfd r/w without journal. Quota mode: none.
Oct 10 09:56:24 gchopin kernel: [    2.282283] 8021q: adding VLAN 0 to HW filter on device eth0
